Archive member included because of file (symbol)

d:/NXP/bstudio_nxp/sdk/JN-SW-4170/Components/Library\libZPSMAC_Mini_JN516x.a(zps_miniMac.o)
                              app_start.o (symbol from plugin) (ZPS_eMiniMacSetTxBuffers)
d:/NXP/bstudio_nxp/sdk/JN-SW-4170/Components/Library\libZPSMAC_Mini_JN516x.a(zps_mac_shim.o)
                              zps_miniMac.o (symbol from plugin) (sThisDeviceMacAddr)
d:/NXP/bstudio_nxp/sdk/JN-SW-4170/Components/Library\libPWRM_JN516x.a(pwrm.o)
                              app_start.o (symbol from plugin) (PWRM_vInit)
d:/NXP/bstudio_nxp/sdk/JN-SW-4170/Components/Library\libPWRM_JN516x.a(pwrm_setjmp_JN516x.o)
                              pwrm.o (symbol from plugin) (setjmp)
d:/NXP/bstudio_nxp/sdk/JN-SW-4170/Components/Library\libPWRM_JN516x.a(pwrm_cold_start.o)
                              (AppColdStart)
d:/NXP/bstudio_nxp/sdk/JN-SW-4170/Components/Library\libPWRM_JN516x.a(pwrm_warm_start.o)
                              (AppWarmStart)
d:/NXP/bstudio_nxp/sdk/JN-SW-4170/Components/Library\libAES_SW_JN516x.a(aes_sw_mmo.o)
                              OTA.o (symbol from plugin) (AESSW_vMMOBlockUpdate)
d:/NXP/bstudio_nxp/sdk/JN-SW-4170/Components/Library\libPDUM_JN516x.a(pdum_nwk.o)
                              zps_miniMac.o (symbol from plugin) (PDUM_eNPduAllocate)
d:/NXP/bstudio_nxp/sdk/JN-SW-4170/Components/Library\libPDUM_JN516x.a(pdum_apl.o)
                              appZdpExtraction.o (symbol from plugin) (PDUM_u16APduInstanceReadNBO)
d:/NXP/bstudio_nxp/sdk/JN-SW-4170/Components/Library\libPDUM_JN516x.a(pdum.o)
                              pdum_nwk.o (symbol from plugin) (PDUM_u16SizeNBO)
d:/NXP/bstudio_nxp/sdk/JN-SW-4170/Components/Library\libZPSAPL_JN516x.a(zps_apl_af.o)
                              app_start.o (symbol from plugin) (ZPS_eAplAfInit)
d:/NXP/bstudio_nxp/sdk/JN-SW-4170/Components/Library\libZPSAPL_JN516x.a(zps_apl_af_apsde.o)
                              zps_gen.o (symbol from plugin) (zps_vHandleApsdeDataFragInd)
d:/NXP/bstudio_nxp/sdk/JN-SW-4170/Components/Library\libZPSAPL_JN516x.a(zps_apl_task.o)
                              zps_apl_af_apsde.o (symbol from plugin) (zps_vAplAfPostEvent)
d:/NXP/bstudio_nxp/sdk/JN-SW-4170/Components/Library\libZPSAPL_JN516x.a(zps_apl_apsde.o)
                              zps_apl_task.o (symbol from plugin) (ZPS_vAplRegisterApsdeDcfmIndCallbacks)
d:/NXP/bstudio_nxp/sdk/JN-SW-4170/Components/Library\libZPSAPL_JN516x.a(zps_apl_apsme.o)
                              zps_apl_task.o (symbol from plugin) (ZPS_vAplRegisterApsmeDcfmIndCallbacks)
d:/NXP/bstudio_nxp/sdk/JN-SW-4170/Components/Library\libZPSAPL_JN516x.a(zps_apl_aps_nlde.o)
                              zps_apl_task.o (symbol from plugin) (zps_vAplApsHandleNldeDcfmInd)
d:/NXP/bstudio_nxp/sdk/JN-SW-4170/Components/Library\libZPSAPL_JN516x.a(zps_apl_sec.o)
                              bdb_DeviceCommissioning.o (symbol from plugin) (zps_pvAesGetKeyFromInstallCode)
d:/NXP/bstudio_nxp/sdk/JN-SW-4170/Components/Library\libZPSAPL_JN516x.a(zps_apl_aib.o)
                              app_Znc_cmds.o (symbol from plugin) (zps_psAplAibGetAib)
d:/NXP/bstudio_nxp/sdk/JN-SW-4170/Components/Library\libZPSAPL_JN516x.a(zps_apl_zdo_nwkmanager.o)
                              zps_apl_apsme.o (symbol from plugin) (zps_vAplSaveRecord)
d:/NXP/bstudio_nxp/sdk/JN-SW-4170/Components/Library\libZPSAPL_JN516x.a(zps_apl_zdo_handle_zdp_event.o)
                              zps_apl_task.o (symbol from plugin) (zps_bAplZdoHandleZdpEvent)
d:/NXP/bstudio_nxp/sdk/JN-SW-4170/Components/Library\libZPSAPL_JN516x.a(zps_apl_zdo_trust_center.o)
                              zps_gen.o (symbol from plugin) (zps_vAplTrustCenterInit)
d:/NXP/bstudio_nxp/sdk/JN-SW-4170/Components/Library\libZPSAPL_JN516x.a(zps_apl_zdo_common.o)
                              zps_apl_zdo_nwkmanager.o (symbol from plugin) (zps_eAplZdoNlmeleaveWrapper)
d:/NXP/bstudio_nxp/sdk/JN-SW-4170/Components/Library\libZPSAPL_JN516x.a(zps_apl_zdo_group.o)
                              app_Znc_cmds.o (symbol from plugin) (zps_eAplZdoGroupEndpointAdd)
d:/NXP/bstudio_nxp/sdk/JN-SW-4170/Components/Library\libZPSAPL_JN516x.a(zps_apl_zdo_default_server.o)
                              zps_gen.o (symbol from plugin) (zps_vAplZdoDefaultServerInit)
d:/NXP/bstudio_nxp/sdk/JN-SW-4170/Components/Library\libZPSAPL_JN516x.a(zps_apl_zdo_bind_manager.o)
                              app_Znc_cmds.o (symbol from plugin) (zps_eAplZdoBind)
d:/NXP/bstudio_nxp/sdk/JN-SW-4170/Components/Library\libZPSAPL_JN516x.a(zps_apl_mac_isr.o)
                              zps_apl_zdo_nwkmanager.o (symbol from plugin) (zps_vAplAfIsrInit)
d:/NXP/bstudio_nxp/sdk/JN-SW-4170/Components/Library\libZPSAPL_JN516x.a(zps_apl_zdo_end_device_bind_server.o)
                              zps_gen.o (symbol from plugin) (zps_vAplZdoEndDeviceBindServerInit)
d:/NXP/bstudio_nxp/sdk/JN-SW-4170/Components/Library\libZPSAPL_JN516x.a(zps_apl_zdo_nwk_addr_server.o)
[...]
Memory Configuration

Name             Origin             Length             Attributes
flash            0x0000000000080000 0x0000000000080000
ram              0x000000000400004c 0x0000000000007fb4
*default*        0x0000000000000000 0xffffffffffffffff

Linker script and memory map

                0x0000000000001770                __stack_size = 0x1770
                0x00000000000007d0                __minimum_heap_size = 0x7d0
START GROUP
LOAD irq_JN516x.o
LOAD portasm_JN516x.o
LOAD port_JN516x.o
LOAD C:\Users\79222\AppData\Local\Temp\ccegOf93.ltrans0.ltrans.o
LOAD C:\Users\79222\AppData\Local\Temp\ccegOf93.ltrans1.ltrans.o
LOAD C:\Users\79222\AppData\Local\Temp\ccegOf93.ltrans2.ltrans.o
LOAD C:\Users\79222\AppData\Local\Temp\ccegOf93.ltrans3.ltrans.o
LOAD C:\Users\79222\AppData\Local\Temp\ccegOf93.ltrans4.ltrans.o
LOAD C:\Users\79222\AppData\Local\Temp\ccegOf93.ltrans5.ltrans.o
LOAD C:\Users\79222\AppData\Local\Temp\ccegOf93.ltrans6.ltrans.o
LOAD C:\Users\79222\AppData\Local\Temp\ccegOf93.ltrans7.ltrans.o
LOAD C:\Users\79222\AppData\Local\Temp\ccegOf93.ltrans8.ltrans.o
LOAD C:\Users\79222\AppData\Local\Temp\ccegOf93.ltrans9.ltrans.o
LOAD C:\Users\79222\AppData\Local\Temp\ccegOf93.ltrans10.ltrans.o
LOAD C:\Users\79222\AppData\Local\Temp\ccegOf93.ltrans11.ltrans.o
LOAD C:\Users\79222\AppData\Local\Temp\ccegOf93.ltrans12.ltrans.o
LOAD C:\Users\79222\AppData\Local\Temp\ccegOf93.ltrans13.ltrans.o
LOAD C:\Users\79222\AppData\Local\Temp\ccegOf93.ltrans14.ltrans.o
LOAD C:\Users\79222\AppData\Local\Temp\ccegOf93.ltrans15.ltrans.o
LOAD C:\Users\79222\AppData\Local\Temp\ccegOf93.ltrans16.ltrans.o
LOAD C:\Users\79222\AppData\Local\Temp\ccegOf93.ltrans17.ltrans.o
LOAD C:\Users\79222\AppData\Local\Temp\ccegOf93.ltrans18.ltrans.o
LOAD C:\Users\79222\AppData\Local\Temp\ccegOf93.ltrans19.ltrans.o
LOAD C:\Users\79222\AppData\Local\Temp\ccegOf93.ltrans20.ltrans.o
LOAD C:\Users\79222\AppData\Local\Temp\ccegOf93.ltrans21.ltrans.o
LOAD C:\Users\79222\AppData\Local\Temp\ccegOf93.ltrans22.ltrans.o
LOAD C:\Users\79222\AppData\Local\Temp\ccegOf93.ltrans23.ltrans.o
LOAD C:\Users\79222\AppData\Local\Temp\ccegOf93.ltrans24.ltrans.o
LOAD C:\Users\79222\AppData\Local\Temp\ccegOf93.ltrans25.ltrans.o
LOAD C:\Users\79222\AppData\Local\Temp\ccegOf93.ltrans26.ltrans.o
LOAD C:\Users\79222\AppData\Local\Temp\ccegOf93.ltrans27.ltrans.o
LOAD C:\Users\79222\AppData\Local\Temp\ccegOf93.ltrans28.ltrans.o
LOAD C:\Users\79222\AppData\Local\Temp\ccegOf93.ltrans29.ltrans.o
LOAD C:\Users\79222\AppData\Local\Temp\ccegOf93.ltrans30.ltrans.o
LOAD C:\Users\79222\AppData\Local\Temp\ccegOf93.ltrans31.ltrans.o
LOAD d:/nxp/bstudio_nxp/sdk/tools/ba-elf-ba2-r36379/bin/../lib/gcc/ba-elf/4.7.4/../../../../ba-elf/lib/mcpu_jn51xx_sizeopt\libc.a
LOAD d:/nxp/bstudio_nxp/sdk/tools/ba-elf-ba2-r36379/bin/../lib/gcc/ba-elf/4.7.4/mcpu_jn51xx_sizeopt\libgcc.a
LOAD d:/nxp/bstudio_nxp/sdk/tools/ba-elf-ba2-r36379/bin/../lib/gcc/ba-elf/4.7.4/../../../../ba-elf/lib/mcpu_jn51xx_sizeopt\libc.a
LOAD pdum_gen.o
LOAD zps_gen.o
LOAD app_Znc_cmds.o
LOAD app_general_events_handler.o
LOAD app_zcl_event_handler.o
LOAD app_start.o
LOAD SerialLink.o
LOAD uart.o
LOAD pdum_apdu.o
LOAD app_ota_server.o
LOAD app_ahi_commands.o
LOAD ZQueue.o
LOAD ZTimer.o
LOAD Alarms.o
LOAD AlarmsClientCommands.o
LOAD AlarmsCommandHandler.o
LOAD AlarmsServerCommands.o
LOAD AlarmsTableManager.o
LOAD AnalogInputBasic.o
LOAD AnalogOutputBasic.o
LOAD Basic.o
LOAD BasicClientCommands.o
LOAD BasicCommandHandler.o
LOAD BinaryInputBasic.o
LOAD BinaryOutputBasic.o
LOAD DeviceTemperatureConfiguration.o
LOAD Diagnostics.o
LOAD Groups.o
LOAD GroupsClientCommands.o
LOAD GroupsCommandHandler.o
LOAD GroupsServerCommands.o
LOAD GroupsTableManager.o
LOAD Identify.o
LOAD IdentifyClientCommands.o
LOAD IdentifyCommandHandler.o
LOAD IdentifyServerCommands.o
LOAD LevelControl.o
LOAD LevelControlClientCommands.o
LOAD LevelControlCommandHandler.o
LOAD MultistateInputBasic.o
LOAD MultistateOutputBasic.o
LOAD OOSC.o
LOAD OnOff.o
LOAD OnOffCommandHandler.o
LOAD OnOffCommands.o
LOAD PollControl.o
LOAD PollControlClientCommands.o
LOAD PollControlCommandHandler.o
LOAD PollControlServerCommands.o
LOAD PowerConfiguration.o
LOAD PowerProfile.o
LOAD PowerProfileClientCommands.o
LOAD PowerProfileCommandHandler.o
LOAD PowerProfileServerCommands.o
LOAD Scenes.o
LOAD ScenesClientCommands.o
LOAD ScenesClusterManagement.o
LOAD ScenesCommandHandler.o
LOAD ScenesServerCommands.o
LOAD ScenesTableManager.o
LOAD TC.o
LOAD Time.o
LOAD base_device.o
LOAD mains_power_outlet.o
LOAD on_off_output.o
LOAD remote_control.o
LOAD simple_sensor.o
LOAD ElectricalMeasurement.o
LOAD FlowMeasurement.o
LOAD IlluminanceLevelSensing.o
LOAD IlluminanceMeasurement.o
LOAD OccupancySensing.o
LOAD PressureMeasurement.o
LOAD RelativeHumidityMeasurement.o
LOAD TemperatureMeasurement.o
LOAD BallastConfiguration.o
LOAD ColourControl.o
LOAD ColourControlClientCommands.o
LOAD ColourControlCommandHandler.o
LOAD ColourControlConversions.o
LOAD colour_controller.o
LOAD colour_dimmable_light.o
LOAD colour_dimmer_switch.o
LOAD colour_scene_controller.o
LOAD colour_temperature_light.o
LOAD commission_endpoint.o
LOAD control_bridge.o
LOAD dimmable_ballast.o
LOAD dimmable_light.o
LOAD dimmable_plug.o
LOAD dimmer_switch.o
LOAD extended_colour_light.o
LOAD light_level_sensor.o
LOAD light_sensor.o
LOAD non_colour_controller.o
LOAD non_colour_scene_controller.o
LOAD occupancy_sensor.o
LOAD on_off_ballast.o
LOAD on_off_light.o
LOAD on_off_light_switch.o
LOAD on_off_plug.o
LOAD on_off_sensor.o
LOAD Thermostat.o
LOAD ThermostatCommandHandler.o
LOAD ThermostatCommands.o
LOAD ThermostatUIConfig.o
LOAD temperature_sensor.o
LOAD thermostat_device.o
LOAD DoorLock.o
LOAD DoorLockCommandHandler.o
LOAD DoorLockCommands.o
LOAD door_lock.o
LOAD door_lock_controller.o
LOAD IASACE.o
LOAD IASACEClientCommands.o
LOAD IASACECommandHandler.o
LOAD IASACEServerCommands.o
LOAD IASWD.o
LOAD IASWDCommandHandler.o
LOAD IASWDCommands.o
LOAD IASZone.o
LOAD IASZoneCommandHandler.o
LOAD IASZoneCommands.o
LOAD ancillary_control_equipment.o
LOAD control_and_indicating_equipment.o
LOAD warning_device.o
LOAD zone.o
LOAD DRLC.o
LOAD DRLCCommandCanceAlllLoadControlEvents.o
LOAD DRLCCommandCancelLoadControlEvent.o
LOAD DRLCCommandGetScheduledEvents.o
LOAD DRLCCommandHandler.o
LOAD DRLCCommandLoadControlEvent.o
LOAD DRLCCommandReportEventStatus.o
LOAD DRLCCustomCommandResponsesClient.o
LOAD DRLCCustomCommandResponsesServer.o
LOAD DRLCEffectiveTime.o
LOAD DRLCScheduler.o
LOAD DRLCTableManagerNoMutex.o
LOAD DRLCTableManagerServer.o
LOAD DRLCUserEventOptInOut.o
LOAD Price.o
LOAD PriceBlockPeriodTableManager.o
LOAD PriceCalorificValueTableManager.o
LOAD PriceCommandGetBlockPeriod.o
LOAD PriceCommandGetCalorificValue.o
LOAD PriceCommandGetConversionFactor.o
LOAD PriceCommandGetCurrentPrice.o
LOAD PriceCommandGetScheduledPrices.o
LOAD PriceCommandPriceAck.o
LOAD PriceCommandPublishBlockPeriod.o
LOAD PriceCommandPublishBlockPeriodReceive.o
LOAD PriceCommandPublishCalorificValue.o
LOAD PriceCommandPublishCalorificValueReceive.o
LOAD PriceCommandPublishConversionFactor.o
LOAD PriceCommandPublishConversionFactorReceive.o
LOAD PriceCommandPublishPrice.o
LOAD PriceCommandPublishPriceReceive.o
LOAD PriceConversionFactorTableManager.o
LOAD PriceCustomCommandHandler.o
LOAD PriceCustomCommandResponses.o
LOAD PriceScheduler.o
LOAD PriceServerAttributeManager.o
LOAD PriceTableManager.o
LOAD SimpleMetering.o
LOAD SimpleMeteringCommandHandler.o
LOAD SimpleMetering_SendRequest.o
LOAD smart_plug.o
LOAD OTA.o
LOAD OTA_ClientUpgradeManager.o
LOAD OTA_CustomCommandHandler.o
LOAD OTA_CustomReceiveCommands.o
LOAD OTA_ServerUpgradeManager.o
LOAD OTA_client.o
LOAD OTA_common.o
LOAD OTA_server.o
LOAD ApplianceControl.o
LOAD ApplianceControlClientCommands.o
LOAD ApplianceControlCommandHandler.o
LOAD ApplianceControlServerCommands.o
LOAD ApplianceEventsAndAlerts.o
LOAD ApplianceEventsAndAlertsClientCommands.o
LOAD ApplianceEventsAndAlertsCommandHandler.o
LOAD ApplianceEventsAndAlertsServerCommands.o
LOAD ApplianceIdentification.o
LOAD ApplianceStatistics.o
LOAD ApplianceStatisticsClientCommands.o
LOAD ApplianceStatisticsCommandHandler.o
LOAD ApplianceStatisticsServerCommands.o
LOAD home_gateway.o
LOAD white_goods.o
LOAD dlist.o
LOAD zcl.o
LOAD zcl_CustomCommandReceive.o
LOAD zcl_CustomCommandSend.o
LOAD zcl_PDUbufferReadWrite.o
LOAD zcl_PDUbufferReadWriteString.o
LOAD zcl_WriteAttributesRequestHandle.o
LOAD zcl_WriteAttributesRequestSend.o
LOAD zcl_WriteAttributesResponseHandle.o
LOAD zcl_attribute.o
LOAD zcl_buffer.o
LOAD zcl_clusterCommand.o
LOAD zcl_command.o
LOAD zcl_common.o
LOAD zcl_configureReportingCommandHandle.o
LOAD zcl_configureReportingCommandSend.o
LOAD zcl_configureReportingResponseHandle.o
LOAD zcl_defaultResponse.o
LOAD zcl_discoverAttributesExtendedRequestHandle.o
LOAD zcl_discoverAttributesExtendedRequestSend.o
LOAD zcl_discoverAttributesExtendedResponseHandle.o
LOAD zcl_discoverAttributesRequestHandle.o
LOAD zcl_discoverAttributesRequestSend.o
LOAD zcl_discoverAttributesResponseHandle.o
LOAD zcl_discoverCommandsRequestHandle.o
LOAD zcl_discoverCommandsRequestSend.o
LOAD zcl_discoverCommandsResponseHandle.o
LOAD zcl_event.o
LOAD zcl_heap.o
LOAD zcl_library_options.o
LOAD zcl_readAttributesRequestHandle.o
LOAD zcl_readAttributesRequestSend.o
LOAD zcl_readAttributesResponseHandle.o
LOAD zcl_readReportingConfigurationCommandHandle.o
LOAD zcl_readReportingConfigurationCommandSend.o
LOAD zcl_readReportingConfigurationResponseHandle.o
LOAD zcl_reportManager.o
LOAD zcl_reportMaths.o
LOAD zcl_reportScheduler.o
LOAD zcl_reportStringHandling.o
LOAD zcl_reportStructure.o
LOAD zcl_search.o
LOAD zcl_timer.o
LOAD zcl_transmit.o
LOAD bdb_fr.o
LOAD bdb_link_keys.o
LOAD bdb_start.o
LOAD bdb_state_machine.o
LOAD appZpsBeaconHandler.o
LOAD appZdpExtraction.o
LOAD bdb_ns.o
LOAD bdb_nf.o
LOAD bdb_DeviceCommissioning.o
LOAD d:/NXP/bstudio_nxp/sdk/JN-SW-4170/Components/Library\libZPSMAC_Mini_JN516x.a
LOAD d:/NXP/bstudio_nxp/sdk/JN-SW-4170/Components/Library\libPWRM_JN516x.a
LOAD d:/NXP/bstudio_nxp/sdk/JN-SW-4170/Components/Library\libZPSTSV_JN516x.a
LOAD d:/NXP/bstudio_nxp/sdk/JN-SW-4170/Components/Library\libAES_SW_JN516x.a
LOAD d:/NXP/bstudio_nxp/sdk/JN-SW-4170/Components/Library\libPDUM_JN516x.a
LOAD d:/NXP/bstudio_nxp/sdk/JN-SW-4170/Components/Library\libZPSAPL_JN516x.a
LOAD d:/NXP/bstudio_nxp/sdk/JN-SW-4170/Components/Library\libRandom_JN516x.a
LOAD d:/NXP/bstudio_nxp/sdk/JN-SW-4170/Components/Library\libPDM_EEPROM_NO_RTOS_JN516x.a
LOAD d:/NXP/bstudio_nxp/sdk/JN-SW-4170/Components/Library\libDBG_JN516x.a
LOAD d:/NXP/bstudio_nxp/sdk/JN-SW-4170/Components/Library\libZPSNWK_JN516x.a
LOAD d:/NXP/bstudio_nxp/sdk/JN-SW-4170/Components/Library\libMiniMac_JN5169.a
LOAD d:/NXP/bstudio_nxp/sdk/JN-SW-4170/Components/Library\libMiniMacShim_JN516x.a
LOAD d:/NXP/bstudio_nxp/sdk/JN-SW-4170/Components/Library\libMMAC_JN5169.a
LOAD d:/NXP/bstudio_nxp/sdk/JN-SW-4170/Components/Library\libJPT_JN5169.a
LOAD d:/NXP/bstudio_nxp/sdk/JN-SW-4170/Components/Library\libAes_JN516x.a
LOAD d:/NXP/bstudio_nxp/sdk/JN-SW-4170/Components/Library\libHardwareApi_JN5169.a
LOAD d:/NXP/bstudio_nxp/sdk/JN-SW-4170/Components/Library\libMicroSpecific_JN516x.a
LOAD d:/NXP/bstudio_nxp/sdk/JN-SW-4170/Components/Library\libBoot_JN516x.a
LOAD d:/NXP/bstudio_nxp/sdk/JN-SW-4170/Platform/DK4/Library\libBoardLib_JN516x.a
LOAD d:/nxp/bstudio_nxp/sdk/tools/ba-elf-ba2-r36379/bin/../lib/gcc/ba-elf/4.7.4/../../../../ba-elf/lib/mcpu_jn51xx_sizeopt\libm.a
END GROUP
LOAD d:/nxp/bstudio_nxp/sdk/tools/ba-elf-ba2-r36379/bin/../lib/gcc/ba-elf/4.7.4/../../../../ba-elf/lib/mcpu_jn51xx_sizeopt\libc.a
LOAD d:/nxp/bstudio_nxp/sdk/tools/ba-elf-ba2-r36379/bin/../lib/gcc/ba-elf/4.7.4/mcpu_jn51xx_sizeopt\libgcc.a
LOAD d:/nxp/bstudio_nxp/sdk/tools/ba-elf-ba2-r36379/bin/../lib/gcc/ba-elf/4.7.4/../../../../ba-elf/lib/mcpu_jn51xx_sizeopt\libc.a
                0x0000000000080038                exception_vsr_table = 0x80038
                0x0000000004000000                pSPIflashFncTable = 0x4000000
                0x0000000000000044                restore_state = 0x44
                0x000000000000004a                bZSPIWaitWIPClear = 0x4a
                0x0000000000000050                u16ZSPIflashRDID = 0x50
                0x0000000000000056                u8SelectFlashChipType = 0x56
                0x000000000000005c                memcpy = 0x5c
                0x0000000000000066                vBootFlashProg = 0x66
                [0x00000000000007d0]                __minimum_heap_size = DEFINED (__minimum_heap_size)?__minimum_heap_size:0xd16
                [0x0000000000001770]                __stack_size = DEFINED (__stack_size)?__stack_size:0x800
                0x0000000000000000                _SwConfig = (DEFINED (g_bSWConf_Debug) | (DEFINED (g_bSWConf_AltDebugPort) << 0x1))

.version        0x000000000007fffc        0x4
                0x000000000007fffc        0x4 LONG 0xf03000b

.bir            0x0000000000080000       0x10
                0x0000000000080000                _flash_start = ABSOLUTE (.)
                0x0000000000080000                _flash_beg = ABSOLUTE (.)
                0x0000000000080000        0x4 LONG 0x12345678
                0x0000000000080004        0x4 LONG 0x11223344
                0x0000000000080008        0x4 LONG 0x55667788
                0x000000000008000c        0x1 BYTE 0x8
                0x000000000008000d        0x1 BYTE 0x1
                0x000000000008000e        0x2 SHORT 0x0

.flashheader    0x0000000000080010       0x28
                0x0000000000080010        0x4 LONG 0x0
                0x0000000000080014        0x4 LONG 0x0
                0x0000000000080018        0x4 LONG 0x0
                0x000000000008001c        0x2 SHORT 0x0
                0x000000000008001e        0x2 SHORT 0x0 ABSOLUTE (_SwConfig)
                0x0000000000080020                _enc_start = ABSOLUTE (.)
                0x0000000000080020        0x4 LONG 0x2bf74 ABSOLUTE (_image_len)
                0x0000000000080024        0x4 LONG 0xab930 ABSOLUTE (_flash_data_start)
                0x0000000000080028        0x2 SHORT 0x13 ((ABSOLUTE (_ram_data_start) / 0x4) & 0xffff)
                0x000000000008002a        0x2 SHORT 0x191 ((ABSOLUTE (_ram_data_len) / 0x4) & 0xffff)
                0x000000000008002c        0x2 SHORT 0x1a4 ((ABSOLUTE (_bss_start) / 0x4) & 0xffff)
                0x000000000008002e        0x2 SHORT 0x1398 ((ABSOLUTE (_bss_len) / 0x4) & 0xffff)
                0x0000000000080030        0x4 LONG 0xab0a5 ABSOLUTE (AppWarmStart)
                0x0000000000080034        0x4 LONG 0x89c48 ABSOLUTE (AppColdStart)
                0x0000000000000000                _enc_offset = (_enc_start & 0xf)

.ro_mac_address
                0x0000000000080040       0x10
                0x0000000000080040                _FlsMACAddress = ABSOLUTE (.)
 *(.ro_mac_address)
 .ro_mac_address
                0x0000000000080040        0x8 C:\Users\79222\AppData\Local\Temp\ccegOf93.ltrans5.ltrans.o
                0x0000000000080050                . = ALIGN (0x10)
 *fill*         0x0000000000080048        0x8 00

.ro_ota_header  0x0000000000080050       0x50
                0x0000000000080050                _FlsOtaHeader = ABSOLUTE (.)
 *(.ro_ota_header)
 .ro_ota_header
                0x0000000000080050       0x45 C:\Users\79222\AppData\Local\Temp\ccegOf93.ltrans5.ltrans.o
                0x00000000000800a0                . = ALIGN (0x10)
 *fill*         0x0000000000080095        0xb 00

.ro_se_lnkKey   0x00000000000800a0        0x0
                0x00000000000800a0                _FlsLinkKey = ABSOLUTE (.)
 *(.ro_se_lnkKey)
                0x00000000000800a0                . = ALIGN (0x10)

.rodata         0x00000000000800a0     0x1053
 *(.rodata*)
 .rodata.str1.1
                0x00000000000800a0       0xb6 C:\Users\79222\AppData\Local\Temp\ccegOf93.ltrans0.ltrans.o
                                         0xd2 (size before relaxing)
 .rodata        0x0000000000080156       0x4f C:\Users\79222\AppData\Local\Temp\ccegOf93.ltrans0.ltrans.o
 .rodata.str1.1
                0x0000000000000000       0xb6 C:\Users\79222\AppData\Local\Temp\ccegOf93.ltrans1.ltrans.o
                                          0x3 (size before relaxing)
 *fill*         0x00000000000801a5        0x3 00
 .rodata        0x00000000000801a8       0x88 C:\Users\79222\AppData\Local\Temp\ccegOf93.ltrans1.ltrans.o
                0x00000000000801a8                au8FlashWaitStatesHSRCO.223667
                0x00000000000801b0                au8FlashWaitStates32MXO.223666
 .rodata.str1.1
                0x0000000000000000       0xb6 C:\Users\79222\AppData\Local\Temp\ccegOf93.ltrans2.ltrans.o
                                          0xb (size before relaxing)
 .rodata        0x0000000000080230       0x20 C:\Users\79222\AppData\Local\Temp\ccegOf93.ltrans2.ltrans.o
 .rodata.str1.1
                0x0000000000080250       0x67 C:\Users\79222\AppData\Local\Temp\ccegOf93.ltrans3.ltrans.o
                                         0x75 (size before relaxing)
 *fill*         0x00000000000802b7        0x1 00
 .rodata        0x00000000000802b8      0x650 C:\Users\79222\AppData\Local\Temp\ccegOf93.ltrans3.ltrans.o
                0x00000000000802b8                au32UartAddrOffset
                0x00000000000802c0                zps_pacNwkFrmStdByteFmt
                0x00000000000802c4                zps_pacNwkFrmStdLongFmt
                0x00000000000802c8                zps_pacNwkFrmStdHalfFmt
                0x00000000000802cc                zps_g_pvApl
                0x00000000000802d0                pwrm_psWakeupCallbacks
 .rodata.str1.1
                0x0000000000080908        0x3 C:\Users\79222\AppData\Local\Temp\ccegOf93.ltrans4.ltrans.o
                                          0x7 (size before relaxing)
 .rodata        0x000000000008090b        0xc C:\Users\79222\AppData\Local\Temp\ccegOf93.ltrans4.ltrans.o
 .rodata.str1.1
                0x0000000000080917        0x6 C:\Users\79222\AppData\Local\Temp\ccegOf93.ltrans5.ltrans.o
                                          0xe (size before relaxing)
 .rodata.str1.1
                0x000000000008091d       0x97 C:\Users\79222\AppData\Local\Temp\ccegOf93.ltrans6.ltrans.o
                                         0x9f (size before relaxing)
 .rodata        0x00000000000809b4       0x10 C:\Users\79222\AppData\Local\Temp\ccegOf93.ltrans6.ltrans.o
 .rodata.str1.1
                0x00000000000809c4       0x6d C:\Users\79222\AppData\Local\Temp\ccegOf93.ltrans7.ltrans.o
                                         0x88 (size before relaxing)
 .rodata.str1.1
                0x0000000000080a31       0x54 C:\Users\79222\AppData\Local\Temp\ccegOf93.ltrans8.ltrans.o
                                         0x70 (size before relaxing)
 *fill*         0x0000000000080a85        0x1 00
 .rodata        0x0000000000080a86      0x108 C:\Users\79222\AppData\Local\Temp\ccegOf93.ltrans8.ltrans.o
                0x0000000000080b8d                u8MacNwkTriesTimeout
 .rodata.str1.1
                0x0000000000000000        0x6 C:\Users\79222\AppData\Local\Temp\ccegOf93.ltrans9.ltrans.o
 *fill*         0x0000000000080b8e        0x2 00
 .rodata        0x0000000000080b90      0x1bc C:\Users\79222\AppData\Local\Temp\ccegOf93.ltrans9.ltrans.o
 .rodata.str1.1
                0x0000000000080d4c        0x6 C:\Users\79222\AppData\Local\Temp\ccegOf93.ltrans10.ltrans.o
 *fill*         0x0000000000080d52        0x2 00
 .rodata        0x0000000000080d54       0x18 C:\Users\79222\AppData\Local\Temp\ccegOf93.ltrans10.ltrans.o
                0x0000000000080d54                au32NwkPdmRecordOffsets
 .rodata.str1.1
                0x0000000000080d6c       0x11 C:\Users\79222\AppData\Local\Temp\ccegOf93.ltrans11.ltrans.o
                                         0x24 (size before relaxing)
 .rodata.str1.1
                0x0000000000080d7d       0x1e C:\Users\79222\AppData\Local\Temp\ccegOf93.ltrans13.ltrans.o
 .rodata.str1.1
                0x0000000000000000        0x8 C:\Users\79222\AppData\Local\Temp\ccegOf93.ltrans14.ltrans.o
 .rodata.str1.1
                0x0000000000080d9b        0xe C:\Users\79222\AppData\Local\Temp\ccegOf93.ltrans15.ltrans.o
                                         0x11 (size before relaxing)
 .rodata.str1.1
                0x0000000000080da9       0x21 C:\Users\79222\AppData\Local\Temp\ccegOf93.ltrans16.ltrans.o
                                         0x58 (size before relaxing)
 .rodata.str1.1
                0x0000000000080dca       0x1c C:\Users\79222\AppData\Local\Temp\ccegOf93.ltrans17.ltrans.o
 *fill*         0x0000000000080de6        0x2 00
 .rodata        0x0000000000080de8      0x114 C:\Users\79222\AppData\Local\Temp\ccegOf93.ltrans17.ltrans.o
                0x0000000000080de8                gu32ZCLVersion
                0x0000000000080dec                ZPS_g_u32MacVersion
                0x0000000000080df0                PDUM_g_u32Version
                0x0000000000080df4                ZPS_g_u32TsvVersion
 .rodata.str1.1
                0x0000000000080efc       0x1c C:\Users\79222\AppData\Local\Temp\ccegOf93.ltrans19.ltrans.o
                                         0x22 (size before relaxing)
 .rodata        0x0000000000080f18       0x7c C:\Users\79222\AppData\Local\Temp\ccegOf93.ltrans19.ltrans.o
                0x0000000000080f18                s_aprActvStHandleCme.211133
                0x0000000000080f3c                s_aprIdleStHandleCme.215030
                0x0000000000080f50                u32ScanAttemptDelayTime
                0x0000000000080f54                au32EndDeviceTimeoutConstants
                0x0000000000080f90                g_u32ApsFcSaveCountBitShift
 .rodata.str1.1
                0x0000000000000000        0x3 C:\Users\79222\AppData\Local\Temp\ccegOf93.ltrans21.ltrans.o
 .rodata        0x0000000000080f94       0x58 C:\Users\79222\AppData\Local\Temp\ccegOf93.ltrans21.ltrans.o
                0x0000000000080f94                g_u32NwkFcSaveCountBitShift
                0x0000000000080f98                u8MaxZpsConfigEp
                0x0000000000080f99                au8EpMapPresent
                0x0000000000080f9c                s_groupPdmTable
 .rodata.str1.1
                0x0000000000080fec       0x8f C:\Users\79222\AppData\Local\Temp\ccegOf93.ltrans22.ltrans.o
                                         0xc0 (size before relaxing)
 .rodata.str1.1
                0x000000000008107b       0x21 C:\Users\79222\AppData\Local\Temp\ccegOf93.ltrans23.ltrans.o
                                         0x5d (size before relaxing)
 .rodata.str1.1
                0x000000000008109c        0xa C:\Users\79222\AppData\Local\Temp\ccegOf93.ltrans24.ltrans.o
                                         0x10 (size before relaxing)
 .rodata.str1.1
                0x00000000000810a6       0x44 C:\Users\79222\AppData\Local\Temp\ccegOf93.ltrans25.ltrans.o
 .rodata.str1.1
                0x0000000000000000        0xd C:\Users\79222\AppData\Local\Temp\ccegOf93.ltrans26.ltrans.o
 .rodata.str1.1
                0x00000000000810ea        0x9 C:\Users\79222\AppData\Local\Temp\ccegOf93.ltrans30.ltrans.o

.text           0x00000000000810f4    0x2a83a
 *(.text*)
 .text          0x00000000000810f4       0x50 irq_JN516x.o
                0x00000000000810f4                PIC_ChannelPriorities
                0x0000000000081104                PIC_SwVectTable
 .text          0x0000000000081144       0xd0 portasm_JN516x.o
                0x0000000000081144                OSMIUM_HwVectTable
                0x0000000000081180                vExternalException
 .text          0x0000000000081214     0x46d4 C:\Users\79222\AppData\Local\Temp\ccegOf93.ltrans0.ltrans.o
                0x0000000000081214                APP_vProcessIncomingSerialCommands
 .text          0x00000000000858e8     0x1f54 C:\Users\79222\AppData\Local\Temp\ccegOf93.ltrans1.ltrans.o
                0x00000000000859c3                ZPS_u16NwkNibFindNwkAddr
                0x0000000000085a69                zps_vSendJoinDcfm
                0x0000000000085aaf                u8PDM_CalculateLargestDataRecordStored
                0x0000000000085ae0                iPDM_FilterDuplicateAppendedSegmentsOnList.200389
                0x0000000000085b24                ZPS_bIsMacAddressUsedInApsTable
                0x0000000000085be3                eCLD_GroupsCheckGroupExists
                0x0000000000085c50                ZPS_eTsvOpen
                0x0000000000085c6a                zps_vNwkBttMgrInit
                0x0000000000085c98                vMicroIntEnableOnly.constprop.239
                0x0000000000085cc4                PDM_vEnterCriticalSection
                0x0000000000085cf2                vAHI_SpiRestoreConfiguration.constprop.209
                0x0000000000085d33                vAHI_SpiReadConfiguration.constprop.206
                0x0000000000085d64                vConfigureSpi
                0x0000000000085da4                bAHI_FullFlashRead
                0x0000000000085de7                vOtaFlashRead
                0x0000000000085de9                bAHI_FlashInit.constprop.205
                0x0000000000085f60                vOtaFlashInitHw
                0x0000000000085f62                AESSW_vMMOFinalUpdate
                0x0000000000086025                AESSW_vHMAC_MMO.constprop.168
                0x00000000000860bf                zps_pvAesGetKeyFromInstallCode
                0x0000000000086146                zps_vAplSecSetInitialSecurityState
                0x000000000008621a                vMiniMac_MLME_SetReq_PanId
                0x0000000000086257                vMiniMac_MLME_SetReq_ShortAddr
                0x0000000000086265                vACI_OptimisedCcmStar.constprop.173
                0x0000000000086451                zps_eNwkRtDiscMatch.constprop.170
                0x00000000000864a4                eCLD_IdentifyRegisterTimeServer.part.0.14400
                0x00000000000864e7                pvZCL_HeapAlloc.part.0.95009.constprop.96
                0x0000000000086521                ZTIMER_eOpen.constprop.90
                0x0000000000086563                vAHI_UartConfigureFIFOs.part.5.224014.constprop.28
                0x00000000000865d0                psSearchList.81255.constprop.16
                0x00000000000865f2                zps_bAplZdoServerHandleConfirmAcks.constprop.3
                0x000000000008663c                zps_bAplZdoSimpleDescServer
                0x00000000000868b9                zps_bAplZdoMgmtRtgServer
                0x0000000000086a27                zps_bAplZdoMgmtLqiServer
                0x0000000000086cad                ZPS_eTsvStop
                0x0000000000086ce4                zps_vAplApsStopPollTimer
                0x0000000000086d73                eEdTimeoutRequestDataDcfm.203597
                0x0000000000086d94                pvHeap_Alloc
                0x0000000000086d97                ZPS_eMiniMacSetTxBuffers
                0x0000000000086dd4                vMicroIntRestoreState
                0x0000000000086de0                vSetChannelAndPower
                0x0000000000086f80                vMiniMac_PLME_SetReq_Power
                0x0000000000086f94                vMiniMac_PLME_SetReq_Channel
                0x0000000000086f9c                TSV_eStart
                0x0000000000086fec                ZPS_eTsvStart
                0x0000000000087021                zps_eNwkHandleSceNwkUpdate
                0x0000000000087045                vNwkMcpsSendTimedDfcm
                0x0000000000087089                zps_vNwkJoinStStartResponseTimer
                0x00000000000870c2                zps_vAplApsCheckAndStartPollTimer
                0x000000000008711e                zps_eAplZdoBdrmRequestSend
                0x0000000000087196                vProcessTimedList.204734
                0x00000000000871dc                zps_vNwkMcpsMgrPostTimed
                0x00000000000871ef                zps_vExpireOldRoutes
                0x0000000000087269                zps_eNwkBtrMatch
                0x0000000000087360                ZQ_bQueueReceive
                0x00000000000873d5                ZQ_bQueueSend
                0x0000000000087452                vPostVsMcpsDcfmInd.133372
                0x0000000000087483                vPostMlmeDcfmInd.133358
                0x000000000008754b                zps_vAplAfPostTimerEvent
                0x00000000000875eb                App_TransportKeyCallback
                0x000000000008760a                APP_vGenCallback
                0x0000000000087628                vEnableReceive.222007
                0x000000000008767c                vStartReceive
                0x0000000000087697                ZPS_u8ReleaseMutexLock.constprop.237
                0x00000000000876bc                ZPS_u8GrabMutexLock.constprop.238
                0x00000000000876f7                PDM_vExitCriticalSection
                0x000000000008771a                bAHI_WriteEEPROMfixSegmentData
                0x0000000000087778                bAHI_InitialiseEEPROM
                0x00000000000877c0                iAHI_WriteDataIntoEEPROMsegment.constprop.190
                0x000000000008780e                vAHI_ReadDataFromEEPROMregister
 .text.unlikely
                0x000000000008783c       0xc8 C:\Users\79222\AppData\Local\Temp\ccegOf93.ltrans1.ltrans.o
                0x0000000000087851                vAHI_MemoryHold.223593
 .text          0x0000000000087904     0x2344 C:\Users\79222\AppData\Local\Temp\ccegOf93.ltrans2.ltrans.o
                0x0000000000087904                vMMAC_IntHandlerBbc
                0x000000000008791e                eBasicTxCompleteHandler
                0x0000000000087923                vTxRxTimeout.222002
                0x0000000000087983                eSmeAcScBeaconInd.213123
                0x00000000000879df                eSmeASFlBeaconInd.212958
                0x0000000000087a01                eSmeUDNTScanDcfm.212399
                0x0000000000087a1d                vPermitJoinHandleExpiry.207944
                0x0000000000087a26                vNwkMcpsTimerCallback
                0x0000000000087a40                zps_eSceGenlIllegal
                0x0000000000087a47                zps_eSmeGenlIllegal
                0x0000000000087a4e                DBG_vUartFailedAssert
                0x0000000000087a52                zps_bAplZdoBindRequestServer
                0x0000000000087b79                vZdoEndDeviceBindTimeoutSecondMessage
                0x0000000000087b8d                vPostMcpsDcfmInd.133365
                0x0000000000087b90                psGetVsMcpsBuf.133369
                0x0000000000087b99                psGetMlmeBuf.133355
                0x0000000000087ba2                psGetMcpsBuf.133362
                0x0000000000087bab                zps_vExpireRequestKeyReq.124678
                0x0000000000087c25                zps_bAplZdoEndDeviceBindServer
                0x0000000000087cdd                vLoopbackTimerCallback
                0x0000000000087d0c                vAHI_WriteDataIntoEEPROMregister
                0x0000000000087d3c                iPDM_WriteSegmentHeaderDataIntoEEPROMsegment
                0x0000000000087d6b                u32RaiseDigitalVoltage
                0x0000000000087d8b                u8AHI_WakeTimerFiredStatus
                0x0000000000087d9f                vAHI_WakeTimerStop.part.3.224161
                0x0000000000087dbf                vAHI_UartReset.part.4.223915
                0x0000000000087df7                vAHI_UartSetBaudDivisor.part.1.223895
                0x0000000000087e36                vAHI_OptimiseWaitStates
                0x0000000000087e82                bAHI_GetClkSource
                0x0000000000087e8f                vAHI_SwReset
                0x0000000000087ec0                vAHI_DioSetOutput
                0x0000000000087ed4                vAHI_DioSetDirection
                0x0000000000087ee8                bIssueACIcommand
                0x0000000000087f7e                bACI_WriteKey
                0x0000000000087f8b                vACI_CmdWaitBusy
                0x0000000000087f98                vEcbEncodeStripe.223370
                0x0000000000087fef                vMMAC_SetHighPowerOptions
                0x0000000000087ff2                vRadioToOff
                0x000000000008800f                MAC_u64GetExtAddr
                0x000000000008802a                eAppApiDefPlmeGet.part.0.222308
                0x0000000000088039                psSearchForFrameToSend
                0x0000000000088088                eMiniMac_FrameInProgress
                0x00000000000880b3                vRemoveFromTxQueue
                0x00000000000880ef                vAddToTxQueue
                0x0000000000088125                u8GetHeaderSize
                0x000000000008814d                vMiniMac_PLME_SetReq_CcaMode
                0x0000000000088161                vMiniMac_MLME_SetReq_MaxCsmaBackoffs
                0x0000000000088181                vMiniMac_MLME_SetReq_MaxBe
                0x00000000000881a4                vMiniMac_MLME_SetReq_MinBe
                0x00000000000881c7                zps_psFormatCmdFrameGeneral
                0x0000000000088273                zps_eNwkFormStInit
                0x0000000000088288                bCheckMatchingEntry.213118
                0x00000000000882ae                zps_psNwkSlistRemoveFromHead
                0x00000000000882c5                zps_psNwkSlistRemove
                0x00000000000882fd                zps_bNwkMcpsMgrRemoveDescrFromLists
                0x000000000008833b                zps_vNwkSlistAddToTail
                0x0000000000088355                zps_vNwkMcpsMgrFreeReqDescr
                0x0000000000088382                zps_vNwkRemoveConflictedBroadcast
                0x00000000000883d7                zps_vNwkMcpsMgrTidyBtrReqDescr
                0x000000000008841a                ZPS_pvNwkSecGetNetworkKey
                0x000000000008844e                ZPS_bNwkSecHaveNetworkKey
                0x0000000000088482                ZPS_bNwkSecFindMatSet
                0x00000000000884be                zps_eNwkRctMatchNwkAddr
                0x0000000000088525                ZPS_u8NwkCalcNldeReqOverhead
                0x0000000000088560                zps_vRemoveNextHop
                0x00000000000885fd                zps_vRemoveRoute
                0x000000000008867c                zps_psNwkRtMatchNwkAddr
                0x00000000000886da                ZPS_u64NwkNibGetMappedIeeeAddr
                0x00000000000886fc                ZPS_vNwkSecResetDevice
                0x0000000000088741                ZPS_bNwkNibNtActvMatch
                0x00000000000887f9                ZPS_u64NwkNibFindExtAddr
                0x00000000000888a4                bCheckNwkAddr
                0x00000000000888f2                zps_bAplZdoTrustCenterGetDevicePermissions
                0x000000000008893f                zps_eAplTrustCenterFindDevice
                0x0000000000088983                ZPS_vSetExtendedStatus
                0x0000000000088995                zps_eNwkRtMatch
                0x0000000000088aaf                eAllocateNPDU.112259
                0x0000000000088b12                PDUM_eNPduClone
                0x0000000000088b5e                PDUM_hAPduAllocateAPduInstance
                0x0000000000088bb8                hZCL_AllocateAPduInstance
                0x0000000000088bf5                zps_eAplZdoSendZdpResponse
                0x0000000000088c3e                zps_psApsApsAllocateDcfmRecord
                0x0000000000088cac                zps_u8CalcLinkCost
                0x0000000000088ce8                ZPS_u8NwkNibNtDiscMatch
                0x0000000000088dcc                zps_u64NwkLibFromPayload
                0x0000000000088f69                eSmeAcScBeaconInd.212966
                0x0000000000089071                eSmeUDNTBeaconInd.212942
                0x0000000000089094                zps_vNwkLibU64ToPayload
                0x00000000000890c1                zps_eNwkDcfmIndPost
                0x00000000000890e3                zps_psNwkDcfmIndGetBuf
                0x0000000000089105                zps_eNwkHandleSmePollDcfm
                0x000000000008912f                zps_vSendJoinInd
                0x000000000008919f                vSendDcfm.213653
                0x00000000000891c3                eSmeEdScScanDcfm.212946
                0x000000000008920c                eSmeGenlScanDcfm.212950
                0x000000000008926a                eRouteRequestDataDcfm.209106
                0x00000000000892be                eNldeDataDcfm.206936
                0x00000000000892ee                zps_vSendNwkStatusInd
                0x000000000008931f                psSLISTsearch
                0x000000000008935f                psSLISTremove
                0x00000000000893dd                psSLISTgetNext
                0x0000000000089401                bPDM_ImageBitmapRepairCheck
                0x0000000000089429                u8PDM_ReadSequenceNumber
                0x000000000008944c                boSegmentNumberDeleteSearchMatch.199781
                0x0000000000089467                u8PDM_ReadSegmentDataSize
                0x000000000008947b                u32PDM_ReadFileSystemHeaderWearCount
                0x0000000000089491                boSearchForWearCountSubstitute.200444
                0x00000000000894b7                boSearchForWearCountInsertPoint.199360
                0x00000000000894d5                vPDM_WriteFileSystemHeaderWearCount
                0x00000000000894e7                vPDM_ReadBitmapHeader.198389
                0x0000000000089506                RND_u32GetRand256
                0x0000000000089523                zps_vDefaultNwkLayer
                0x00000000000896c3                RND_u32GetRand
                0x00000000000896eb                u16CalculateFailedTxCount.153170
                0x0000000000089715                vZdoIeeeAddrServerSendExtendResponse.part.0.138518
                0x0000000000089776                vZdoNwkAddrServerSendExtendResponse.part.0.137300
                0x00000000000897d7                vReset_StateMachine.136035
                0x000000000008981b                bFindMatch.135992
                0x0000000000089879                vHandleUpdateDeviceIndication.124709
                0x00000000000898a3                u32GetScanChannels.124692
                0x00000000000898ce                zps_vByteCopy.part.2.121018
                0x00000000000898ea                zps_vByteCopy
                0x0000000000089902                bDuplicateCheck.119669
                0x0000000000089a0f                zps_vInitAPSMECmdHdr
                0x0000000000089a48                psApsmeRequestKeyGetHandle
                0x0000000000089aa3                eHandleRemoveNonBroadcastEndpointsFromGroup.119418
                0x0000000000089b1b                eHandleAddEntryToGroupTable.119381
                0x0000000000089b77                bIsBindTableMatch.119358
                0x0000000000089bc8                eRemoveEntryInBindingTable.119386
 .text          0x0000000000089c48     0x1bbc C:\Users\79222\AppData\Local\Temp\ccegOf93.ltrans3.ltrans.o
                0x0000000000089c48                AppColdStart
 .text          0x000000000008b804     0x19c8 C:\Users\79222\AppData\Local\Temp\ccegOf93.ltrans4.ltrans.o
                0x000000000008b804                DBG_iUartGetChar
                0x000000000008b854                DBG_vUartPutch
                0x000000000008b89a                DBG_vUartFlush
                0x000000000008b8c7                vNwkBttTimerExpiry.211181
                0x000000000008bd20                zps_bAplZdoMatchDescServer
                0x000000000008bd69                eOrphanNotificationSent.221706
                0x000000000008bdb2                DBG_vUartInitHardware
                0x000000000008be81                vMiniMac_ReturnTxBufferCallback
                0x000000000008beaa                vPostTxActions.222094
                0x000000000008bee7                ZPS_bSecEncrypt
                0x000000000008c098                zps_vAplApsFragTransmitNotifyApp.117889
                0x000000000008c157                zps_vHandleExtendedDataAckFrame
                0x000000000008c23a                bAHI_FlashEraseSector
                0x000000000008c2b5                vOtaFlashErase
                0x000000000008c2b7                boPDM_IsBitmapSaturated.198425
                0x000000000008c300                zps_psAllocateAndFormatMacHdr
                0x000000000008c63b                zps_psNwkInitCmdFrame
                0x000000000008c6ba                eSendLinkStatusDataDcfm.part.1.202476
                0x000000000008c7ec                ZPS_bSecDecrypt
                0x000000000008c8fe                iPDM_SearchForBufferIdInList
                0x000000000008c933                iPDM_SearchForBufferIdInFileSystem
                0x000000000008c946                iPDM_ReadUserDataFromSegmentWithId
                0x000000000008c97b                PDM_eReadDataFromRecord
                0x000000000008ca01                ZPS_vTcInitFlash.constprop.136
                0x000000000008ca6e                APP_vConfigureDevice
                0x000000000008cb4c                vLoadAplRecord.124754
                0x000000000008cb7a                vLoadNwkRecord.205638
                0x000000000008cbb2                iPDM_SearchForSpecificSegmentInList
                0x000000000008cbe4                zps_u8AplApsConstructAndPostLoopBackDataInd.117933
                0x000000000008cd1d                u8PostUnicastMsgToNHLE.117941
                0x000000000008cd56                zps_psNwkMcpsMgrFindPendingByNwkDstAddr
                0x000000000008cd8c                u16ZCL_APduInstanceWriteNBO
                0x000000000008ce18                u16ZCL_WriteCommandHeader
                0x000000000008ce90                u16ZCL_APduInstanceReadNBO
                0x000000000008cf75                u16ZCL_ReadCommandHeader.part.0.86312
                0x000000000008cfec                u16ZCL_ReadCommandHeader
                0x000000000008cffa                eCLD_OnOffCommandHandler
                0x000000000008d017                u16ZCL_APduInstanceWriteStringNBO.part.0.83397
                0x000000000008d0f3                u16ZCL_APduInstanceReadStringNBO.part.3.83438
 .text          0x000000000008d1cc     0x169a C:\Users\79222\AppData\Local\Temp\ccegOf93.ltrans5.ltrans.o
                0x000000000008d1cc                zps_vNwkHandleCmePermitJoinReq
                0x000000000008d234                zps_vFragmentWindowTimeout.115108
                0x000000000008d31b                boIdValueSearchMatch.199364
                0x000000000008d375                zps_bAplZdoSystemServerDiscoveryServer
                0x000000000008d430                zps_bAplZdoNodeDescServer
                0x000000000008d5ca                zps_bAplZdoPowerDescServer
                0x000000000008d715                zps_bAplZdoActiveEpServer
                0x000000000008d829                vZdoServersInit.2336
                0x000000000008da20                APP_cbToggleLED
                0x000000000008daba                eZCL_GetAttributeTypeSizeFromBuffer
                0x000000000008db31                eCopyFragmentToApdu.isra.0.115153
                0x000000000008dc4d                iPDM_ReadSegmentHeaderDataFromEEPROMsegment
                0x000000000008dca6                iPDM_ReadUserDataFromEEPROMsegment
                0x000000000008dd20                iPDM_ReCalculateWearCountAndChecksumAndWriteFileSystemHeader
                0x000000000008dd6a                vPDM_SetEEPROMandFileSystemValidState
                0x000000000008dd91                iPDM_ReadUserDataFromFileSystemRecord
                0x000000000008ddb1                vPDM_WriteFileSystemRecordAndSegmentDataIntoEEPROMsegment
                0x000000000008ddec                PWRM_vWakeInterruptCallback
                0x000000000008de73                zps_bAplZdpUnpackNodeDescResponse
                0x000000000008df35                u8ZdoBindUnbindServerUnpackApdu
                0x000000000008df84                eOtaFindCluster.constprop.146
                0x000000000008dfcc                eOTA_NewImageLoaded.part.4.75351.constprop.142
                0x000000000008e036                vAppInitOTA
                0x000000000008e110                eOTA_GetOtaHeader.part.9.75364
                0x000000000008e19f                eCLD_GroupsSetIdentifying
                0x000000000008e1e1                u8ZdoEndDeviceBindServerUnpackApdu
                0x000000000008e271                vZdoEndDeviceBindStateIdle
                0x000000000008e599                u16ZCL_GetTxPayloadSize
                0x000000000008e5d1                vMiniMac_ReturnRxBufferCallback
                0x000000000008e5fa                eCLD_GroupsCreateGroups.constprop.116
                0x000000000008e716                ZPS_vNwkNibClearTables
                0x000000000008e82e                vGiveUp.216257
 .text          0x000000000008e866     0x1889 C:\Users\79222\AppData\Local\Temp\ccegOf93.ltrans6.ltrans.o
                0x000000000008e89c                eBeaconReqSent.221710
                0x000000000008e8c3                zps_bAplZdoNwkAddrServer
                0x000000000008ea78                zps_bAplZdoIeeeAddrServer
                0x000000000008edf7                vMiniMac_NextTransaction
                0x000000000008ee61                vPDM_AddFileSystemElementToListInAscendingWearCountOrder
                0x000000000008ef5a                PWRM_vManagePower
                0x000000000008f0a4                vFreePendingReqDescr
                0x000000000008f106                vHandleRouteDiscoveryExpiry.208657
                0x000000000008f161                psGetTxFrameBuffer
                0x000000000008f1b7                psGetAndBuildCoordRealignment
                0x000000000008f20f                eHandleRemoveBroadcastEndpointsFromGroup.119377
                0x000000000008f269                bAHI_FullFlashProgram
                0x000000000008f31f                vOtaFlashWrite
                0x000000000008f321                zps_vInitBeaconPayload
                0x000000000008f38f                eZCL_SetReceiveEventAddressStructure
                0x000000000008f40e                eCLD_ThermostatCommandHandler
                0x000000000008f45a                dbg_vPrintfImplNoneVerbose
                0x000000000008f8e1                vShowException
                0x000000000008f9a3                vMiniMac_Init
                0x000000000008fd26                eTransmit
                0x000000000008fe03                SOC_MAC_vHandleMcpsVsReqRsp.constprop.175
                0x000000000008ff84                eBuildAndSend.221714
                0x000000000008fff9                vRetryCcaFailure
                0x000000000009004d                vMiniMac_TxComplete
                0x00000000000900e6                ZPS_vMacPibSetRxOnWhenIdle.constprop.184
 *fill*         0x00000000000900ef        0x1 00
 .text          0x00000000000900f0     0x1a30 C:\Users\79222\AppData\Local\Temp\ccegOf93.ltrans7.ltrans.o
                0x00000000000900f0                ZPS_vNwkMacDataPollRequest
                0x0000000000090248                zps_vNwkHandleCmeRouteDiscoveryReq
                0x00000000000902ce                ZPS_vNwkSaveAllRecords
                0x00000000000902f8                zps_vSaveAllZpsRecords
                0x0000000000090317                APP_vSendJoinedFormEventToHost.part.2.2828
                0x00000000000903a8                APP_vHandleStackEvents
 .text          0x0000000000091b20     0x1ad8 C:\Users\79222\AppData\Local\Temp\ccegOf93.ltrans8.ltrans.o
                0x0000000000091b20                vCLD_IdentifyTimerClickCallback.14393
                0x0000000000091ba8                zps_bAplZdoParentAnnceServer
                0x0000000000091d7a                eLeaveDataDcfmRemoteLeave.217700
                0x0000000000091dc3                zps_vCleanUnAuthenHandleExpiry
                0x0000000000091e30                eUnsolicitedRejoinRspDataDcfm.203562
                0x0000000000091e5b                UART_vSetTxInterrupt
                0x0000000000091f5b                vSL_WriteMessage
                0x0000000000091fe5                app_vFormatAndSendUpdateLists
                0x0000000000092413                vSL_LogSend
                0x0000000000092465                vReportException
                0x0000000000092573                vMiniMac_McpsCallback
                0x00000000000927a6                eMcpsTxCompleteHandler.221034
                0x00000000000927d4                zps_vAplSaveRecord
                0x000000000009286d                zps_eAplApsmeUnBindReqRsp
                0x00000000000928d3                zps_eAplZdoUnbind
                0x0000000000092953                zps_eAplZdoGroupEndpointRemove
                0x00000000000929e4                zps_eAplApsmeRemoveAllGroupsReqRsp
                0x0000000000092a25                zps_eAplAibSetApsChannelMask
                0x0000000000092a38                zps_eAplAibSetApsTrustCenterAddress
                0x0000000000092a4e                zps_vAplTrustCenterInit
                0x0000000000092adc                zps_bNwkFindAddIeeeAddr
                0x0000000000092ce8                vInitUnknownNeighbor.204708.constprop.51
                0x0000000000092d39                zps_bAplZdoTrustCenterSetDevicePermissions
                0x0000000000092df2                zps_eAplZdoAddReplaceLinkKey_W
                0x0000000000092eb1                zps_eNwkHandleSceLinkStatus
                0x0000000000093000                ZPS_bNwkNibAddrMapAddEntry
                0x00000000000931ac                zps_vAgeRouter
                0x00000000000931e5                zps_vCheckActvNtForDuplicate
                0x0000000000093282                eCheckAddrConflict.isra.6.203818
                0x0000000000093318                vAplSecRemoveLinkKey.124803
                0x0000000000093458                ZPS_vRemoveEntryFromAddressMap
                0x00000000000934a1                zps_vJoinInitNtParent
                0x0000000000093580                eSmeOrphScanDcfm.216713
 *fill*         0x00000000000935f8        0x0 00
 .text          0x00000000000935f8     0x1e04 C:\Users\79222\AppData\Local\Temp\ccegOf93.ltrans9.ltrans.o
                0x00000000000936a2                APP_vIdentifyEffectEnd
                0x00000000000936cd                vIncrementFrameCounterInPdm.isra.0.206078
                0x00000000000938a9                zps_eNwkSecEncryptPacket
                0x0000000000093982                vProcessListsForSubmission.204804
                0x0000000000093b97                zps_sNwkNibNtCheckJoin
                0x0000000000093e3a                zps_vNwkHandleCmeDirectJoinReq
                0x0000000000093eb9                zps_eAplApsmeBindReqRsp
                0x0000000000093f93                zps_eAplZdoBind
                0x0000000000094027                eZLO_RegisterControlBridgeEndPoint.constprop.98
                0x000000000009499c                APP_ZCL_cbEndpointCallback.6602
 .text          0x00000000000953fc     0x14e9 C:\Users\79222\AppData\Local\Temp\ccegOf93.ltrans10.ltrans.o
                0x00000000000953fc                vPDM_MoveAllDataFromListToList
                0x0000000000095465                vPDM_MoveAllDataWithBufferIdAndStateFromListToList
                0x00000000000954f0                vPDM_MoveAllDataWithBufferIdFromListToList
                0x0000000000095575                vPDM_DeleteAllSegmentsWithIdFromFileSystemList.constprop.9
                0x00000000000955b7                vPDM_MoveFileRecordFromListToList
                0x00000000000956c6                iPDM_VerifyDataSequenceWithBufferId
                0x000000000009576c                vPDM_MoveRecordToDeAllocList
                0x000000000009578c                vPDM_DeleteAppendedSequence
                0x000000000009582e                iPDM_WriteSegmentHeaderAndData
                0x0000000000095a37                iPDM_SegmentCopyAndAppendData.constprop.210
                0x0000000000095a91                iPDM_ReconstructReplacedDataTable
                0x0000000000095d1e                PDM_eSaveRecordData
                0x0000000000096095                ZPS_vNwkSaveRecord
                0x00000000000960c1                ZPS_vNwkNibSetNwkAddr
                0x00000000000960de                zps_eNwkHandleSceRejnResponse
                0x000000000009613b                ZPS_vNwkNibSetExtPanId
                0x000000000009618d                ZPS_vNwkNibSetKeySeqNum
                0x00000000000961a0                ZPS_vNwkNibSetDepth
                0x00000000000961a8                ZPS_vNwkNibSetUpdateId
                0x00000000000961f0                vSendNetworkUpdate.203550
                0x0000000000096320                ZPS_vNwkNibSetPanId
                0x000000000009633e                ZPS_vNwkNibSetCapabilityInfo
                0x000000000009636b                ZPS_vNwkNibSetChannel
                0x0000000000096383                ZPS_vNwkSaveNt
                0x0000000000096397                ZPS_vNwkPurgeMacAddressAndRelatedEntries
                0x00000000000964a5                ZPS_vNtSetUsedStatus
                0x000000000009654b                zps_vBuildSortedActvNTList
                0x0000000000096609                zps_vTidyActvNtAfterJoin
                0x000000000009669a                eRejoinRspDataDcfm.215515
                0x0000000000096769                vFinish.216703
                0x00000000000967bf                zps_eNwkHandleSmeCommStatusInd
                0x0000000000096870                ZPS_vNwkSaveSecMat
                0x0000000000096884                vPDM_ImageBitmapRepair.199281
 .text          0x00000000000968e5     0x1aeb C:\Users\79222\AppData\Local\Temp\ccegOf93.ltrans11.ltrans.o
                0x00000000000968e5                zps_vNwkMcpsMgrPost
                0x0000000000096909                zps_psNwkInitiateRouteDiscovery
                0x0000000000096bd5                zps_psSendFrm
                0x0000000000096eab                zps_psSendBroadcastFrm.part.0.214308
                0x0000000000096f10                zps_eNwkHandleSceRouteRecord
                0x0000000000096fcd                zps_psSendNetworkStatusCmd
                0x000000000009703a                zps_eDefaultDataDcfm
                0x00000000000971c3                vSendNetworkReport.203546
                0x000000000009729d                zps_eNwkHandleSceNwkEdTimeoutReq
                0x00000000000974a1                zps_eNwkHandleSceRouteRequest
                0x0000000000097903                zps_eNwkHandleSceRouteReply
                0x0000000000097b90                zps_psNwkSendRejoinReqCmd
                0x0000000000097bf9                zps_u8NwkHandleRejoinReq
                0x0000000000097cc2                zps_vProcessLocalAddrConflict
                0x0000000000097d6d                vContinueRejoin.215511
                0x0000000000097e1c                zps_psNwkSendLeaveCmd
                0x0000000000097e84                zps_vNwkSecondTickHandleExpiry
                0x0000000000098038                zps_vNwkHandleCmeLeaveReq
                0x0000000000098106                zps_eNwkHandleSceLeave
                0x0000000000098271                zps_eNwkHandleSdeActvDcfmData
                0x000000000009835d                vMcpsMgrTimeoutExpiry
 *fill*         0x00000000000983d0        0x0 00
 .text          0x00000000000983d0     0x140c C:\Users\79222\AppData\Local\Temp\ccegOf93.ltrans12.ltrans.o
                0x00000000000983d0                vZCL_EventHandler
 .text          0x00000000000997dc      0xfc4 C:\Users\79222\AppData\Local\Temp\ccegOf93.ltrans13.ltrans.o
                0x00000000000997dc                vInitialiseApp.7770
 .text          0x000000000009a7a0     0x1508 C:\Users\79222\AppData\Local\Temp\ccegOf93.ltrans14.ltrans.o
                0x000000000009a94c                vHandleRejoinExpiry.216253
                0x000000000009a9ab                zps_eRejoinDataDcfm
                0x000000000009a9ef                eSmeAsocAssocDcfm.216873
                0x000000000009aa73                eSmeRjPCPollDcfm.216869
                0x000000000009aab4                eSceRjRsRejoinRsp.216837
                0x000000000009ab78                vStartScanTimerExpiry.153166
                0x000000000009abb4                zps_vAplApsPollTimer
                0x000000000009acc2                zps_eNwkHandleSmeOrphanInd
                0x000000000009acd2                zps_sNwkLibSubmitScan
                0x000000000009ad0b                zps_vNwkDiscUpdateNT
                0x000000000009ada9                zps_vNwkHandleCmeNwkJoinReq
                0x000000000009b06d                eSmeEdScScanDcfm.213662
                0x000000000009b0fd                zps_vNwkHandleCmeEdScanReq
                0x000000000009b13c                zps_eNwkSendJoinResponse
                0x000000000009b3a3                zps_eProcessAddrConflict
                0x000000000009b550                ZPS_vNwkNibCheckAndUpdateAddresses
                0x000000000009b5f0                zps_bAplZdoDeviceAnnceServer
                0x000000000009b877                zps_eNwkHandleSceNwkStatus
                0x000000000009ba33                eDiscoverNetworks.124734
                0x000000000009ba8f                eRejoinNetwork.124745
                0x000000000009bb39                eStartNetworkDiscovery.124766
                0x000000000009bba3                zps_eAplZdoStartStack
 .text          0x000000000009bca8     0x12d0 C:\Users\79222\AppData\Local\Temp\ccegOf93.ltrans15.ltrans.o
                0x000000000009bfca                zps_vAplTrustCenterUpdateDevice
                0x000000000009c19a                zps_vAplTrustCenterRequestKey
                0x000000000009c35a                vPostNlmeDcfmInd.115434
                0x000000000009ca99                ZPS_vAplHandleApsdeReqRsp
                0x000000000009ceae                zps_eAplZdpApsdeReqInternal
                0x000000000009cf1d                zps_eAplZdpGenStatusOnlyResponse
 .text          0x000000000009cf78     0x14e0 C:\Users\79222\AppData\Local\Temp\ccegOf93.ltrans16.ltrans.o
                0x000000000009d0ac                vZdoBdrmSendNextTimedRequest
                0x000000000009d33c                zps_bAplZdoBindUnbindServer
                0x000000000009d62f                zps_eZdpMatchDescResponse
                0x000000000009d6c5                zps_eZdpSystemServerDiscoveryResponse
                0x000000000009d734                zps_eAplZdpMgmtLqiResponse
                0x000000000009d844                zps_bAplZdoMgmtBindServer
                0x000000000009da67                zps_eAplZdpMgmtRtgResponse
                0x000000000009dbe0                zps_eZdpNwkAddrResponse
                0x000000000009dcc8                zps_bAplZdoMgmtNWKUpdateServer
                0x000000000009e00d                eAplAfCommonDataReq.113713
                0x000000000009e0c7                eZCL_TransmitDataRequest
 .text          0x000000000009e458     0x1740 C:\Users\79222\AppData\Local\Temp\ccegOf93.ltrans17.ltrans.o
                0x000000000009e458                psGetNlmeBuf.115431
                0x000000000009e461                psGetNldeBuf.115452
                0x000000000009e46a                psGetApsmeBuf.115438
                0x000000000009e470                psGetApsdeBuf.115445
                0x000000000009e589                vMacMlmeCallBackHandler.111487
                0x000000000009e59e                vMacMcpsCallBackHandler.111491
                0x000000000009e5af                eCLD_ColourControlCommandHandler
                0x000000000009e5b4                eCLD_LevelControlCommandHandler
                0x000000000009e5b9                APP_vProfileWideCommandSupportedForCluster
                0x000000000009e5cb                vfExtendedStatusCallBack
                0x000000000009e5ce                APP_ZCL_cbGeneralCallback.6605
                0x000000000009e5d1                zps_vGetZpsMutex
                0x000000000009e5da                bCLD_GroupsSearchForGroup.13290
                0x000000000009e5ff                zps_vAplApsFillAndPostApsAck
                0x000000000009e669                zps_u8AplApsFreeMsgHandle
                0x000000000009e6d3                u8BlocksToSendInWindow.116788
                0x000000000009e725                vFillDataIndStruct.115124
                0x000000000009e783                vFillApduErrorEvent.115117
                0x000000000009e7c6                bCheckProfile.115112
                0x000000000009e804                ZPS_bIsGroupPresent
                0x000000000009e83c                pdum_u16ReadNBO
                0x000000000009e99d                PDUM_u16SizeNBO
                0x000000000009e9fb                PDUM_u16APduInstanceWriteStrNBO
                0x000000000009eb7a                PDUM_u16APduInstanceReadNBO
                0x000000000009ebc5                PDUM_u16APduInstanceWriteNBO
                0x000000000009ec2f                PDUM_thAPduInstanceGetApdu
                0x000000000009ec4a                PDUM_eAPduFreeAPduInstance
                0x000000000009ecb0                PDUM_eAPduInstanceSetPayloadSize
                0x000000000009ecd8                PDUM_eNPduWriteDataFromBuffer
                0x000000000009ed32                PDUM_eNPduWriteDataToBuffer
                0x000000000009ed90                PDUM_eNPduWriteFromBuffer
                0x000000000009edb9                PDUM_eNPduDescend
                0x000000000009eddf                PDUM_eNPduAscend
                0x000000000009ee05                PDUM_eNPduClaimData
                0x000000000009ee72                PDUM_eNPduAppendDataNBO
                0x000000000009eecf                PDUM_eNPduClaimHeader
                0x000000000009eef2                PDUM_eNPduReadHeaderNBO
                0x000000000009ef45                PDUM_eNPduPrependHeaderNBO
                0x000000000009efa0                PDUM_eNPduFree
                0x000000000009effe                PDUM_eNPduInitDescending
                0x000000000009f019                BDB_u8PickChannel
                0x000000000009f076                eZCL_SearchForClusterEntry
                0x000000000009f0da                eZCL_BuildTransmitAddressStructure
                0x000000000009f147                eZCL_SearchForEPentry
                0x000000000009f178                eZCL_SearchForEPentryAndCheckManufacturerId
                0x000000000009f1b6                vZCL_PassEventToUser
                0x000000000009f1e3                eZCL_GetAttributeReportableEntry.part.1.101806
                0x000000000009f286                vZCL_SetDefaultReporting
                0x000000000009f2b8                eZCL_BuildClientTransmitAddressStructure
                0x000000000009f2e9                bValidateCommandWithCommandsFlags.93150
                0x000000000009f332                u8GetTransactionSequenceNumber
                0x000000000009f344                bZCL_CheckManufacturerSpecificCommandFlagMatch
                0x000000000009f362                bZCL_CheckAttributeDirectionFlagMatch
                0x000000000009f386                bZCL_CheckManufacturerSpecificAttributeFlagMatch
                0x000000000009f3a4                eZCL_SearchForAttributeEntry
                0x000000000009f458                eZCL_GetAttributeTypeSize
                0x000000000009f477                u8ZCL_GetAttributeAllignToFourBytesBoundary
                0x000000000009f48c                pvZCL_GetAttributePointer
                0x000000000009f502                vReverseMemcpy.part.2.81929
                0x000000000009f537                vReverseMemcpy
                0x000000000009f54f                sOtaGetHeader
                0x000000000009f65d                u16ZCL_GetStringStructureSize
                0x000000000009f69a                u16ZCL_GetStringAttributeTypeSizeFromBuffer
                0x000000000009f70b                u16ZCL_GetStringSizeAndBufferFromStructure
                0x000000000009f79a                vZCL_InitializeClusterInstance
                0x000000000009f7af                boDLISTisEmpty
                0x000000000009f7c7                vDLISTaddToTail
                0x000000000009f7f5                psDLISTremove
                0x000000000009f858                vOtaFlashLockRead
                0x000000000009f89e                ZTIMER_eStart
                0x000000000009f8fc                ZTIMER_eStop.part.4.8520
                0x000000000009f942                vAPP_ZCL_DeviceSpecific_Init
                0x000000000009f999                App_u16BufferReadNBO
                0x000000000009fac7                APP_u16GetAttributeActualSize
 *fill*         0x000000000009fb98        0x0 00
 .text          0x000000000009fb98     0x1654 C:\Users\79222\AppData\Local\Temp\ccegOf93.ltrans18.ltrans.o
                0x000000000009ff50                vSendMlmeCommStatusFromTxFrame
                0x000000000009ffa6                SOC_MAC_vHandleMlmeVsReqRsp.constprop.193
                0x00000000000a04d0                zps_sNwkStart
                0x00000000000a056f                ZPS_pvNwkCtor.constprop.179
                0x00000000000a088a                eSmeAcScScanDcfm.213657
                0x00000000000a0bb1                zps_vNwkHandleCmeActvStartRouterReq
                0x00000000000a0c48                zps_vNwkHandleCmeSyncReq
                0x00000000000a0c9f                vScanBeaconReceived
                0x00000000000a0cdf                vRunningRxCallback
                0x00000000000a0fdb                vPostDcfm.221725
                0x00000000000a1044                vScanNextChannel.221731
 .text          0x00000000000a11ec     0x1441 C:\Users\79222\AppData\Local\Temp\ccegOf93.ltrans19.ltrans.o
                0x00000000000a11ec                zps_vNwkHandleCmeNwkActvJoinReq
                0x00000000000a1426                zps_eNwkHandleSmeAssocInd
                0x00000000000a1449                zps_eNwkHandleSceRejnRequest
                0x00000000000a14c9                vBbcIntHandler.220590
                0x00000000000a1874                eAssocRespSent.220922
                0x00000000000a1893                zps_vNwkHandleCmeIdleNwkFormReq
                0x00000000000a193b                zps_vReAttemptScanTimerHandleExpiry
                0x00000000000a1993                zps_vNwkHandleCmeNwkDiscReq
                0x00000000000a1a0d                zps_eNwkHandleSmeBeaconNotifyInd
                0x00000000000a1a91                zps_eNwkHandleSceNwkReport
                0x00000000000a1b0f                vTransformKey.isra.0.121013
                0x00000000000a1b70                zps_eAplSecEncryptPacket
                0x00000000000a1c65                ZPS_vNwkHandleNldeReqRsp
                0x00000000000a1f6f                zps_eAplSendApsmeCmdFrame
                0x00000000000a20e0                zps_eAplApsmeTransportKeyReqRsp.constprop.123
                0x00000000000a226f                vNsTclkSendReqKey.107865
                0x00000000000a2350                zps_eAplApsmeUpdateDeviceReqRsp.part.4.119530
                0x00000000000a2498                zps_eAplApsmeRemoveDeviceReqRsp
                0x00000000000a2501                zps_vAplApsmeCmdMgrRetryTimeout.119350
                0x00000000000a252a                zps_eAplZdoGroupEndpointAdd
 *fill*         0x00000000000a262d        0x3 00
 .text          0x00000000000a2630     0x1380 C:\Users\79222\AppData\Local\Temp\ccegOf93.ltrans20.ltrans.o
                0x00000000000a2630                eZCL_CustomCommandSend
                0x00000000000a29aa                eOTA_ServerImageBlockResponse
                0x00000000000a2ad3                eOTA_ServerUpgradeEndResponse
                0x00000000000a2fb6                eOtaCommandHandler
                0x00000000000a32c4                BDB_vRejoinSuccess
                0x00000000000a3323                vNsDiscoverNwk.107869
                0x00000000000a3443                BDB_vRejoinCycle
                0x00000000000a3735                BDB_vRejoinTimerCb
                0x00000000000a373a                vNsTryNwkJoin.isra.0.107871
                0x00000000000a389a                vNsAfterNwkJoin.107859
                0x00000000000a3944                BDB_vNsTimerCb
 .text          0x00000000000a39b0     0x12b3 C:\Users\79222\AppData\Local\Temp\ccegOf93.ltrans21.ltrans.o
                0x00000000000a3b94                vHandleEdTimeoutReqExpiry.203554
                0x00000000000a3c3b                vHandleNwkLocalUpdateAfterBcast.203567
                0x00000000000a3c8f                vHandleNwkRemoteUpdateAfterBcast.203558
                0x00000000000a3ce2                ZPS_vNwkHandleNlmeReqRsp
                0x00000000000a3d5f                ZPS_eAplAfInit
                0x00000000000a43fb                zps_vAplAfPostEvent
                0x00000000000a4917                zps_eAplZdoNlmeleaveWrapper
                0x00000000000a4995                vNsLeaveNwk.107867
                0x00000000000a49c7                zps_eAplZdoNlmePermitJoiningWrapper
                0x00000000000a49ef                zps_bAplZdoPermitJoiningServer
                0x00000000000a4b1e                vChangeChannelTimerExpiry.153162
                0x00000000000a4b7e                eLeaveReset.217686
                0x00000000000a4be9                eLeaveDataDcfmLocalLeave.217691
 *fill*         0x00000000000a4c63        0x1 00
 .text          0x00000000000a4c64     0x12d4 C:\Users\79222\AppData\Local\Temp\ccegOf93.ltrans22.ltrans.o
                0x00000000000a4c64                vPostNldeDcfmInd.115455
                0x00000000000a5e05                ISR_vTickTimer
                0x00000000000a5e3d                APP_isrUart
                0x00000000000a5e97                vStackOverflowHandler
                0x00000000000a5ea3                vAlignmentErrorHandler
                0x00000000000a5eaf                vBusErrorHandler
                0x00000000000a5ebb                vIllegalInstructionHandler
                0x00000000000a5ec7                vUnclaimedException
                0x00000000000a5f04                vUnclaimedInterrupt
                0x00000000000a5f19                vTrapHandler
                0x00000000000a5f28                vGenericHandler
 .text          0x00000000000a5f38     0x1098 C:\Users\79222\AppData\Local\Temp\ccegOf93.ltrans23.ltrans.o
                0x00000000000a5f38                zps_eZdpIeeeAddrResponse
                0x00000000000a6020                zps_eZdpNodeDescResponse
                0x00000000000a60c8                zps_eZdpParentAnnceResponse
                0x00000000000a616a                zps_eZdpPowerDescResponse
                0x00000000000a6207                zps_eZdpSimpleDescResponse
                0x00000000000a6314                zps_eZdpActiveEpResponse
                0x00000000000a63aa                zps_bAplZdoDefaultServer
                0x00000000000a6624                ZPS_vSecondTimerCallback
                0x00000000000a6881                vZdoEndDeviceBindStateWaitSendWithAck
                0x00000000000a6bc0                zps_bAplZdoZdoClient
                0x00000000000a6d5f                zps_eZdpEndDeviceBindResponse
                0x00000000000a6d80                zps_eAplZdpBindResponse
                0x00000000000a6da1                zps_eZdpUnbindResponse
                0x00000000000a6dc2                zps_eZdpMgmtPermitJoiningResponse
                0x00000000000a6de3                zps_eAplZdpRequestApsdeReq
                0x00000000000a6e58                zps_eAplZdpNodeDescRequest.constprop.163
                0x00000000000a6ec5                zps_eAplZdpMgmtPermitJoiningRequest.constprop.133
                0x00000000000a6f65                vNsSendPermitJoin.107857
                0x00000000000a6f9a                zps_eAplZdoStartRouter.constprop.63
 *fill*         0x00000000000a6fd0        0x0 00
 .text          0x00000000000a6fd0     0x102c C:\Users\79222\AppData\Local\Temp\ccegOf93.ltrans24.ltrans.o
                0x00000000000a71ac                vPostApsmeDcfmInd.115441
                0x00000000000a745f                zps_vHandleApsdeDataFragInd
                0x00000000000a7981                zps_eStartFragmentedTransmission
                0x00000000000a7a97                APP_vHandleAppEvents
 .text          0x00000000000a7ffc     0x10e0 C:\Users\79222\AppData\Local\Temp\ccegOf93.ltrans25.ltrans.o
                0x00000000000a7ffc                eZCL_SendDefaultResponse
                0x00000000000a80fb                vZCL_HandleAttributesWriteRequest
                0x00000000000a8583                eSimpleMeteringCommandHandler
                0x00000000000a85af                eZCL_CustomCommandReceive
                0x00000000000a880a                eCLD_BasicCommandHandler
                0x00000000000a8879                eCLD_ScenesCommandHandler
                0x00000000000a8a4b                eCLD_DoorLockCommandHandler
                0x00000000000a8aec                vZCL_HandleCommandsDiscoverRequest.93164
                0x00000000000a8d2f                vZCL_HandleDiscoverCommandsResponse.94292
                0x00000000000a8e39                vZCL_HandleAttributesReadResponse
                0x00000000000a9016                eZCL_SendDiscoverCommandGenericRequest.93226
 .text          0x00000000000a90dc      0xf18 C:\Users\79222\AppData\Local\Temp\ccegOf93.ltrans26.ltrans.o
                0x00000000000a92bc                eCLD_GroupsCommandHandler
                0x00000000000a982e                eCLD_IdentifyCommandHandler
                0x00000000000a99fa                APP_eSendWriteAttributesRequest.constprop.132
                0x00000000000a9e76                eCLD_IASZoneEnrollRespSend
                0x00000000000a9eb7                eCLD_IASZoneCommandHandler
 .text          0x00000000000a9ff4      0x84c C:\Users\79222\AppData\Local\Temp\ccegOf93.ltrans27.ltrans.o
                0x00000000000a9ff4                vMcpsMgrExpiry.204639
                0x00000000000aa057                vMiniMac_MlmeCallback
                0x00000000000aa343                zps_bGetFlashCredential
                0x00000000000aa487                APP_bSendHATransportKey
                0x00000000000aa717                zps_psFindKeyDescr
 .text          0x00000000000aa840      0x40d C:\Users\79222\AppData\Local\Temp\ccegOf93.ltrans28.ltrans.o
                0x00000000000aa840                vAplSecAuthPollTimerExpiry.124686
                0x00000000000aa899                vAplSecAuthTimerExpiry.124682
                0x00000000000aa929                eStartRouter.124772
                0x00000000000aaa12                vHandleNwkKeyTransport.124775
                0x00000000000aab4b                vHandleRemoveDeviceIndication
 .text          0x00000000000aac4d      0x259 C:\Users\79222\AppData\Local\Temp\ccegOf93.ltrans29.ltrans.o
                0x00000000000aacc9                APP_cbTimerZclTick.7767
                0x00000000000aad06                APP_vBdbCallback
                0x00000000000aad5c                vNfRetryNwkFormation.108515
                0x00000000000aadd9                vNfDiscoverNwk.108766
 .text          0x00000000000aaea6      0x1dc C:\Users\79222\AppData\Local\Temp\ccegOf93.ltrans30.ltrans.o
                0x00000000000aaea6                zps_vSendNextFragment.117902
 .text          0x00000000000ab082       0x3f C:\Users\79222\AppData\Local\Temp\ccegOf93.ltrans31.ltrans.o
                0x00000000000ab082                zps_isrMAC
                0x00000000000ab0a5                AppWarmStart
 .text          0x00000000000ab0c1       0x25 d:/nxp/bstudio_nxp/sdk/tools/ba-elf-ba2-r36379/bin/../lib/gcc/ba-elf/4.7.4/../../../../ba-elf/lib/mcpu_jn51xx_sizeopt\libc.a(lib_a-memcmp.o)
                0x00000000000ab0c1                memcmp
 .text          0x00000000000ab0e6       0x19 d:/nxp/bstudio_nxp/sdk/tools/ba-elf-ba2-r36379/bin/../lib/gcc/ba-elf/4.7.4/../../../../ba-elf/lib/mcpu_jn51xx_sizeopt\libc.a(lib_a-memcpy.o)
 .text          0x00000000000ab0ff       0x12 d:/nxp/bstudio_nxp/sdk/tools/ba-elf-ba2-r36379/bin/../lib/gcc/ba-elf/4.7.4/../../../../ba-elf/lib/mcpu_jn51xx_sizeopt\libc.a(lib_a-memset.o)
                0x00000000000ab0ff                memset
 .text          0x00000000000ab111       0x12 d:/nxp/bstudio_nxp/sdk/tools/ba-elf-ba2-r36379/bin/../lib/gcc/ba-elf/4.7.4/../../../../ba-elf/lib/mcpu_jn51xx_sizeopt\libc.a(lib_a-strlen.o)
                0x00000000000ab111                strlen
 .text          0x00000000000ab123       0x2b d:/nxp/bstudio_nxp/sdk/tools/ba-elf-ba2-r36379/bin/../lib/gcc/ba-elf/4.7.4/../../../../ba-elf/lib/mcpu_jn51xx_sizeopt\libc.a(lib_a-strncpy.o)
                0x00000000000ab123                strncpy
 *fill*         0x00000000000ab14e        0x2 00
 .text          0x00000000000ab150      0x204 d:/nxp/bstudio_nxp/sdk/tools/ba-elf-ba2-r36379/bin/../lib/gcc/ba-elf/4.7.4/mcpu_jn51xx_sizeopt\libgcc.a(__udivsi3.o)
                0x00000000000ab150                __udivsi3
 .text          0x00000000000ab354       0x30 d:/nxp/bstudio_nxp/sdk/tools/ba-elf-ba2-r36379/bin/../lib/gcc/ba-elf/4.7.4/mcpu_jn51xx_sizeopt\libgcc.a(__divsi3.o)
                0x00000000000ab354                __divsi3
 .text          0x00000000000ab384      0x1b0 d:/nxp/bstudio_nxp/sdk/tools/ba-elf-ba2-r36379/bin/../lib/gcc/ba-elf/4.7.4/mcpu_jn51xx_sizeopt\libgcc.a(__umodsi3.o)
                0x00000000000ab384                __umodsi3
 .text          0x00000000000ab534       0x24 d:/nxp/bstudio_nxp/sdk/tools/ba-elf-ba2-r36379/bin/../lib/gcc/ba-elf/4.7.4/mcpu_jn51xx_sizeopt\libgcc.a(__modsi3.o)
                0x00000000000ab534                __modsi3
 .text          0x00000000000ab558      0x350 d:/nxp/bstudio_nxp/sdk/tools/ba-elf-ba2-r36379/bin/../lib/gcc/ba-elf/4.7.4/mcpu_jn51xx_sizeopt\libgcc.a(_udivdi3.o)
                0x00000000000ab558                __udivdi3
 *fill*         0x00000000000ab8a8        0x0 00
 .text          0x00000000000ab8a8       0x48 d:/NXP/bstudio_nxp/sdk/JN-SW-4170/Components/Library\libPWRM_JN516x.a(pwrm_setjmp_JN516x.o)
                0x00000000000ab8a8                setjmp
                0x00000000000ab8cc                PWRM_longjmp
 .text          0x00000000000ab8f0       0x27 d:/NXP/bstudio_nxp/sdk/JN-SW-4170/Components/Library\libHardwareApi_JN5169.a(AHI_Interrupt.o)
                0x00000000000ab8f0                vAHI_InterruptSetPriority
                0x00000000000ab90e                vAHI_InterruptSetActivePriorityLevel
 .text.vMicroSyscall
                0x00000000000ab917       0x17 d:/NXP/bstudio_nxp/sdk/JN-SW-4170/Components/Library\libMicroSpecific_JN516x.a(MicroSyscall_ba.o)
                0x00000000000ab917                vMicroSyscall
 .text          0x00000000000ab92e        0x0 d:/NXP/bstudio_nxp/sdk/JN-SW-4170/Components/Library\libZPSAPL_JN516x.a(zps_apl_version_lc.o)
                0x00000000000ab92e                ZPS_APL_Version_3v0
 .text          0x00000000000ab92e        0x0 d:/NXP/bstudio_nxp/sdk/JN-SW-4170/Components/Library\libZPSNWK_JN516x.a(zps_nwk_version_lc.o)
                0x00000000000ab92e                ZPS_NWK_Version_3v0
                0x00000000000ab92e                _flash_end = ABSOLUTE (.)

.rela.dyn       0x00000000000ab930        0x0
 .rela.text     0x0000000000000000        0x0 irq_JN516x.o
 .rela.data     0x0000000000000000        0x0 irq_JN516x.o
 .rela.rodata   0x0000000000000000        0x0 irq_JN516x.o
                0x000000000400004c                . = ORIGIN (ram)

.data           0x000000000400004c      0x644 load address 0x00000000000ab930
                0x000000000400004c                _ram_data_start = ABSOLUTE (.)
 *(.data*)
 .data          0x000000000400004c        0x4 C:\Users\79222\AppData\Local\Temp\ccegOf93.ltrans1.ltrans.o
                0x000000000400004c                u32HeapStart
 .data          0x0000000004000050      0x408 C:\Users\79222\AppData\Local\Temp\ccegOf93.ltrans3.ltrans.o
                0x0000000004000050                s_keyPairTableStorage.2454
                0x0000000004000098                s_sApl.2402
                0x00000000040001e8                u8AhiBaudRate.200665
                0x00000000040001ec                s_sLedState
                0x00000000040001f8                sZllState
 .data          0x0000000004000458        0x4 C:\Users\79222\AppData\Local\Temp\ccegOf93.ltrans4.ltrans.o
                0x0000000004000458                bCanLoopback.118166
 .data          0x000000000400045c        0x2 C:\Users\79222\AppData\Local\Temp\ccegOf93.ltrans6.ltrans.o
 .data          0x000000000400045e        0x6 C:\Users\79222\AppData\Local\Temp\ccegOf93.ltrans8.ltrans.o
 .data          0x0000000004000464      0x188 C:\Users\79222\AppData\Local\Temp\ccegOf93.ltrans9.ltrans.o
                0x0000000004000464                sCLD_Groups
 .data          0x00000000040005ec        0x1 C:\Users\79222\AppData\Local\Temp\ccegOf93.ltrans11.ltrans.o
 *fill*         0x00000000040005ed        0x3 00
 .data          0x00000000040005f0       0x48 C:\Users\79222\AppData\Local\Temp\ccegOf93.ltrans13.ltrans.o
 .data          0x0000000004000638       0x48 C:\Users\79222\AppData\Local\Temp\ccegOf93.ltrans17.ltrans.o
                0x0000000004000638                s_asapduZDPInstances
 .data          0x0000000004000680        0x1 C:\Users\79222\AppData\Local\Temp\ccegOf93.ltrans21.ltrans.o
                0x0000000004000680                u8MiniMacConfig_MaxConcurrentAssocResponses
 .data          0x0000000004000681        0x1 C:\Users\79222\AppData\Local\Temp\ccegOf93.ltrans29.ltrans.o
 *fill*         0x0000000004000682        0x2 00
 .data.s_asAPduPool
                0x0000000004000684        0xc pdum_apdu.o
                0x0000000004000684                pdum_apduZDP
                0x0000000004000684                s_asAPduPool
 *(.data.*)
                0x0000000004000690                . = ALIGN (0x4)
                0x0000000004000690                _ram_data_end = ABSOLUTE (.)

.bss            0x0000000004000690     0x4e60 load address 0x00000000000abf74
                0x0000000004000690                _bss_start = ABSOLUTE (.)
 *(.bss*)
 .bss           0x0000000004000690      0x17c C:\Users\79222\AppData\Local\Temp\ccegOf93.ltrans0.ltrans.o
                0x0000000004000690                u32BackUpApsChannelMask
                0x0000000004000694                u32ScanChannels
                0x0000000004000698                bDoPrimaryScan
                0x000000000400069c                asTclkStruct
                0x00000000040006ec                pfTKDfunc
                0x00000000040006f0                psZCL_Common
                0x00000000040006f4                bBlackListEnable
                0x00000000040006f5                bResetIssued
                0x00000000040006f6                au8LinkRxBuffer
 .bss           0x000000000400080c       0x48 C:\Users\79222\AppData\Local\Temp\ccegOf93.ltrans1.ltrans.o
 .bss.initinboot
                0x0000000004000854        0x1 C:\Users\79222\AppData\Local\Temp\ccegOf93.ltrans1.ltrans.o
 *fill*         0x0000000004000855        0x3 00
 .bss           0x0000000004000858       0x3c C:\Users\79222\AppData\Local\Temp\ccegOf93.ltrans2.ltrans.o
 *fill*         0x0000000004000894        0xc 00
 .bss           0x00000000040008a0     0x2d70 C:\Users\79222\AppData\Local\Temp\ccegOf93.ltrans3.ltrans.o
                0x00000000040008a0                s_sDefaultServerContext.2479
                0x00000000040008a8                s_sEndDeviceBindServerContext.2393
                0x00000000040008e8                s_sParentAnnceServerContext.2394
                0x00000000040008f4                s_sMgmtRtgServerContext.2395
                0x00000000040008fc                s_sPermitJoiningServerContext.2396
                0x0000000004000904                s_sMgmtBindServerContext.2397
                0x000000000400090c                s_sBindRequestServerContext.2398
                0x000000000400094c                s_sBindUnbindServerContext.2400
                0x000000000400097c                s_sMgmtNWKUpdateServerContext.2401
                0x00000000040009bc                s_sMgmtLqiServerContext.2478
                0x00000000040009c4                s_sSimpleDescServerContext.2477
                0x00000000040009cc                s_sMatchDescServerContext.2476
                0x00000000040009d4                s_sPowerDescServerContext.2475
                0x00000000040009dc                s_sNodeDescServerContext.2474
                0x00000000040009e4                s_sSystemServerDiscoveryServerContext.2473
                0x00000000040009ec                s_sIeeeAddrServerContext.2472
                0x00000000040009f4                s_sNwkAddrServerContext.2471
                0x00000000040009fc                s_sActiveEpServerContext.2470
                0x0000000004000a04                s_sDeviceAnnceServerContext.2469
                0x0000000004000a04                s_sZdoClientContext.2468
                0x0000000004000a0c                vFlushFn.200609
                0x0000000004000a10                vPutchFn.200604
                0x0000000004000a14                u8AhiUart.200664
                0x0000000004000a18                prfnbZCLOverrideHandlingEntireProfileCommand.94881
                0x0000000004000a1c                APP_msgSerialTx
                0x0000000004000a34                APP_msgAppEvents
                0x0000000004000a4c                APP_msgBdbEvents
                0x0000000004000a68                u64CallbackMacAddress
                0x0000000004000a70                u8HaModeTimer
                0x0000000004000a71                u8TmrToggleLED
                0x0000000004000a72                u8IdTimer
                0x0000000004000a73                bReportSent.15952.3774
                0x0000000004000a74                sMiniMacPib
                0x0000000004000b10                bCheckChild
                0x0000000004000b14                uMacDcfmInd
                0x0000000004000b40                sZpsIntStore
                0x0000000004000b44                eFR_State
                0x0000000004000b45                eInitState
                0x0000000004000b46                u8TimerBdbNs
                0x0000000004000b47                eNS_State
                0x0000000004000b48                sStartParams
                0x0000000004000b90                eNF_State
                0x0000000004000b98                sBDB
                0x0000000004000bf0                APP_msgSerialRx
                0x0000000004000c08                s_u16ActivityCounter
                0x0000000004000c0c                ZTIMER_sCommon.8561
                0x0000000004000c14                bSetPermitJoinForever
                0x0000000004000c15                u8TickTimer
                0x0000000004000c18                sSet
 .bss           0x0000000004003610       0x38 C:\Users\79222\AppData\Local\Temp\ccegOf93.ltrans4.ltrans.o
 .bss           0x0000000004003648       0x68 C:\Users\79222\AppData\Local\Temp\ccegOf93.ltrans5.ltrans.o
 .bss           0x00000000040036b0       0x18 C:\Users\79222\AppData\Local\Temp\ccegOf93.ltrans6.ltrans.o
                0x00000000040036b0                prIntHandler.223181
                0x00000000040036b4                bAHI_ExtendedTemperatureOperation
                0x00000000040036b8                g_tSpiConfiguration
                0x00000000040036bc                sMiniMacIntStore.111289
 .bss.initinboot
                0x00000000040036c8        0x1 C:\Users\79222\AppData\Local\Temp\ccegOf93.ltrans6.ltrans.o
 .bss           0x00000000040036c9        0x3 C:\Users\79222\AppData\Local\Temp\ccegOf93.ltrans7.ltrans.o
                0x00000000040036c9                u8ApduCount.112499
                0x00000000040036ca                u8MaxApdu.112500
                0x00000000040036cb                u8JoinedDevice
 .bss           0x00000000040036cc       0x28 C:\Users\79222\AppData\Local\Temp\ccegOf93.ltrans8.ltrans.o
                0x00000000040036cc                apvAplPdmRecordsAddress
                0x00000000040036e0                au16AplPdmRecordsSize
                0x00000000040036ea                bIgnoreBroadcast
 .bss           0x00000000040036f4       0x1a C:\Users\79222\AppData\Local\Temp\ccegOf93.ltrans9.ltrans.o
                0x00000000040036f4                au8GroupsAttributeControlBits
                0x00000000040036f6                bTimerRegistered.10142.14451
 .bss           0x000000000400370e       0x1c C:\Users\79222\AppData\Local\Temp\ccegOf93.ltrans10.ltrans.o
                0x000000000400370e                a16NwkPdmRecordSizes
 *fill*         0x000000000400372a        0x2 00
 .bss           0x000000000400372c        0x8 C:\Users\79222\AppData\Local\Temp\ccegOf93.ltrans11.ltrans.o
                0x000000000400372c                g_pfTimerExpiryCallback.202560
 .bss           0x0000000004003734        0x4 C:\Users\79222\AppData\Local\Temp\ccegOf93.ltrans12.ltrans.o
                0x0000000004003734                zps_psNwk
 .bss           0x0000000004003738     0x17d8 C:\Users\79222\AppData\Local\Temp\ccegOf93.ltrans13.ltrans.o
                0x0000000004003738                gu16NumberOfSegments.224625
                0x000000000400373a                u8MaxNpdu.112402
                0x000000000400373b                u8Count.112401
                0x000000000400373c                s_psNPduPoolEnd.112399
                0x0000000004003740                s_psNPduPoolStart.112398
                0x0000000004003744                s_psFreeListHead.112400
                0x0000000004003748                s_asAPduPool.112498
                0x000000000400374c                psNextWake.112154
                0x0000000004003750                s_bWakeTimerActive.112155
                0x0000000004003751                s_ePowerMode.112156
                0x0000000004003754                pfExtendedStatusCallBack.203064
                0x0000000004003758                sControlBridge
 .bss           0x0000000004004f10        0xc C:\Users\79222\AppData\Local\Temp\ccegOf93.ltrans14.ltrans.o
                0x0000000004004f10                sMiniMacPhyPib
 .bss           0x0000000004004f1c       0x10 C:\Users\79222\AppData\Local\Temp\ccegOf93.ltrans15.ltrans.o
                0x0000000004004f1c                psFreeMsgListHead
                0x0000000004004f20                pu8ApsSeq
 .bss           0x0000000004004f2c        0x8 C:\Users\79222\AppData\Local\Temp\ccegOf93.ltrans16.ltrans.o
                0x0000000004004f2c                bDefaultServerIgnoreHandleMgmtUpdate
 .bss           0x0000000004004f34      0x25a C:\Users\79222\AppData\Local\Temp\ccegOf93.ltrans17.ltrans.o
 .bss           0x000000000400518e        0x1 C:\Users\79222\AppData\Local\Temp\ccegOf93.ltrans18.ltrans.o
                0x000000000400518e                u8ScanBeaconsSeen.111349
 *fill*         0x000000000400518f        0x1 00
 .bss           0x0000000004005190       0xd8 C:\Users\79222\AppData\Local\Temp\ccegOf93.ltrans19.ltrans.o
                0x0000000004005190                sScanAttemptTimer
                0x00000000040051ac                pfnDataReqCallback
                0x00000000040051b0                psTimerServerList
                0x00000000040051b4                gMAC_u8MaxBuffers
                0x00000000040051b8                aprTimerCallback
                0x00000000040051d8                au32TimerCounter
                0x00000000040051f8                sMiniMacInternal
                0x0000000004005224                s_prExpireFn.224852
 .bss           0x0000000004005268       0x48 C:\Users\79222\AppData\Local\Temp\ccegOf93.ltrans20.ltrans.o
                0x0000000004005268                psBeaconFilter
                0x000000000400526c                psNwkDescriptors.125400
                0x0000000004005270                g_u8Networks.125401
                0x0000000004005271                bZpsMyLastJoinWasRejoin.125403
                0x0000000004005272                u8TimerBdbRejoin
                0x0000000004005274                sNvmDefsStruct
 .bss           0x00000000040052b0      0x1a4 C:\Users\79222\AppData\Local\Temp\ccegOf93.ltrans21.ltrans.o
                0x00000000040052b0                sThisDeviceMacAddr
                0x00000000040052b8                s_u32x.198365
                0x00000000040052bc                psShadowRxBuffer
                0x00000000040052c0                pvRxStore
                0x00000000040052c4                pvTxStore
                0x00000000040052c8                pasTxFrame
                0x00000000040052cc                g_pvAplHandle
                0x00000000040052d0                s_sDcfmIndMgr.111312
                0x00000000040052d8                prAppMlmeGetBuffer
                0x00000000040052dc                prAppMlmeCallback
                0x00000000040052e0                s_pvAplHandle.112061
                0x00000000040052e4                s_prMcpsCallBack.112059
                0x00000000040052e8                s_prMlmeCallBack.112060
                0x00000000040052ec                u8MiniMac_RunTimeOptions
                0x00000000040052f0                s_groupTablePdmStorage.2570
 .bss           0x0000000004005454        0xc C:\Users\79222\AppData\Local\Temp\ccegOf93.ltrans22.ltrans.o
                0x0000000004005454                psAplDefaultDistributedAPSLinkKey
                0x0000000004005458                psActiveMsgListHead
                0x000000000400545c                bSetTclkFlashFeature
 .bss           0x0000000004005460        0x4 C:\Users\79222\AppData\Local\Temp\ccegOf93.ltrans23.ltrans.o