Archive member included because of file (symbol)

d:/NXP/bstudio_nxp/sdk/JN-SW-4170/Components/Library\libZPSMAC_Mini_JN516x.a(zps_miniMac.o)
                              app_start.o (symbol from plugin) (ZPS_eMiniMacSetTxBuffers)
d:/NXP/bstudio_nxp/sdk/JN-SW-4170/Components/Library\libZPSMAC_Mini_JN516x.a(zps_mac_shim.o)
                              zps_miniMac.o (symbol from plugin) (sThisDeviceMacAddr)
d:/NXP/bstudio_nxp/sdk/JN-SW-4170/Components/Library\libPWRM_JN516x.a(pwrm.o)
                              app_start.o (symbol from plugin) (PWRM_vInit)
d:/NXP/bstudio_nxp/sdk/JN-SW-4170/Components/Library\libPWRM_JN516x.a(pwrm_setjmp_JN516x.o)
                              pwrm.o (symbol from plugin) (setjmp)
d:/NXP/bstudio_nxp/sdk/JN-SW-4170/Components/Library\libPWRM_JN516x.a(pwrm_cold_start.o)
                              (AppColdStart)
d:/NXP/bstudio_nxp/sdk/JN-SW-4170/Components/Library\libPWRM_JN516x.a(pwrm_warm_start.o)
                              (AppWarmStart)
d:/NXP/bstudio_nxp/sdk/JN-SW-4170/Components/Library\libAES_SW_JN516x.a(aes_sw_mmo.o)
                              OTA.o (symbol from plugin) (AESSW_vMMOBlockUpdate)
d:/NXP/bstudio_nxp/sdk/JN-SW-4170/Components/Library\libPDUM_JN516x.a(pdum_nwk.o)
                              zps_miniMac.o (symbol from plugin) (PDUM_eNPduAllocate)
d:/NXP/bstudio_nxp/sdk/JN-SW-4170/Components/Library\libPDUM_JN516x.a(pdum_apl.o)
                              appZdpExtraction.o (symbol from plugin) (PDUM_u16APduInstanceReadNBO)
d:/NXP/bstudio_nxp/sdk/JN-SW-4170/Components/Library\libPDUM_JN516x.a(pdum.o)
                              pdum_nwk.o (symbol from plugin) (PDUM_u16SizeNBO)
d:/NXP/bstudio_nxp/sdk/JN-SW-4170/Components/Library\libZPSAPL_JN516x.a(zps_apl_af.o)
                              app_start.o (symbol from plugin) (ZPS_eAplAfInit)
d:/NXP/bstudio_nxp/sdk/JN-SW-4170/Components/Library\libZPSAPL_JN516x.a(zps_apl_af_apsde.o)
                              zps_gen.o (symbol from plugin) (zps_vHandleApsdeDataFragInd)
d:/NXP/bstudio_nxp/sdk/JN-SW-4170/Components/Library\libZPSAPL_JN516x.a(zps_apl_task.o)
                              zps_apl_af_apsde.o (symbol from plugin) (zps_vAplAfPostEvent)
d:/NXP/bstudio_nxp/sdk/JN-SW-4170/Components/Library\libZPSAPL_JN516x.a(zps_apl_apsde.o)
                              zps_apl_task.o (symbol from plugin) (ZPS_vAplRegisterApsdeDcfmIndCallbacks)
d:/NXP/bstudio_nxp/sdk/JN-SW-4170/Components/Library\libZPSAPL_JN516x.a(zps_apl_apsme.o)
                              zps_apl_task.o (symbol from plugin) (ZPS_vAplRegisterApsmeDcfmIndCallbacks)
d:/NXP/bstudio_nxp/sdk/JN-SW-4170/Components/Library\libZPSAPL_JN516x.a(zps_apl_aps_nlde.o)
                              zps_apl_task.o (symbol from plugin) (zps_vAplApsHandleNldeDcfmInd)
d:/NXP/bstudio_nxp/sdk/JN-SW-4170/Components/Library\libZPSAPL_JN516x.a(zps_apl_sec.o)
                              bdb_DeviceCommissioning.o (symbol from plugin) (zps_pvAesGetKeyFromInstallCode)
d:/NXP/bstudio_nxp/sdk/JN-SW-4170/Components/Library\libZPSAPL_JN516x.a(zps_apl_aib.o)
                              app_Znc_cmds.o (symbol from plugin) (zps_psAplAibGetAib)
d:/NXP/bstudio_nxp/sdk/JN-SW-4170/Components/Library\libZPSAPL_JN516x.a(zps_apl_zdo_nwkmanager.o)
                              zps_apl_apsme.o (symbol from plugin) (zps_vAplSaveRecord)
d:/NXP/bstudio_nxp/sdk/JN-SW-4170/Components/Library\libZPSAPL_JN516x.a(zps_apl_zdo_handle_zdp_event.o)
                              zps_apl_task.o (symbol from plugin) (zps_bAplZdoHandleZdpEvent)
d:/NXP/bstudio_nxp/sdk/JN-SW-4170/Components/Library\libZPSAPL_JN516x.a(zps_apl_zdo_trust_center.o)
                              zps_gen.o (symbol from plugin) (zps_vAplTrustCenterInit)
d:/NXP/bstudio_nxp/sdk/JN-SW-4170/Components/Library\libZPSAPL_JN516x.a(zps_apl_zdo_common.o)
                              zps_apl_zdo_nwkmanager.o (symbol from plugin) (zps_eAplZdoNlmeleaveWrapper)
d:/NXP/bstudio_nxp/sdk/JN-SW-4170/Components/Library\libZPSAPL_JN516x.a(zps_apl_zdo_group.o)
                              app_Znc_cmds.o (symbol from plugin) (zps_eAplZdoGroupEndpointAdd)
d:/NXP/bstudio_nxp/sdk/JN-SW-4170/Components/Library\libZPSAPL_JN516x.a(zps_apl_zdo_default_server.o)
                              zps_gen.o (symbol from plugin) (zps_vAplZdoDefaultServerInit)
d:/NXP/bstudio_nxp/sdk/JN-SW-4170/Components/Library\libZPSAPL_JN516x.a(zps_apl_zdo_bind_manager.o)
                              app_Znc_cmds.o (symbol from plugin) (zps_eAplZdoBind)
d:/NXP/bstudio_nxp/sdk/JN-SW-4170/Components/Library\libZPSAPL_JN516x.a(zps_apl_mac_isr.o)
                              zps_apl_zdo_nwkmanager.o (symbol from plugin) (zps_vAplAfIsrInit)
d:/NXP/bstudio_nxp/sdk/JN-SW-4170/Components/Library\libZPSAPL_JN516x.a(zps_apl_zdo_end_device_bind_server.o)
                              zps_gen.o (symbol from plugin) (zps_vAplZdoEndDeviceBindServerInit)
d:/NXP/bstudio_nxp/sdk/JN-SW-4170/Components/Library\libZPSAPL_JN516x.a(zps_apl_zdo_nwk_addr_server.o)
[...]
Memory Configuration

Name             Origin             Length             Attributes
flash            0x0000000000080000 0x0000000000080000
ram              0x000000000400004c 0x0000000000007fb4
*default*        0x0000000000000000 0xffffffffffffffff

Linker script and memory map

                0x0000000000001770                __stack_size = 0x1770
                0x00000000000007d0                __minimum_heap_size = 0x7d0
START GROUP
LOAD irq_JN516x.o
LOAD portasm_JN516x.o
LOAD port_JN516x.o
LOAD C:\Users\79222\AppData\Local\Temp\ccpqXFrh.ltrans0.ltrans.o
LOAD C:\Users\79222\AppData\Local\Temp\ccpqXFrh.ltrans1.ltrans.o
LOAD C:\Users\79222\AppData\Local\Temp\ccpqXFrh.ltrans2.ltrans.o
LOAD C:\Users\79222\AppData\Local\Temp\ccpqXFrh.ltrans3.ltrans.o
LOAD C:\Users\79222\AppData\Local\Temp\ccpqXFrh.ltrans4.ltrans.o
LOAD C:\Users\79222\AppData\Local\Temp\ccpqXFrh.ltrans5.ltrans.o
LOAD C:\Users\79222\AppData\Local\Temp\ccpqXFrh.ltrans6.ltrans.o
LOAD C:\Users\79222\AppData\Local\Temp\ccpqXFrh.ltrans7.ltrans.o
LOAD C:\Users\79222\AppData\Local\Temp\ccpqXFrh.ltrans8.ltrans.o
LOAD C:\Users\79222\AppData\Local\Temp\ccpqXFrh.ltrans9.ltrans.o
LOAD C:\Users\79222\AppData\Local\Temp\ccpqXFrh.ltrans10.ltrans.o
LOAD C:\Users\79222\AppData\Local\Temp\ccpqXFrh.ltrans11.ltrans.o
LOAD C:\Users\79222\AppData\Local\Temp\ccpqXFrh.ltrans12.ltrans.o
LOAD C:\Users\79222\AppData\Local\Temp\ccpqXFrh.ltrans13.ltrans.o
LOAD C:\Users\79222\AppData\Local\Temp\ccpqXFrh.ltrans14.ltrans.o
LOAD C:\Users\79222\AppData\Local\Temp\ccpqXFrh.ltrans15.ltrans.o
LOAD C:\Users\79222\AppData\Local\Temp\ccpqXFrh.ltrans16.ltrans.o
LOAD C:\Users\79222\AppData\Local\Temp\ccpqXFrh.ltrans17.ltrans.o
LOAD C:\Users\79222\AppData\Local\Temp\ccpqXFrh.ltrans18.ltrans.o
LOAD C:\Users\79222\AppData\Local\Temp\ccpqXFrh.ltrans19.ltrans.o
LOAD C:\Users\79222\AppData\Local\Temp\ccpqXFrh.ltrans20.ltrans.o
LOAD C:\Users\79222\AppData\Local\Temp\ccpqXFrh.ltrans21.ltrans.o
LOAD C:\Users\79222\AppData\Local\Temp\ccpqXFrh.ltrans22.ltrans.o
LOAD C:\Users\79222\AppData\Local\Temp\ccpqXFrh.ltrans23.ltrans.o
LOAD C:\Users\79222\AppData\Local\Temp\ccpqXFrh.ltrans24.ltrans.o
LOAD C:\Users\79222\AppData\Local\Temp\ccpqXFrh.ltrans25.ltrans.o
LOAD C:\Users\79222\AppData\Local\Temp\ccpqXFrh.ltrans26.ltrans.o
LOAD C:\Users\79222\AppData\Local\Temp\ccpqXFrh.ltrans27.ltrans.o
LOAD C:\Users\79222\AppData\Local\Temp\ccpqXFrh.ltrans28.ltrans.o
LOAD C:\Users\79222\AppData\Local\Temp\ccpqXFrh.ltrans29.ltrans.o
LOAD C:\Users\79222\AppData\Local\Temp\ccpqXFrh.ltrans30.ltrans.o
LOAD C:\Users\79222\AppData\Local\Temp\ccpqXFrh.ltrans31.ltrans.o
LOAD d:/nxp/bstudio_nxp/sdk/tools/ba-elf-ba2-r36379/bin/../lib/gcc/ba-elf/4.7.4/../../../../ba-elf/lib/mcpu_jn51xx_sizeopt\libc.a
LOAD d:/nxp/bstudio_nxp/sdk/tools/ba-elf-ba2-r36379/bin/../lib/gcc/ba-elf/4.7.4/mcpu_jn51xx_sizeopt\libgcc.a
LOAD d:/nxp/bstudio_nxp/sdk/tools/ba-elf-ba2-r36379/bin/../lib/gcc/ba-elf/4.7.4/../../../../ba-elf/lib/mcpu_jn51xx_sizeopt\libc.a
LOAD pdum_gen.o
LOAD zps_gen.o
LOAD app_Znc_cmds.o
LOAD app_general_events_handler.o
LOAD app_zcl_event_handler.o
LOAD app_start.o
LOAD SerialLink.o
LOAD uart.o
LOAD pdum_apdu.o
LOAD app_ota_server.o
LOAD app_ahi_commands.o
LOAD ZQueue.o
LOAD ZTimer.o
LOAD Alarms.o
LOAD AlarmsClientCommands.o
LOAD AlarmsCommandHandler.o
LOAD AlarmsServerCommands.o
LOAD AlarmsTableManager.o
LOAD AnalogInputBasic.o
LOAD AnalogOutputBasic.o
LOAD Basic.o
LOAD BasicClientCommands.o
LOAD BasicCommandHandler.o
LOAD BinaryInputBasic.o
LOAD BinaryOutputBasic.o
LOAD DeviceTemperatureConfiguration.o
LOAD Diagnostics.o
LOAD Groups.o
LOAD GroupsClientCommands.o
LOAD GroupsCommandHandler.o
LOAD GroupsServerCommands.o
LOAD GroupsTableManager.o
LOAD Identify.o
LOAD IdentifyClientCommands.o
LOAD IdentifyCommandHandler.o
LOAD IdentifyServerCommands.o
LOAD LevelControl.o
LOAD LevelControlClientCommands.o
LOAD LevelControlCommandHandler.o
LOAD MultistateInputBasic.o
LOAD MultistateOutputBasic.o
LOAD OOSC.o
LOAD OnOff.o
LOAD OnOffCommandHandler.o
LOAD OnOffCommands.o
LOAD PollControl.o
LOAD PollControlClientCommands.o
LOAD PollControlCommandHandler.o
LOAD PollControlServerCommands.o
LOAD PowerConfiguration.o
LOAD PowerProfile.o
LOAD PowerProfileClientCommands.o
LOAD PowerProfileCommandHandler.o
LOAD PowerProfileServerCommands.o
LOAD Scenes.o
LOAD ScenesClientCommands.o
LOAD ScenesClusterManagement.o
LOAD ScenesCommandHandler.o
LOAD ScenesServerCommands.o
LOAD ScenesTableManager.o
LOAD TC.o
LOAD Time.o
LOAD base_device.o
LOAD mains_power_outlet.o
LOAD on_off_output.o
LOAD remote_control.o
LOAD simple_sensor.o
LOAD ElectricalMeasurement.o
LOAD FlowMeasurement.o
LOAD IlluminanceLevelSensing.o
LOAD IlluminanceMeasurement.o
LOAD OccupancySensing.o
LOAD PressureMeasurement.o
LOAD RelativeHumidityMeasurement.o
LOAD TemperatureMeasurement.o
LOAD BallastConfiguration.o
LOAD ColourControl.o
LOAD ColourControlClientCommands.o
LOAD ColourControlCommandHandler.o
LOAD ColourControlConversions.o
LOAD colour_controller.o
LOAD colour_dimmable_light.o
LOAD colour_dimmer_switch.o
LOAD colour_scene_controller.o
LOAD colour_temperature_light.o
LOAD commission_endpoint.o
LOAD control_bridge.o
LOAD dimmable_ballast.o
LOAD dimmable_light.o
LOAD dimmable_plug.o
LOAD dimmer_switch.o
LOAD extended_colour_light.o
LOAD light_level_sensor.o
LOAD light_sensor.o
LOAD non_colour_controller.o
LOAD non_colour_scene_controller.o
LOAD occupancy_sensor.o
LOAD on_off_ballast.o
LOAD on_off_light.o
LOAD on_off_light_switch.o
LOAD on_off_plug.o
LOAD on_off_sensor.o
LOAD Thermostat.o
LOAD ThermostatCommandHandler.o
LOAD ThermostatCommands.o
LOAD ThermostatUIConfig.o
LOAD temperature_sensor.o
LOAD thermostat_device.o
LOAD DoorLock.o
LOAD DoorLockCommandHandler.o
LOAD DoorLockCommands.o
LOAD door_lock.o
LOAD door_lock_controller.o
LOAD IASACE.o
LOAD IASACEClientCommands.o
LOAD IASACECommandHandler.o
LOAD IASACEServerCommands.o
LOAD IASWD.o
LOAD IASWDCommandHandler.o
LOAD IASWDCommands.o
LOAD IASZone.o
LOAD IASZoneCommandHandler.o
LOAD IASZoneCommands.o
LOAD ancillary_control_equipment.o
LOAD control_and_indicating_equipment.o
LOAD warning_device.o
LOAD zone.o
LOAD DRLC.o
LOAD DRLCCommandCanceAlllLoadControlEvents.o
LOAD DRLCCommandCancelLoadControlEvent.o
LOAD DRLCCommandGetScheduledEvents.o
LOAD DRLCCommandHandler.o
LOAD DRLCCommandLoadControlEvent.o
LOAD DRLCCommandReportEventStatus.o
LOAD DRLCCustomCommandResponsesClient.o
LOAD DRLCCustomCommandResponsesServer.o
LOAD DRLCEffectiveTime.o
LOAD DRLCScheduler.o
LOAD DRLCTableManagerNoMutex.o
LOAD DRLCTableManagerServer.o
LOAD DRLCUserEventOptInOut.o
LOAD Price.o
LOAD PriceBlockPeriodTableManager.o
LOAD PriceCalorificValueTableManager.o
LOAD PriceCommandGetBlockPeriod.o
LOAD PriceCommandGetCalorificValue.o
LOAD PriceCommandGetConversionFactor.o
LOAD PriceCommandGetCurrentPrice.o
LOAD PriceCommandGetScheduledPrices.o
LOAD PriceCommandPriceAck.o
LOAD PriceCommandPublishBlockPeriod.o
LOAD PriceCommandPublishBlockPeriodReceive.o
LOAD PriceCommandPublishCalorificValue.o
LOAD PriceCommandPublishCalorificValueReceive.o
LOAD PriceCommandPublishConversionFactor.o
LOAD PriceCommandPublishConversionFactorReceive.o
LOAD PriceCommandPublishPrice.o
LOAD PriceCommandPublishPriceReceive.o
LOAD PriceConversionFactorTableManager.o
LOAD PriceCustomCommandHandler.o
LOAD PriceCustomCommandResponses.o
LOAD PriceScheduler.o
LOAD PriceServerAttributeManager.o
LOAD PriceTableManager.o
LOAD SimpleMetering.o
LOAD SimpleMeteringCommandHandler.o
LOAD SimpleMetering_SendRequest.o
LOAD smart_plug.o
LOAD OTA.o
LOAD OTA_ClientUpgradeManager.o
LOAD OTA_CustomCommandHandler.o
LOAD OTA_CustomReceiveCommands.o
LOAD OTA_ServerUpgradeManager.o
LOAD OTA_client.o
LOAD OTA_common.o
LOAD OTA_server.o
LOAD ApplianceControl.o
LOAD ApplianceControlClientCommands.o
LOAD ApplianceControlCommandHandler.o
LOAD ApplianceControlServerCommands.o
LOAD ApplianceEventsAndAlerts.o
LOAD ApplianceEventsAndAlertsClientCommands.o
LOAD ApplianceEventsAndAlertsCommandHandler.o
LOAD ApplianceEventsAndAlertsServerCommands.o
LOAD ApplianceIdentification.o
LOAD ApplianceStatistics.o
LOAD ApplianceStatisticsClientCommands.o
LOAD ApplianceStatisticsCommandHandler.o
LOAD ApplianceStatisticsServerCommands.o
LOAD home_gateway.o
LOAD white_goods.o
LOAD dlist.o
LOAD zcl.o
LOAD zcl_CustomCommandReceive.o
LOAD zcl_CustomCommandSend.o
LOAD zcl_PDUbufferReadWrite.o
LOAD zcl_PDUbufferReadWriteString.o
LOAD zcl_WriteAttributesRequestHandle.o
LOAD zcl_WriteAttributesRequestSend.o
LOAD zcl_WriteAttributesResponseHandle.o
LOAD zcl_attribute.o
LOAD zcl_buffer.o
LOAD zcl_clusterCommand.o
LOAD zcl_command.o
LOAD zcl_common.o
LOAD zcl_configureReportingCommandHandle.o
LOAD zcl_configureReportingCommandSend.o
LOAD zcl_configureReportingResponseHandle.o
LOAD zcl_defaultResponse.o
LOAD zcl_discoverAttributesExtendedRequestHandle.o
LOAD zcl_discoverAttributesExtendedRequestSend.o
LOAD zcl_discoverAttributesExtendedResponseHandle.o
LOAD zcl_discoverAttributesRequestHandle.o
LOAD zcl_discoverAttributesRequestSend.o
LOAD zcl_discoverAttributesResponseHandle.o
LOAD zcl_discoverCommandsRequestHandle.o
LOAD zcl_discoverCommandsRequestSend.o
LOAD zcl_discoverCommandsResponseHandle.o
LOAD zcl_event.o
LOAD zcl_heap.o
LOAD zcl_library_options.o
LOAD zcl_readAttributesRequestHandle.o
LOAD zcl_readAttributesRequestSend.o
LOAD zcl_readAttributesResponseHandle.o
LOAD zcl_readReportingConfigurationCommandHandle.o
LOAD zcl_readReportingConfigurationCommandSend.o
LOAD zcl_readReportingConfigurationResponseHandle.o
LOAD zcl_reportManager.o
LOAD zcl_reportMaths.o
LOAD zcl_reportScheduler.o
LOAD zcl_reportStringHandling.o
LOAD zcl_reportStructure.o
LOAD zcl_search.o
LOAD zcl_timer.o
LOAD zcl_transmit.o
LOAD bdb_fr.o
LOAD bdb_link_keys.o
LOAD bdb_start.o
LOAD bdb_state_machine.o
LOAD appZpsBeaconHandler.o
LOAD appZdpExtraction.o
LOAD bdb_ns.o
LOAD bdb_nf.o
LOAD bdb_DeviceCommissioning.o
LOAD d:/NXP/bstudio_nxp/sdk/JN-SW-4170/Components/Library\libZPSMAC_Mini_JN516x.a
LOAD d:/NXP/bstudio_nxp/sdk/JN-SW-4170/Components/Library\libPWRM_JN516x.a
LOAD d:/NXP/bstudio_nxp/sdk/JN-SW-4170/Components/Library\libZPSTSV_JN516x.a
LOAD d:/NXP/bstudio_nxp/sdk/JN-SW-4170/Components/Library\libAES_SW_JN516x.a
LOAD d:/NXP/bstudio_nxp/sdk/JN-SW-4170/Components/Library\libPDUM_JN516x.a
LOAD d:/NXP/bstudio_nxp/sdk/JN-SW-4170/Components/Library\libZPSAPL_JN516x.a
LOAD d:/NXP/bstudio_nxp/sdk/JN-SW-4170/Components/Library\libRandom_JN516x.a
LOAD d:/NXP/bstudio_nxp/sdk/JN-SW-4170/Components/Library\libPDM_EEPROM_NO_RTOS_JN516x.a
LOAD d:/NXP/bstudio_nxp/sdk/JN-SW-4170/Components/Library\libDBG_JN516x.a
LOAD d:/NXP/bstudio_nxp/sdk/JN-SW-4170/Components/Library\libZPSNWK_JN516x.a
LOAD d:/NXP/bstudio_nxp/sdk/JN-SW-4170/Components/Library\libMiniMac_JN5169.a
LOAD d:/NXP/bstudio_nxp/sdk/JN-SW-4170/Components/Library\libMiniMacShim_JN516x.a
LOAD d:/NXP/bstudio_nxp/sdk/JN-SW-4170/Components/Library\libMMAC_JN5169.a
LOAD d:/NXP/bstudio_nxp/sdk/JN-SW-4170/Components/Library\libJPT_JN5169.a
LOAD d:/NXP/bstudio_nxp/sdk/JN-SW-4170/Components/Library\libAes_JN516x.a
LOAD d:/NXP/bstudio_nxp/sdk/JN-SW-4170/Components/Library\libHardwareApi_JN5169.a
LOAD d:/NXP/bstudio_nxp/sdk/JN-SW-4170/Components/Library\libMicroSpecific_JN516x.a
LOAD d:/NXP/bstudio_nxp/sdk/JN-SW-4170/Components/Library\libBoot_JN516x.a
LOAD d:/NXP/bstudio_nxp/sdk/JN-SW-4170/Platform/DK4/Library\libBoardLib_JN516x.a
LOAD d:/nxp/bstudio_nxp/sdk/tools/ba-elf-ba2-r36379/bin/../lib/gcc/ba-elf/4.7.4/../../../../ba-elf/lib/mcpu_jn51xx_sizeopt\libm.a
END GROUP
LOAD d:/nxp/bstudio_nxp/sdk/tools/ba-elf-ba2-r36379/bin/../lib/gcc/ba-elf/4.7.4/../../../../ba-elf/lib/mcpu_jn51xx_sizeopt\libc.a
LOAD d:/nxp/bstudio_nxp/sdk/tools/ba-elf-ba2-r36379/bin/../lib/gcc/ba-elf/4.7.4/mcpu_jn51xx_sizeopt\libgcc.a
LOAD d:/nxp/bstudio_nxp/sdk/tools/ba-elf-ba2-r36379/bin/../lib/gcc/ba-elf/4.7.4/../../../../ba-elf/lib/mcpu_jn51xx_sizeopt\libc.a
                0x0000000000080038                exception_vsr_table = 0x80038
                0x0000000004000000                pSPIflashFncTable = 0x4000000
                0x0000000000000044                restore_state = 0x44
                0x000000000000004a                bZSPIWaitWIPClear = 0x4a
                0x0000000000000050                u16ZSPIflashRDID = 0x50
                0x0000000000000056                u8SelectFlashChipType = 0x56
                0x000000000000005c                memcpy = 0x5c
                0x0000000000000066                vBootFlashProg = 0x66
                [0x00000000000007d0]                __minimum_heap_size = DEFINED (__minimum_heap_size)?__minimum_heap_size:0xd16
                [0x0000000000001770]                __stack_size = DEFINED (__stack_size)?__stack_size:0x800
                0x0000000000000000                _SwConfig = (DEFINED (g_bSWConf_Debug) | (DEFINED (g_bSWConf_AltDebugPort) << 0x1))

.version        0x000000000007fffc        0x4
                0x000000000007fffc        0x4 LONG 0xf03000b

.bir            0x0000000000080000       0x10
                0x0000000000080000                _flash_start = ABSOLUTE (.)
                0x0000000000080000                _flash_beg = ABSOLUTE (.)
                0x0000000000080000        0x4 LONG 0x12345678
                0x0000000000080004        0x4 LONG 0x11223344
                0x0000000000080008        0x4 LONG 0x55667788
                0x000000000008000c        0x1 BYTE 0x8
                0x000000000008000d        0x1 BYTE 0x1
                0x000000000008000e        0x2 SHORT 0x0

.flashheader    0x0000000000080010       0x28
                0x0000000000080010        0x4 LONG 0x0
                0x0000000000080014        0x4 LONG 0x0
                0x0000000000080018        0x4 LONG 0x0
                0x000000000008001c        0x2 SHORT 0x0
                0x000000000008001e        0x2 SHORT 0x0 ABSOLUTE (_SwConfig)
                0x0000000000080020                _enc_start = ABSOLUTE (.)
                0x0000000000080020        0x4 LONG 0x2c168 ABSOLUTE (_image_len)
                0x0000000000080024        0x4 LONG 0xabb24 ABSOLUTE (_flash_data_start)
                0x0000000000080028        0x2 SHORT 0x13 ((ABSOLUTE (_ram_data_start) / 0x4) & 0xffff)
                0x000000000008002a        0x2 SHORT 0x191 ((ABSOLUTE (_ram_data_len) / 0x4) & 0xffff)
                0x000000000008002c        0x2 SHORT 0x1a4 ((ABSOLUTE (_bss_start) / 0x4) & 0xffff)
                0x000000000008002e        0x2 SHORT 0x1399 ((ABSOLUTE (_bss_len) / 0x4) & 0xffff)
                0x0000000000080030        0x4 LONG 0xab299 ABSOLUTE (AppWarmStart)
                0x0000000000080034        0x4 LONG 0x89d10 ABSOLUTE (AppColdStart)
                0x0000000000000000                _enc_offset = (_enc_start & 0xf)

.ro_mac_address
                0x0000000000080040       0x10
                0x0000000000080040                _FlsMACAddress = ABSOLUTE (.)
 *(.ro_mac_address)
 .ro_mac_address
                0x0000000000080040        0x8 C:\Users\79222\AppData\Local\Temp\ccpqXFrh.ltrans4.ltrans.o
                0x0000000000080050                . = ALIGN (0x10)
 *fill*         0x0000000000080048        0x8 00

.ro_ota_header  0x0000000000080050       0x50
                0x0000000000080050                _FlsOtaHeader = ABSOLUTE (.)
 *(.ro_ota_header)
 .ro_ota_header
                0x0000000000080050       0x45 C:\Users\79222\AppData\Local\Temp\ccpqXFrh.ltrans4.ltrans.o
                0x00000000000800a0                . = ALIGN (0x10)
 *fill*         0x0000000000080095        0xb 00

.ro_se_lnkKey   0x00000000000800a0        0x0
                0x00000000000800a0                _FlsLinkKey = ABSOLUTE (.)
 *(.ro_se_lnkKey)
                0x00000000000800a0                . = ALIGN (0x10)

.rodata         0x00000000000800a0      0xfb7
 *(.rodata*)
 .rodata.str1.1
                0x00000000000800a0       0x34 C:\Users\79222\AppData\Local\Temp\ccpqXFrh.ltrans0.ltrans.o
                                         0x50 (size before relaxing)
 .rodata        0x00000000000800d4       0x4f C:\Users\79222\AppData\Local\Temp\ccpqXFrh.ltrans0.ltrans.o
 .rodata.str1.1
                0x0000000000000000       0x34 C:\Users\79222\AppData\Local\Temp\ccpqXFrh.ltrans1.ltrans.o
                                          0x8 (size before relaxing)
 *fill*         0x0000000000080123        0x1 00
 .rodata        0x0000000000080124       0x30 C:\Users\79222\AppData\Local\Temp\ccpqXFrh.ltrans1.ltrans.o
 .rodata.str1.1
                0x0000000000000000       0x34 C:\Users\79222\AppData\Local\Temp\ccpqXFrh.ltrans2.ltrans.o
                                          0x3 (size before relaxing)
 .rodata        0x0000000000080154       0x7b C:\Users\79222\AppData\Local\Temp\ccpqXFrh.ltrans2.ltrans.o
                0x0000000000080154                au8FlashWaitStatesHSRCO.223839
                0x000000000008015c                au8FlashWaitStates32MXO.223838
 .rodata.str1.1
                0x00000000000801cf       0x67 C:\Users\79222\AppData\Local\Temp\ccpqXFrh.ltrans3.ltrans.o
                                         0x75 (size before relaxing)
 *fill*         0x0000000000080236        0x2 00
 .rodata        0x0000000000080238      0x650 C:\Users\79222\AppData\Local\Temp\ccpqXFrh.ltrans3.ltrans.o
                0x0000000000080238                au32UartAddrOffset
                0x0000000000080240                zps_pacNwkFrmStdByteFmt
                0x0000000000080244                zps_pacNwkFrmStdLongFmt
                0x0000000000080248                zps_pacNwkFrmStdHalfFmt
                0x000000000008024c                zps_g_pvApl
                0x0000000000080250                pwrm_psWakeupCallbacks
 .rodata.str1.1
                0x0000000000080888        0x6 C:\Users\79222\AppData\Local\Temp\ccpqXFrh.ltrans4.ltrans.o
                                          0xe (size before relaxing)
 .rodata.str1.1
                0x000000000008088e       0x97 C:\Users\79222\AppData\Local\Temp\ccpqXFrh.ltrans5.ltrans.o
                                         0x9b (size before relaxing)
 .rodata.str1.1
                0x0000000000080925       0x6d C:\Users\79222\AppData\Local\Temp\ccpqXFrh.ltrans6.ltrans.o
                                         0x88 (size before relaxing)
 .rodata.str1.1
                0x0000000000000000        0x6 C:\Users\79222\AppData\Local\Temp\ccpqXFrh.ltrans7.ltrans.o
 *fill*         0x0000000000080992        0x2 00
 .rodata        0x0000000000080994      0x1bc C:\Users\79222\AppData\Local\Temp\ccpqXFrh.ltrans7.ltrans.o
 .rodata.str1.1
                0x0000000000080b50       0x34 C:\Users\79222\AppData\Local\Temp\ccpqXFrh.ltrans8.ltrans.o
                                         0x52 (size before relaxing)
 .rodata        0x0000000000080b84      0x108 C:\Users\79222\AppData\Local\Temp\ccpqXFrh.ltrans8.ltrans.o
                0x0000000000080c8b                u8MacNwkTriesTimeout
 .rodata.str1.1
                0x0000000000080c8c       0x11 C:\Users\79222\AppData\Local\Temp\ccpqXFrh.ltrans9.ltrans.o
                                         0x24 (size before relaxing)
 .rodata.str1.1
                0x0000000000080c9d        0x6 C:\Users\79222\AppData\Local\Temp\ccpqXFrh.ltrans10.ltrans.o
                                          0x8 (size before relaxing)
 *fill*         0x0000000000080ca3        0x1 00
 .rodata        0x0000000000080ca4       0x18 C:\Users\79222\AppData\Local\Temp\ccpqXFrh.ltrans10.ltrans.o
                0x0000000000080ca4                au32NwkPdmRecordOffsets
 .rodata.str1.1
                0x0000000000080cbc       0x1c C:\Users\79222\AppData\Local\Temp\ccpqXFrh.ltrans11.ltrans.o
                                         0x1f (size before relaxing)
 .rodata        0x0000000000080cd8      0x114 C:\Users\79222\AppData\Local\Temp\ccpqXFrh.ltrans11.ltrans.o
                0x0000000000080cd8                gu32ZCLVersion
                0x0000000000080cdc                ZPS_g_u32MacVersion
                0x0000000000080ce0                PDUM_g_u32Version
                0x0000000000080ce4                ZPS_g_u32TsvVersion
 .rodata.str1.1
                0x0000000000080dec       0x25 C:\Users\79222\AppData\Local\Temp\ccpqXFrh.ltrans13.ltrans.o
 .rodata.str1.1
                0x0000000000000000        0x8 C:\Users\79222\AppData\Local\Temp\ccpqXFrh.ltrans14.ltrans.o
 .rodata.str1.1
                0x0000000000080e11        0xe C:\Users\79222\AppData\Local\Temp\ccpqXFrh.ltrans15.ltrans.o
                                         0x11 (size before relaxing)
 .rodata.str1.1
                0x0000000000080e1f       0x21 C:\Users\79222\AppData\Local\Temp\ccpqXFrh.ltrans16.ltrans.o
                                         0x58 (size before relaxing)
 .rodata.str1.1
                0x0000000000080e40       0x1c C:\Users\79222\AppData\Local\Temp\ccpqXFrh.ltrans18.ltrans.o
                                         0x22 (size before relaxing)
 .rodata        0x0000000000080e5c       0x7c C:\Users\79222\AppData\Local\Temp\ccpqXFrh.ltrans18.ltrans.o
                0x0000000000080e5c                s_aprActvStHandleCme.211305
                0x0000000000080e80                s_aprIdleStHandleCme.215202
                0x0000000000080e94                u32ScanAttemptDelayTime
                0x0000000000080e98                au32EndDeviceTimeoutConstants
                0x0000000000080ed4                g_u32ApsFcSaveCountBitShift
 .rodata.str1.1
                0x0000000000000000        0x3 C:\Users\79222\AppData\Local\Temp\ccpqXFrh.ltrans20.ltrans.o
 .rodata        0x0000000000080ed8       0x58 C:\Users\79222\AppData\Local\Temp\ccpqXFrh.ltrans20.ltrans.o
                0x0000000000080ed8                g_u32NwkFcSaveCountBitShift
                0x0000000000080edc                u8MaxZpsConfigEp
                0x0000000000080edd                au8EpMapPresent
                0x0000000000080ee0                s_groupPdmTable
 .rodata.str1.1
                0x0000000000080f30        0x3 C:\Users\79222\AppData\Local\Temp\ccpqXFrh.ltrans21.ltrans.o
                                          0x7 (size before relaxing)
 *fill*         0x0000000000080f33        0x1 00
 .rodata        0x0000000000080f34       0x1c C:\Users\79222\AppData\Local\Temp\ccpqXFrh.ltrans21.ltrans.o
 .rodata.str1.1
                0x0000000000080f50       0x44 C:\Users\79222\AppData\Local\Temp\ccpqXFrh.ltrans22.ltrans.o
 .rodata.str1.1
                0x0000000000080f94       0x8f C:\Users\79222\AppData\Local\Temp\ccpqXFrh.ltrans23.ltrans.o
                                         0xc0 (size before relaxing)
 .rodata.str1.1
                0x0000000000081023       0x21 C:\Users\79222\AppData\Local\Temp\ccpqXFrh.ltrans24.ltrans.o
                                         0x5d (size before relaxing)
 .rodata.str1.1
                0x0000000000081044        0xa C:\Users\79222\AppData\Local\Temp\ccpqXFrh.ltrans25.ltrans.o
                                         0x10 (size before relaxing)
 .rodata.str1.1
                0x0000000000000000        0xd C:\Users\79222\AppData\Local\Temp\ccpqXFrh.ltrans26.ltrans.o
 .rodata.str1.1
                0x000000000008104e        0x9 C:\Users\79222\AppData\Local\Temp\ccpqXFrh.ltrans30.ltrans.o

.text           0x0000000000081058    0x2aaca
 *(.text*)
 .text          0x0000000000081058       0x50 irq_JN516x.o
                0x0000000000081058                PIC_ChannelPriorities
                0x0000000000081068                PIC_SwVectTable
 .text          0x00000000000810a8       0xd0 portasm_JN516x.o
                0x00000000000810a8                OSMIUM_HwVectTable
                0x00000000000810e4                vExternalException
 .text          0x0000000000081178     0x4734 C:\Users\79222\AppData\Local\Temp\ccpqXFrh.ltrans0.ltrans.o
                0x0000000000081178                APP_vProcessIncomingSerialCommands
 .text          0x00000000000858ac     0x2646 C:\Users\79222\AppData\Local\Temp\ccpqXFrh.ltrans1.ltrans.o
                0x00000000000858ac                vMMAC_IntHandlerBbc
                0x00000000000858c6                eBasicTxCompleteHandler
                0x00000000000858cb                vTxRxTimeout.222174
                0x000000000008592b                eSmeAcScBeaconInd.213295
                0x0000000000085987                eSmeASFlBeaconInd.213130
                0x00000000000859a9                eSmeUDNTScanDcfm.212571
                0x00000000000859c5                vPermitJoinHandleExpiry.208116
                0x00000000000859ce                vNwkMcpsTimerCallback
                0x00000000000859e8                zps_eSceGenlIllegal
                0x00000000000859ef                zps_eSmeGenlIllegal
                0x00000000000859f6                DBG_vUartFailedAssert
                0x00000000000859fa                zps_bAplZdoBindRequestServer
                0x0000000000085b21                vZdoEndDeviceBindTimeoutSecondMessage
                0x0000000000085b35                vPostMcpsDcfmInd.133537
                0x0000000000085b38                psGetVsMcpsBuf.133541
                0x0000000000085b41                psGetMlmeBuf.133527
                0x0000000000085b4a                psGetMcpsBuf.133534
                0x0000000000085b53                zps_vExpireRequestKeyReq.124850
                0x0000000000085b8f                zps_bAplZdoEndDeviceBindServer
                0x0000000000085cb3                zps_bAplZdoServerHandleConfirmAcks.constprop.3
                0x0000000000085cfd                ZPS_eTsvStop
                0x0000000000085d34                zps_vAplApsStopPollTimer
                0x0000000000085dc3                pvHeap_Alloc
                0x0000000000085dc5                ZPS_eMiniMacSetTxBuffers
                0x0000000000085e02                vMicroIntRestoreState
                0x0000000000085e0e                PDM_vExitCriticalSection
                0x0000000000085e31                bAHI_WriteEEPROMfixSegmentData
                0x0000000000085e8f                bAHI_InitialiseEEPROM
                0x0000000000085ed7                vAHI_ReadDataFromEEPROMregister
                0x0000000000085f04                vAHI_WriteDataIntoEEPROMregister
                0x0000000000085f34                iPDM_WriteSegmentHeaderDataIntoEEPROMsegment
                0x0000000000085f63                u32RaiseDigitalVoltage
                0x0000000000085f83                u8AHI_WakeTimerFiredStatus
                0x0000000000085f97                vAHI_WakeTimerStop.part.3.224333
                0x0000000000085fb7                vAHI_UartReset.part.4.224087
                0x0000000000085fef                vAHI_UartSetBaudDivisor.part.1.224067
                0x000000000008602e                vAHI_OptimiseWaitStates
                0x000000000008607a                bAHI_GetClkSource
                0x0000000000086087                vAHI_SwReset
                0x00000000000860b8                vAHI_DioSetOutput
                0x00000000000860cc                vAHI_DioSetDirection
                0x00000000000860e0                bIssueACIcommand
                0x0000000000086176                bACI_WriteKey
                0x0000000000086183                vACI_CmdWaitBusy
                0x0000000000086190                vEcbEncodeStripe.223542
                0x00000000000861e7                vMMAC_SetHighPowerOptions
                0x00000000000861ea                MAC_u64GetExtAddr
                0x0000000000086205                eAppApiDefPlmeGet.part.0.222480
                0x0000000000086214                psSearchForFrameToSend
                0x0000000000086263                eMiniMac_FrameInProgress
                0x000000000008628e                vRemoveFromTxQueue
                0x00000000000862ca                vAddToTxQueue
                0x0000000000086300                u8GetHeaderSize
                0x0000000000086328                vMiniMac_PLME_SetReq_CcaMode
                0x000000000008633c                vMiniMac_MLME_SetReq_MaxCsmaBackoffs
                0x000000000008635c                vMiniMac_MLME_SetReq_MaxBe
                0x000000000008637f                vMiniMac_MLME_SetReq_MinBe
                0x00000000000863a2                zps_psFormatCmdFrameGeneral
                0x000000000008644e                zps_eNwkFormStInit
                0x0000000000086463                bCheckMatchingEntry.213290
                0x0000000000086489                zps_psNwkSlistRemoveFromHead
                0x00000000000864a0                zps_psNwkSlistRemove
                0x00000000000864d8                zps_bNwkMcpsMgrRemoveDescrFromLists
                0x0000000000086516                zps_vNwkSlistAddToTail
                0x0000000000086530                zps_vNwkMcpsMgrFreeReqDescr
                0x000000000008655d                zps_vNwkRemoveConflictedBroadcast
                0x00000000000865b2                zps_vNwkMcpsMgrTidyBtrReqDescr
                0x00000000000865f5                ZPS_pvNwkSecGetNetworkKey
                0x0000000000086629                ZPS_bNwkSecHaveNetworkKey
                0x000000000008665d                ZPS_bNwkSecFindMatSet
                0x0000000000086699                zps_eNwkRctMatchNwkAddr
                0x0000000000086700                ZPS_u8NwkCalcNldeReqOverhead
                0x000000000008673b                zps_vRemoveNextHop
                0x00000000000867d8                zps_vRemoveRoute
                0x0000000000086857                zps_psNwkRtMatchNwkAddr
                0x00000000000868b5                ZPS_u64NwkNibGetMappedIeeeAddr
                0x00000000000868d7                ZPS_vNwkSecResetDevice
                0x000000000008691c                ZPS_bNwkNibNtActvMatch
                0x00000000000869d4                ZPS_u64NwkNibFindExtAddr
                0x0000000000086a7f                bCheckNwkAddr
                0x0000000000086acd                zps_bAplZdoTrustCenterGetDevicePermissions
                0x0000000000086b1a                zps_eAplTrustCenterFindDevice
                0x0000000000086b5e                ZPS_vSetExtendedStatus
                0x0000000000086b70                zps_eNwkRtMatch
                0x0000000000086c8a                eAllocateNPDU.112431
                0x0000000000086ced                PDUM_eNPduClone
                0x0000000000086d39                PDUM_hAPduAllocateAPduInstance
                0x0000000000086d93                hZCL_AllocateAPduInstance
                0x0000000000086dd0                zps_eAplZdoSendZdpResponse
                0x0000000000086e19                zps_bAplZdoMgmtRtgServer
                0x0000000000086f87                zps_bAplZdoMgmtLqiServer
                0x000000000008720d                zps_psApsApsAllocateDcfmRecord
                0x000000000008727b                zps_u8CalcLinkCost
                0x00000000000872b7                ZPS_u8NwkNibNtDiscMatch
                0x000000000008739b                zps_u64NwkLibFromPayload
                0x0000000000087538                eSmeAcScBeaconInd.213138
                0x0000000000087640                eSmeUDNTBeaconInd.213114
                0x0000000000087663                zps_vNwkLibU64ToPayload
                0x0000000000087690                zps_eNwkDcfmIndPost
                0x00000000000876b2                zps_psNwkDcfmIndGetBuf
                0x00000000000876d4                zps_eNwkHandleSmePollDcfm
                0x00000000000876fe                zps_vSendJoinInd
                0x000000000008776e                vSendDcfm.213825
                0x0000000000087792                eSmeEdScScanDcfm.213118
                0x00000000000877db                eSmeGenlScanDcfm.213122
                0x0000000000087839                eRouteRequestDataDcfm.209278
                0x000000000008788d                eNldeDataDcfm.207108
                0x00000000000878bd                zps_vSendNwkStatusInd
                0x00000000000878ee                eEdTimeoutRequestDataDcfm.203769
                0x000000000008790f                psSLISTsearch
                0x000000000008794f                psSLISTremove
                0x00000000000879cd                psSLISTgetNext
                0x00000000000879f1                bPDM_ImageBitmapRepairCheck
                0x0000000000087a19                u8PDM_ReadSequenceNumber
                0x0000000000087a3c                boSegmentNumberDeleteSearchMatch.199953
                0x0000000000087a57                u8PDM_ReadSegmentDataSize
                0x0000000000087a6b                u32PDM_ReadFileSystemHeaderWearCount
                0x0000000000087a81                boSearchForWearCountSubstitute.200616
                0x0000000000087aa7                boSearchForWearCountInsertPoint.199532
                0x0000000000087ac5                vPDM_WriteFileSystemHeaderWearCount
                0x0000000000087ad7                vPDM_ReadBitmapHeader.198561
                0x0000000000087af6                RND_u32GetRand256
                0x0000000000087b13                zps_vDefaultNwkLayer
                0x0000000000087cb3                RND_u32GetRand
                0x0000000000087cdb                u16CalculateFailedTxCount.153342
                0x0000000000087d05                vZdoIeeeAddrServerSendExtendResponse.part.0.138690
                0x0000000000087d66                vZdoNwkAddrServerSendExtendResponse.part.0.137472
                0x0000000000087dc7                vReset_StateMachine.136207
                0x0000000000087e0b                bFindMatch.136164
                0x0000000000087e69                vHandleUpdateDeviceIndication.124881
                0x0000000000087e93                u32GetScanChannels.124864
                0x0000000000087ebe                zps_vByteCopy.part.2.121190
                0x0000000000087eda                zps_vByteCopy
 *fill*         0x0000000000087ef2        0x2 00
 .text          0x0000000000087ef4     0x1d54 C:\Users\79222\AppData\Local\Temp\ccpqXFrh.ltrans2.ltrans.o
                0x0000000000087ef4                vZdoServersInit.2336
                0x00000000000880eb                APP_cbToggleLED
                0x0000000000088185                zps_bAplZdoSimpleDescServer
                0x0000000000088471                ZPS_eTsvOpen
                0x000000000008848b                eCLD_GroupsCreateGroups.constprop.114
                0x00000000000885a8                ZPS_u16NwkNibFindNwkAddr
                0x000000000008864e                u8PDM_CalculateLargestDataRecordStored
                0x000000000008867f                iPDM_FilterDuplicateAppendedSegmentsOnList.200561
                0x00000000000886c3                ZPS_bIsMacAddressUsedInApsTable
                0x0000000000088782                eCLD_GroupsCheckGroupExists
                0x00000000000887ef                zps_vNwkBttMgrInit
                0x000000000008881d                ZPS_vNwkNibClearTables
                0x0000000000088939                vMicroIntEnableOnly.constprop.237
                0x0000000000088965                vSetChannelAndPower
                0x0000000000088b05                vMiniMac_PLME_SetReq_Power
                0x0000000000088b19                vMiniMac_PLME_SetReq_Channel
                0x0000000000088b21                TSV_eStart
                0x0000000000088b71                ZPS_eTsvStart
                0x0000000000088ba6                zps_vNwkHandleCmePermitJoinReq
                0x0000000000088c0e                zps_eNwkHandleSceNwkUpdate
                0x0000000000088c32                vNwkMcpsSendTimedDfcm
                0x0000000000088c76                zps_vNwkJoinStStartResponseTimer
                0x0000000000088caf                zps_vAplApsCheckAndStartPollTimer
                0x0000000000088d0b                zps_eAplZdoBdrmRequestSend
                0x0000000000088d83                vProcessTimedList.204906
                0x0000000000088dca                zps_vNwkMcpsMgrPostTimed
                0x0000000000088ddd                zps_vExpireOldRoutes
                0x0000000000088e57                zps_eNwkBtrMatch
                0x0000000000088f4e                PDM_vEnterCriticalSection
                0x0000000000088f7d                ZQ_bQueueReceive
                0x0000000000088ff2                ZQ_bQueueSend
                0x000000000008906f                vPostVsMcpsDcfmInd.133544
                0x00000000000890a0                vPostMlmeDcfmInd.133530
                0x0000000000089168                zps_vAplAfPostTimerEvent
                0x0000000000089208                App_TransportKeyCallback
                0x0000000000089227                APP_vGenCallback
                0x0000000000089245                vEnableReceive.222179
                0x0000000000089299                ZPS_u8ReleaseMutexLock.constprop.235
                0x00000000000892be                ZPS_u8GrabMutexLock.constprop.236
                0x00000000000892f9                vAHI_SpiRestoreConfiguration.constprop.207
                0x000000000008933a                vAHI_SpiReadConfiguration.constprop.204
                0x000000000008936b                vConfigureSpi
                0x00000000000893ab                bAHI_FullFlashRead
                0x00000000000893ee                vOtaFlashRead
                0x00000000000893f0                bAHI_FlashInit.constprop.203
                0x0000000000089568                vOtaFlashInitHw
                0x000000000008956a                AESSW_vMMOFinalUpdate
                0x000000000008962d                AESSW_vHMAC_MMO.constprop.166
                0x00000000000896c7                zps_pvAesGetKeyFromInstallCode
                0x000000000008974e                zps_vAplSecSetInitialSecurityState
                0x0000000000089822                vMiniMac_MLME_SetReq_PanId
                0x000000000008985f                vMiniMac_MLME_SetReq_ShortAddr
                0x000000000008986d                iAHI_WriteDataIntoEEPROMsegment.constprop.188
                0x00000000000898bb                vACI_OptimisedCcmStar.constprop.171
                0x0000000000089aa7                zps_eNwkRtDiscMatch.constprop.168
                0x0000000000089afa                eCLD_IdentifyRegisterTimeServer.part.0.14566
                0x0000000000089b3d                pvZCL_HeapAlloc.part.0.95181.constprop.94
                0x0000000000089b77                ZTIMER_eOpen.constprop.88
                0x0000000000089bb9                vAHI_UartConfigureFIFOs.part.5.224186.constprop.24
                0x0000000000089c26                psSearchList.81427.constprop.16
 .text.unlikely
                0x0000000000089c48       0xc8 C:\Users\79222\AppData\Local\Temp\ccpqXFrh.ltrans2.ltrans.o
                0x0000000000089c5d                vAHI_MemoryHold.223765
 *fill*         0x0000000000089d10        0x0 00
 .text          0x0000000000089d10     0x1bd8 C:\Users\79222\AppData\Local\Temp\ccpqXFrh.ltrans3.ltrans.o
                0x0000000000089d10                AppColdStart
 .text          0x000000000008b8e8     0x1829 C:\Users\79222\AppData\Local\Temp\ccpqXFrh.ltrans4.ltrans.o
                0x000000000008b8e8                DBG_vUartFlush
                0x000000000008b915                zps_bAplZdoNodeDescServer
                0x000000000008baaf                zps_bAplZdoPowerDescServer
                0x000000000008bbfa                zps_bAplZdoActiveEpServer
                0x000000000008bd0e                zps_bAplZdoSystemServerDiscoveryServer
                0x000000000008bdc9                zps_vFragmentWindowTimeout.115280
                0x000000000008beb0                boIdValueSearchMatch.199536
                0x000000000008bf0a                vRadioToOff
                0x000000000008bf27                vStartReceive
                0x000000000008bf43                vMiniMac_NextTransaction
                0x000000000008bfad                PWRM_vWakeInterruptCallback
                0x000000000008c034                u8ZdoEndDeviceBindServerUnpackApdu
                0x000000000008c0c4                vZdoEndDeviceBindStateIdle
                0x000000000008c3ec                zps_u8AplApsConstructAndPostLoopBackDataInd.118105
                0x000000000008c525                u8PostUnicastMsgToNHLE.118113
                0x000000000008c55e                u16ZCL_APduInstanceWriteNBO
                0x000000000008c5ea                u16ZCL_WriteCommandHeader
                0x000000000008c662                u16ZCL_APduInstanceReadNBO
                0x000000000008c747                u16ZCL_ReadCommandHeader.part.0.86484
                0x000000000008c7be                u16ZCL_ReadCommandHeader
                0x000000000008c7cc                eCLD_OnOffCommandHandler
                0x000000000008c7e9                u16ZCL_APduInstanceWriteStringNBO.part.0.83569
                0x000000000008c8c5                u16ZCL_APduInstanceReadStringNBO.part.3.83610
                0x000000000008c99e                eZCL_GetAttributeTypeSizeFromBuffer
                0x000000000008ca15                eCopyFragmentToApdu.isra.0.115325
                0x000000000008cb31                u16ZCL_GetTxPayloadSize
                0x000000000008cb69                zps_bAplZdpUnpackNodeDescResponse
                0x000000000008cc2b                vMiniMac_ReturnTxBufferCallback
                0x000000000008cc54                u8ZdoBindUnbindServerUnpackApdu
                0x000000000008cca3                eOtaFindCluster.constprop.144
                0x000000000008cceb                eOTA_NewImageLoaded.part.4.75523.constprop.140
                0x000000000008cd55                vAppInitOTA
                0x000000000008ce2f                eOTA_GetOtaHeader.part.9.75536
                0x000000000008cebe                zps_psNwkMcpsMgrFindPendingByNwkDstAddr
                0x000000000008cef4                iPDM_ReadSegmentHeaderDataFromEEPROMsegment
                0x000000000008cf4d                iPDM_ReadUserDataFromEEPROMsegment
                0x000000000008cfc7                iPDM_ReCalculateWearCountAndChecksumAndWriteFileSystemHeader
                0x000000000008d011                vPDM_SetEEPROMandFileSystemValidState
                0x000000000008d038                iPDM_ReadUserDataFromFileSystemRecord
                0x000000000008d058                vPDM_WriteFileSystemRecordAndSegmentDataIntoEEPROMsegment
                0x000000000008d093                zps_vSendJoinDcfm
                0x000000000008d0d9                vGiveUp.216429
 .text          0x000000000008d111     0x183e C:\Users\79222\AppData\Local\Temp\ccpqXFrh.ltrans5.ltrans.o
                0x000000000008d147                zps_bAplZdoNwkAddrServer
                0x000000000008d3ad                vRetryCcaFailure
                0x000000000008d401                vNwkBttTimerExpiry.211353
                0x000000000008d51f                vPDM_AddFileSystemElementToListInAscendingWearCountOrder
                0x000000000008d618                iPDM_WriteSegmentHeaderAndData
                0x000000000008d821                PWRM_vManagePower
                0x000000000008d96b                vFreePendingReqDescr
                0x000000000008d9cd                vHandleRouteDiscoveryExpiry.208829
                0x000000000008da28                psGetTxFrameBuffer
                0x000000000008da7e                SOC_MAC_vHandleMcpsVsReqRsp.constprop.173
                0x000000000008dbff                psGetAndBuildCoordRealignment
                0x000000000008dc57                eBuildAndSend.221886
                0x000000000008dccc                eHandleRemoveBroadcastEndpointsFromGroup.119549
                0x000000000008dd26                bAHI_FullFlashProgram
                0x000000000008dddc                vOtaFlashWrite
                0x000000000008ddde                zps_vInitBeaconPayload
                0x000000000008de4c                eZCL_SetReceiveEventAddressStructure
                0x000000000008decb                eCLD_ThermostatCommandHandler
                0x000000000008df17                dbg_vPrintfImplNoneVerbose
                0x000000000008e39e                vShowException
                0x000000000008e460                vMiniMac_ReturnRxBufferCallback
                0x000000000008e48a                eCLD_GroupsSetIdentifying
                0x000000000008e4cc                vCLD_IdentifyTimerClickCallback.14559
                0x000000000008e554                ZPS_bSecEncrypt
                0x000000000008e705                zps_vAplApsFragTransmitNotifyApp.118061
                0x000000000008e7c5                zps_vHandleExtendedDataAckFrame
                0x000000000008e8a8                bAHI_FlashEraseSector
                0x000000000008e904                vOtaFlashErase
                0x000000000008e906                boPDM_IsBitmapSaturated.198597
 *fill*         0x000000000008e94f        0x1 00
 .text          0x000000000008e950     0x1a30 C:\Users\79222\AppData\Local\Temp\ccpqXFrh.ltrans6.ltrans.o
                0x000000000008e950                ZPS_vNwkMacDataPollRequest
                0x000000000008eaa8                zps_vNwkHandleCmeRouteDiscoveryReq
                0x000000000008eb2e                ZPS_vNwkSaveAllRecords
                0x000000000008eb58                zps_vSaveAllZpsRecords
                0x000000000008eb77                APP_vSendJoinedFormEventToHost.part.2.2826
                0x000000000008ec08                APP_vHandleStackEvents
 .text          0x0000000000090380     0x1e04 C:\Users\79222\AppData\Local\Temp\ccpqXFrh.ltrans7.ltrans.o
                0x000000000009042a                vIncrementFrameCounterInPdm.isra.0.206250
                0x0000000000090606                zps_eNwkSecEncryptPacket
                0x00000000000906df                vProcessListsForSubmission.204976
                0x00000000000908f4                zps_sNwkNibNtCheckJoin
                0x0000000000090b97                zps_vNwkHandleCmeDirectJoinReq
                0x0000000000090c16                zps_eAplApsmeBindReqRsp
                0x0000000000090cf0                zps_eAplZdoBind
                0x0000000000090d84                eZLO_RegisterControlBridgeEndPoint.constprop.96
                0x00000000000916f9                APP_ZCL_cbEndpointCallback.6616
 .text          0x0000000000092184     0x195e C:\Users\79222\AppData\Local\Temp\ccpqXFrh.ltrans8.ltrans.o
                0x0000000000092184                zps_bAplZdoIeeeAddrServer
                0x000000000009230e                eBeaconReqSent.221882
                0x0000000000092335                vMiniMac_McpsCallback
                0x0000000000092568                eMcpsTxCompleteHandler.221206
                0x0000000000092596                UART_vSetTxInterrupt
                0x000000000009268a                vSL_WriteMessage
                0x0000000000092705                APP_vIdentifyEffectEnd
                0x0000000000092730                app_vFormatAndSendUpdateLists
                0x0000000000092b5e                vSL_LogSend
                0x0000000000092bb0                vReportException
                0x0000000000092cbe                zps_vAplSaveRecord
                0x0000000000092d57                zps_eAplApsmeUnBindReqRsp
                0x0000000000092dbd                zps_eAplZdoUnbind
                0x0000000000092e3d                zps_eAplZdoGroupEndpointRemove
                0x0000000000092ece                zps_eAplApsmeRemoveAllGroupsReqRsp
                0x0000000000092f0f                zps_eAplAibSetApsChannelMask
                0x0000000000092f22                zps_eAplAibSetApsTrustCenterAddress
                0x0000000000092f38                zps_vAplTrustCenterInit
                0x0000000000092fc6                zps_bNwkFindAddIeeeAddr
                0x00000000000931d2                vInitUnknownNeighbor.204880.constprop.49
                0x0000000000093223                zps_bAplZdoTrustCenterSetDevicePermissions
                0x00000000000932dc                zps_eAplZdoAddReplaceLinkKey_W
                0x000000000009339b                zps_eNwkHandleSceLinkStatus
                0x00000000000934ea                ZPS_bNwkNibAddrMapAddEntry
                0x0000000000093696                zps_vAgeRouter
                0x00000000000936cf                zps_vCheckActvNtForDuplicate
                0x000000000009376c                eCheckAddrConflict.isra.6.203990
                0x0000000000093802                vAplSecRemoveLinkKey.124975
                0x0000000000093942                ZPS_vRemoveEntryFromAddressMap
                0x000000000009398b                zps_vJoinInitNtParent
                0x0000000000093a6a                eSmeOrphScanDcfm.216885
 .text          0x0000000000093ae2     0x1aeb C:\Users\79222\AppData\Local\Temp\ccpqXFrh.ltrans9.ltrans.o
                0x0000000000093ae2                zps_vNwkMcpsMgrPost
                0x0000000000093b06                zps_psNwkInitiateRouteDiscovery
                0x0000000000093dd2                zps_psSendFrm
                0x00000000000940a8                zps_psSendBroadcastFrm.part.0.214480
                0x000000000009410d                zps_eNwkHandleSceRouteRecord
                0x00000000000941ca                zps_psSendNetworkStatusCmd
                0x0000000000094237                zps_eDefaultDataDcfm
                0x00000000000943c0                vSendNetworkReport.203718
                0x000000000009449a                zps_eNwkHandleSceNwkEdTimeoutReq
                0x000000000009469e                zps_eNwkHandleSceRouteRequest
                0x0000000000094b00                zps_eNwkHandleSceRouteReply
                0x0000000000094d8d                zps_psNwkSendRejoinReqCmd
                0x0000000000094df6                zps_u8NwkHandleRejoinReq
                0x0000000000094ebf                zps_vProcessLocalAddrConflict
                0x0000000000094f6a                vContinueRejoin.215683
                0x0000000000095019                zps_psNwkSendLeaveCmd
                0x0000000000095081                zps_vNwkSecondTickHandleExpiry
                0x0000000000095235                zps_vNwkHandleCmeLeaveReq
                0x0000000000095303                zps_eNwkHandleSceLeave
                0x000000000009546e                zps_eNwkHandleSdeActvDcfmData
                0x000000000009555a                vMcpsMgrTimeoutExpiry
 .text          0x00000000000955cd     0x1593 C:\Users\79222\AppData\Local\Temp\ccpqXFrh.ltrans10.ltrans.o
                0x00000000000955cd                vPDM_MoveAllDataFromListToList
                0x0000000000095636                vPDM_MoveAllDataWithBufferIdAndStateFromListToList
                0x00000000000956c1                vPDM_MoveAllDataWithBufferIdFromListToList
                0x0000000000095746                vPDM_DeleteAllSegmentsWithIdFromFileSystemList.constprop.9
                0x0000000000095788                vPDM_MoveFileRecordFromListToList
                0x0000000000095898                iPDM_VerifyDataSequenceWithBufferId
                0x000000000009593e                vPDM_MoveRecordToDeAllocList
                0x000000000009595e                vPDM_DeleteAppendedSequence
                0x0000000000095a00                iPDM_SegmentCopyAndAppendData.constprop.208
                0x0000000000095a5a                iPDM_ReconstructReplacedDataTable
                0x0000000000095ce7                PDM_eSaveRecordData
                0x000000000009605e                ZPS_vNwkSaveRecord
                0x000000000009608a                ZPS_vNwkNibSetNwkAddr
                0x00000000000960a7                zps_eNwkHandleSceRejnResponse
                0x0000000000096104                ZPS_vNwkNibSetExtPanId
                0x0000000000096156                ZPS_vNwkNibSetKeySeqNum
                0x0000000000096169                ZPS_vNwkNibSetDepth
                0x0000000000096171                ZPS_vNwkNibSetUpdateId
                0x00000000000961b9                vSendNetworkUpdate.203722
                0x00000000000962e8                ZPS_vNwkNibSetPanId
                0x0000000000096306                ZPS_vNwkNibSetCapabilityInfo
                0x0000000000096333                ZPS_vNwkNibSetChannel
                0x000000000009634b                ZPS_vNwkSaveNt
                0x000000000009635f                ZPS_vNwkPurgeMacAddressAndRelatedEntries
                0x000000000009646d                ZPS_vNtSetUsedStatus
                0x0000000000096514                zps_bAplZdoParentAnnceServer
                0x00000000000966e6                zps_vBuildSortedActvNTList
                0x00000000000967a4                eLeaveDataDcfmRemoteLeave.217872
                0x00000000000967ed                zps_vCleanUnAuthenHandleExpiry
                0x00000000000968ea                eUnsolicitedRejoinRspDataDcfm.203734
                0x0000000000096915                eRejoinRspDataDcfm.215687
                0x00000000000969e4                vFinish.216875
                0x0000000000096a3a                zps_eNwkHandleSmeCommStatusInd
                0x0000000000096aeb                ZPS_vNwkSaveSecMat
                0x0000000000096aff                vPDM_ImageBitmapRepair.199453
 .text          0x0000000000096b60     0x1af0 C:\Users\79222\AppData\Local\Temp\ccpqXFrh.ltrans11.ltrans.o
                0x0000000000096b9e                psGetNlmeBuf.115603
                0x0000000000096ba7                psGetNldeBuf.115624
                0x0000000000096bb0                psGetApsmeBuf.115610
                0x0000000000096bb6                psGetApsdeBuf.115617
                0x0000000000096ccf                vMacMlmeCallBackHandler.111659
                0x0000000000096ce4                vMacMcpsCallBackHandler.111663
                0x0000000000096cf5                eCLD_ColourControlCommandHandler
                0x0000000000096cfa                eCLD_LevelControlCommandHandler
                0x0000000000096cff                APP_vProfileWideCommandSupportedForCluster
                0x0000000000096d11                vfExtendedStatusCallBack
                0x0000000000096d14                APP_ZCL_cbGeneralCallback.6619
                0x0000000000096d17                zps_vGetZpsMutex
                0x0000000000096d20                vLoopbackTimerCallback
                0x0000000000096d4f                bCLD_GroupsSearchForGroup.13456
                0x0000000000096d74                bDuplicateCheck.119841
                0x0000000000096e81                psApsmeRequestKeyGetHandle
                0x0000000000096edc                eHandleRemoveNonBroadcastEndpointsFromGroup.119590
                0x0000000000096f54                eHandleAddEntryToGroupTable.119553
                0x0000000000096fb0                bIsBindTableMatch.119530
                0x0000000000097001                eRemoveEntryInBindingTable.119558
                0x0000000000097080                zps_vAplApsFillAndPostApsAck
                0x00000000000970ea                zps_u8AplApsFreeMsgHandle
                0x0000000000097154                u8BlocksToSendInWindow.116960
                0x00000000000971a6                vFillDataIndStruct.115296
                0x0000000000097204                vFillApduErrorEvent.115289
                0x0000000000097247                bCheckProfile.115284
                0x0000000000097285                ZPS_bIsGroupPresent
                0x00000000000972bd                pdum_u16ReadNBO
                0x000000000009741e                PDUM_u16SizeNBO
                0x000000000009747c                PDUM_u16APduInstanceWriteStrNBO
                0x00000000000975fb                PDUM_u16APduInstanceReadNBO
                0x0000000000097646                PDUM_u16APduInstanceWriteNBO
                0x00000000000976b0                PDUM_thAPduInstanceGetApdu
                0x00000000000976cb                PDUM_eAPduFreeAPduInstance
                0x0000000000097731                PDUM_eAPduInstanceSetPayloadSize
                0x0000000000097759                PDUM_eNPduWriteDataFromBuffer
                0x00000000000977b3                PDUM_eNPduWriteDataToBuffer
                0x0000000000097811                PDUM_eNPduWriteFromBuffer
                0x000000000009783a                PDUM_eNPduDescend
                0x0000000000097860                PDUM_eNPduAscend
                0x0000000000097886                PDUM_eNPduClaimData
                0x00000000000978f3                PDUM_eNPduAppendDataNBO
                0x0000000000097950                PDUM_eNPduClaimHeader
                0x0000000000097973                PDUM_eNPduReadHeaderNBO
                0x00000000000979c6                PDUM_eNPduPrependHeaderNBO
                0x0000000000097a21                PDUM_eNPduFree
                0x0000000000097a7f                PDUM_eNPduInitDescending
                0x0000000000097a9a                zps_vInitAPSMECmdHdr
                0x0000000000097ad1                BDB_u8PickChannel
                0x0000000000097b2e                eZCL_SearchForClusterEntry
                0x0000000000097b92                eZCL_BuildTransmitAddressStructure
                0x0000000000097bff                eZCL_SearchForEPentry
                0x0000000000097c30                eZCL_SearchForEPentryAndCheckManufacturerId
                0x0000000000097c6e                vZCL_PassEventToUser
                0x0000000000097c9b                eZCL_GetAttributeReportableEntry.part.1.101978
                0x0000000000097d3e                vZCL_SetDefaultReporting
                0x0000000000097d70                eZCL_BuildClientTransmitAddressStructure
                0x0000000000097da1                bValidateCommandWithCommandsFlags.93322
                0x0000000000097dea                u8GetTransactionSequenceNumber
                0x0000000000097dfc                bZCL_CheckManufacturerSpecificCommandFlagMatch
                0x0000000000097e1a                bZCL_CheckAttributeDirectionFlagMatch
                0x0000000000097e3e                bZCL_CheckManufacturerSpecificAttributeFlagMatch
                0x0000000000097e5c                eZCL_SearchForAttributeEntry
                0x0000000000097f10                eZCL_GetAttributeTypeSize
                0x0000000000097f2f                u8ZCL_GetAttributeAllignToFourBytesBoundary
                0x0000000000097f44                pvZCL_GetAttributePointer
                0x0000000000097fba                vReverseMemcpy.part.2.82101
                0x0000000000097fef                vReverseMemcpy
                0x0000000000098007                sOtaGetHeader
                0x0000000000098115                u16ZCL_GetStringStructureSize
                0x0000000000098152                u16ZCL_GetStringAttributeTypeSizeFromBuffer
                0x00000000000981c3                u16ZCL_GetStringSizeAndBufferFromStructure
                0x0000000000098252                vZCL_InitializeClusterInstance
                0x0000000000098267                boDLISTisEmpty
                0x000000000009827f                vDLISTaddToTail
                0x00000000000982ad                psDLISTremove
                0x0000000000098310                vOtaFlashLockRead
                0x0000000000098356                ZTIMER_eStart
                0x00000000000983b4                ZTIMER_eStop.part.4.8559
                0x00000000000983fa                vAPP_ZCL_DeviceSpecific_Init
                0x0000000000098451                App_u16BufferReadNBO
                0x000000000009857f                APP_u16GetAttributeActualSize
 *fill*         0x0000000000098650        0x0 00
 .text          0x0000000000098650     0x140c C:\Users\79222\AppData\Local\Temp\ccpqXFrh.ltrans12.ltrans.o
                0x0000000000098650                vZCL_EventHandler
 .text          0x0000000000099a5c      0xfc4 C:\Users\79222\AppData\Local\Temp\ccpqXFrh.ltrans13.ltrans.o
                0x0000000000099a5c                vInitialiseApp.7801
 .text          0x000000000009aa20     0x1508 C:\Users\79222\AppData\Local\Temp\ccpqXFrh.ltrans14.ltrans.o
                0x000000000009abcc                vHandleRejoinExpiry.216425
                0x000000000009ac2b                zps_eRejoinDataDcfm
                0x000000000009ac6f                eSmeAsocAssocDcfm.217045
                0x000000000009acf3                eSmeRjPCPollDcfm.217041
                0x000000000009ad34                eSceRjRsRejoinRsp.217009
                0x000000000009adf8                vStartScanTimerExpiry.153338
                0x000000000009ae34                zps_vAplApsPollTimer
                0x000000000009af42                zps_eNwkHandleSmeOrphanInd
                0x000000000009af52                zps_sNwkLibSubmitScan
                0x000000000009af8b                zps_vNwkDiscUpdateNT
                0x000000000009b029                zps_vNwkHandleCmeNwkJoinReq
                0x000000000009b2ed                eSmeEdScScanDcfm.213834
                0x000000000009b37d                zps_vNwkHandleCmeEdScanReq
                0x000000000009b3bc                zps_eNwkSendJoinResponse
                0x000000000009b623                zps_eProcessAddrConflict
                0x000000000009b7d0                ZPS_vNwkNibCheckAndUpdateAddresses
                0x000000000009b870                zps_bAplZdoDeviceAnnceServer
                0x000000000009baf7                zps_eNwkHandleSceNwkStatus
                0x000000000009bcb3                eDiscoverNetworks.124906
                0x000000000009bd0f                eRejoinNetwork.124917
                0x000000000009bdb9                eStartNetworkDiscovery.124938
                0x000000000009be23                zps_eAplZdoStartStack
 .text          0x000000000009bf28     0x12d0 C:\Users\79222\AppData\Local\Temp\ccpqXFrh.ltrans15.ltrans.o
                0x000000000009c24a                zps_vAplTrustCenterUpdateDevice
                0x000000000009c41a                zps_vAplTrustCenterRequestKey
                0x000000000009c5da                vPostNlmeDcfmInd.115606
                0x000000000009cd19                ZPS_vAplHandleApsdeReqRsp
                0x000000000009d12e                zps_eAplZdpApsdeReqInternal
                0x000000000009d19d                zps_eAplZdpGenStatusOnlyResponse
 .text          0x000000000009d1f8     0x14e0 C:\Users\79222\AppData\Local\Temp\ccpqXFrh.ltrans16.ltrans.o
                0x000000000009d32c                vZdoBdrmSendNextTimedRequest
                0x000000000009d5bc                zps_bAplZdoBindUnbindServer
                0x000000000009d8af                zps_eZdpMatchDescResponse
                0x000000000009d945                zps_eZdpSystemServerDiscoveryResponse
                0x000000000009d9b4                zps_eAplZdpMgmtLqiResponse
                0x000000000009dac4                zps_bAplZdoMgmtBindServer
                0x000000000009dce7                zps_eAplZdpMgmtRtgResponse
                0x000000000009de60                zps_eZdpNwkAddrResponse
                0x000000000009df48                zps_bAplZdoMgmtNWKUpdateServer
                0x000000000009e28d                eAplAfCommonDataReq.113885
                0x000000000009e347                eZCL_TransmitDataRequest
 .text          0x000000000009e6d8     0x1654 C:\Users\79222\AppData\Local\Temp\ccpqXFrh.ltrans17.ltrans.o
                0x000000000009ea90                vSendMlmeCommStatusFromTxFrame
                0x000000000009eae6                SOC_MAC_vHandleMlmeVsReqRsp.constprop.191
                0x000000000009f010                zps_sNwkStart
                0x000000000009f0af                ZPS_pvNwkCtor.constprop.177
                0x000000000009f3ca                eSmeAcScScanDcfm.213829
                0x000000000009f6f1                zps_vNwkHandleCmeActvStartRouterReq
                0x000000000009f788                zps_vNwkHandleCmeSyncReq
                0x000000000009f7df                vScanBeaconReceived
                0x000000000009f81f                vRunningRxCallback
                0x000000000009fb1b                vPostDcfm.221897
                0x000000000009fb84                vScanNextChannel.221903
 .text          0x000000000009fd2c     0x1442 C:\Users\79222\AppData\Local\Temp\ccpqXFrh.ltrans18.ltrans.o
                0x000000000009fd2c                zps_vNwkHandleCmeNwkActvJoinReq
                0x000000000009ff66                zps_eNwkHandleSmeAssocInd
                0x000000000009ff89                zps_eNwkHandleSceRejnRequest
                0x00000000000a0009                vBbcIntHandler.220762
                0x00000000000a03b4                eAssocRespSent.221094
                0x00000000000a03d3                zps_vNwkHandleCmeIdleNwkFormReq
                0x00000000000a047b                zps_vReAttemptScanTimerHandleExpiry
                0x00000000000a04d3                zps_vNwkHandleCmeNwkDiscReq
                0x00000000000a054d                zps_eNwkHandleSmeBeaconNotifyInd
                0x00000000000a05d1                zps_eNwkHandleSceNwkReport
                0x00000000000a064f                vTransformKey.isra.0.121185
                0x00000000000a06b0                zps_eAplSecEncryptPacket
                0x00000000000a07a5                ZPS_vNwkHandleNldeReqRsp
                0x00000000000a0aaf                zps_eAplSendApsmeCmdFrame
                0x00000000000a0c20                zps_eAplApsmeTransportKeyReqRsp.constprop.121
                0x00000000000a0daf                vNsTclkSendReqKey.108037
                0x00000000000a0e90                zps_eAplApsmeUpdateDeviceReqRsp.part.4.119702
                0x00000000000a0fd8                zps_eAplApsmeRemoveDeviceReqRsp
                0x00000000000a1041                zps_vAplApsmeCmdMgrRetryTimeout.119522
                0x00000000000a106b                zps_eAplZdoGroupEndpointAdd
 *fill*         0x00000000000a116e        0x2 00
 .text          0x00000000000a1170     0x1380 C:\Users\79222\AppData\Local\Temp\ccpqXFrh.ltrans19.ltrans.o
                0x00000000000a1170                eZCL_CustomCommandSend
                0x00000000000a14ea                eOTA_ServerImageBlockResponse
                0x00000000000a1613                eOTA_ServerUpgradeEndResponse
                0x00000000000a1af6                eOtaCommandHandler
                0x00000000000a1e04                BDB_vRejoinSuccess
                0x00000000000a1e63                vNsDiscoverNwk.108041
                0x00000000000a1f83                BDB_vRejoinCycle
                0x00000000000a2275                BDB_vRejoinTimerCb
                0x00000000000a227a                vNsTryNwkJoin.isra.0.108043
                0x00000000000a23da                vNsAfterNwkJoin.108031
                0x00000000000a2484                BDB_vNsTimerCb
 .text          0x00000000000a24f0     0x12b5 C:\Users\79222\AppData\Local\Temp\ccpqXFrh.ltrans20.ltrans.o
                0x00000000000a26d4                vHandleEdTimeoutReqExpiry.203726
                0x00000000000a277b                vHandleNwkLocalUpdateAfterBcast.203739
                0x00000000000a27cf                vHandleNwkRemoteUpdateAfterBcast.203730
                0x00000000000a2823                ZPS_vNwkHandleNlmeReqRsp
                0x00000000000a28a0                ZPS_eAplAfInit
                0x00000000000a2f3c                zps_vAplAfPostEvent
                0x00000000000a3459                zps_eAplZdoNlmeleaveWrapper
                0x00000000000a34d7                vNsLeaveNwk.108039
                0x00000000000a3509                zps_eAplZdoNlmePermitJoiningWrapper
                0x00000000000a3531                zps_bAplZdoPermitJoiningServer
                0x00000000000a3660                vChangeChannelTimerExpiry.153334
                0x00000000000a36c0                eLeaveReset.217858
                0x00000000000a372b                eLeaveDataDcfmLocalLeave.217863
 .text          0x00000000000a37a5     0x149a C:\Users\79222\AppData\Local\Temp\ccpqXFrh.ltrans21.ltrans.o
                0x00000000000a37a5                DBG_iUartGetChar
                0x00000000000a37f5                DBG_vUartPutch
                0x00000000000a3b76                zps_bAplZdoMatchDescServer
                0x00000000000a3bbf                eOrphanNotificationSent.221878
                0x00000000000a3c08                DBG_vUartInitHardware
                0x00000000000a3cd8                zps_psAllocateAndFormatMacHdr
                0x00000000000a4013                zps_psNwkInitCmdFrame
                0x00000000000a4092                eSendLinkStatusDataDcfm.part.1.202648
                0x00000000000a41c4                ZPS_bSecDecrypt
                0x00000000000a42d6                iPDM_SearchForBufferIdInList
                0x00000000000a430b                iPDM_SearchForBufferIdInFileSystem
                0x00000000000a431e                iPDM_ReadUserDataFromSegmentWithId
                0x00000000000a4353                PDM_eReadDataFromRecord
                0x00000000000a43d9                ZPS_vTcInitFlash.constprop.134
                0x00000000000a4446                APP_vConfigureDevice
                0x00000000000a4524                vLoadAplRecord.124926
                0x00000000000a4552                vLoadNwkRecord.205810
                0x00000000000a458a                iPDM_SearchForSpecificSegmentInList
                0x00000000000a45bc                ZPS_vMacPibSetRxOnWhenIdle.constprop.182
                0x00000000000a45c6                vMiniMac_Init
                0x00000000000a494a                eTransmit
                0x00000000000a4a27                vPostTxActions.222266
                0x00000000000a4a64                vMiniMac_TxComplete
                0x00000000000a4afc                vStartTransmit.222273
 *fill*         0x00000000000a4c3f        0x1 00
 .text          0x00000000000a4c40     0x12d4 C:\Users\79222\AppData\Local\Temp\ccpqXFrh.ltrans22.ltrans.o
                0x00000000000a4c40                eZCL_SendDefaultResponse
                0x00000000000a4d3f                vZCL_HandleAttributesWriteRequest
                0x00000000000a51c7                eSimpleMeteringCommandHandler
                0x00000000000a51f3                eZCL_CustomCommandReceive
                0x00000000000a544e                eCLD_BasicCommandHandler
                0x00000000000a56b8                eCLD_ScenesCommandHandler
                0x00000000000a5887                eCLD_DoorLockCommandHandler
                0x00000000000a5928                vZCL_HandleCommandsDiscoverRequest.93336
                0x00000000000a5b6b                vZCL_HandleDiscoverCommandsResponse.94464
                0x00000000000a5c75                vZCL_HandleAttributesReadResponse
                0x00000000000a5e51                eZCL_SendDiscoverCommandGenericRequest.93398
 .text          0x00000000000a5f14     0x12e4 C:\Users\79222\AppData\Local\Temp\ccpqXFrh.ltrans23.ltrans.o
                0x00000000000a5f14                vPostNldeDcfmInd.115627
                0x00000000000a70c5                ISR_vTickTimer
                0x00000000000a70fd                APP_isrUart
                0x00000000000a7157                vStackOverflowHandler
                0x00000000000a7163                vAlignmentErrorHandler
                0x00000000000a716f                vBusErrorHandler
                0x00000000000a717b                vIllegalInstructionHandler
                0x00000000000a7187                vUnclaimedException
                0x00000000000a71c4                vUnclaimedInterrupt
                0x00000000000a71d9                vTrapHandler
                0x00000000000a71e8                vGenericHandler
 .text          0x00000000000a71f8     0x10a2 C:\Users\79222\AppData\Local\Temp\ccpqXFrh.ltrans24.ltrans.o
                0x00000000000a71f8                zps_eZdpIeeeAddrResponse
                0x00000000000a72e0                zps_eZdpNodeDescResponse
                0x00000000000a7388                zps_eZdpParentAnnceResponse
                0x00000000000a742a                zps_eZdpPowerDescResponse
                0x00000000000a74c7                zps_eZdpSimpleDescResponse
                0x00000000000a75d4                zps_eZdpActiveEpResponse
                0x00000000000a766a                zps_bAplZdoDefaultServer
                0x00000000000a78e5                ZPS_vSecondTimerCallback
                0x00000000000a7b45                vZdoEndDeviceBindStateWaitSendWithAck
                0x00000000000a7e89                zps_bAplZdoZdoClient
                0x00000000000a8028                zps_eZdpEndDeviceBindResponse
                0x00000000000a8049                zps_eAplZdpBindResponse
                0x00000000000a806a                zps_eZdpUnbindResponse
                0x00000000000a808b                zps_eZdpMgmtPermitJoiningResponse
                0x00000000000a80ac                zps_eAplZdpRequestApsdeReq
                0x00000000000a8121                zps_eAplZdpNodeDescRequest.constprop.161
                0x00000000000a818e                zps_eAplZdpMgmtPermitJoiningRequest.constprop.131
                0x00000000000a822e                vNsSendPermitJoin.108029
                0x00000000000a8264                zps_eAplZdoStartRouter.constprop.61
 *fill*         0x00000000000a829a        0x2 00
 .text          0x00000000000a829c     0x1034 C:\Users\79222\AppData\Local\Temp\ccpqXFrh.ltrans25.ltrans.o
                0x00000000000a847c                vPostApsmeDcfmInd.115613
                0x00000000000a8731                zps_vHandleApsdeDataFragInd
                0x00000000000a8c51                zps_eStartFragmentedTransmission
                0x00000000000a8d68                APP_vHandleAppEvents
 .text          0x00000000000a92d0      0xf18 C:\Users\79222\AppData\Local\Temp\ccpqXFrh.ltrans26.ltrans.o
                0x00000000000a94af                eCLD_GroupsCommandHandler
                0x00000000000a9a20                eCLD_IdentifyCommandHandler
                0x00000000000a9bec                APP_eSendWriteAttributesRequest.constprop.130
                0x00000000000aa068                eCLD_IASZoneEnrollRespSend
                0x00000000000aa0a9                eCLD_IASZoneCommandHandler
 .text          0x00000000000aa1e8      0x84c C:\Users\79222\AppData\Local\Temp\ccpqXFrh.ltrans27.ltrans.o
                0x00000000000aa1e8                vMcpsMgrExpiry.204811
                0x00000000000aa24b                vMiniMac_MlmeCallback
                0x00000000000aa537                zps_bGetFlashCredential
                0x00000000000aa67b                APP_bSendHATransportKey
                0x00000000000aa90b                zps_psFindKeyDescr
 .text          0x00000000000aaa34      0x40d C:\Users\79222\AppData\Local\Temp\ccpqXFrh.ltrans28.ltrans.o
                0x00000000000aaa34                vAplSecAuthPollTimerExpiry.124858
                0x00000000000aaa8d                vAplSecAuthTimerExpiry.124854
                0x00000000000aab1d                eStartRouter.124944
                0x00000000000aac06                vHandleNwkKeyTransport.124947
                0x00000000000aad3f                vHandleRemoveDeviceIndication
 .text          0x00000000000aae41      0x259 C:\Users\79222\AppData\Local\Temp\ccpqXFrh.ltrans29.ltrans.o
                0x00000000000aaebd                APP_cbTimerZclTick.7798
                0x00000000000aaefa                APP_vBdbCallback
                0x00000000000aaf50                vNfRetryNwkFormation.108687
                0x00000000000aafcd                vNfDiscoverNwk.108938
 .text          0x00000000000ab09a      0x1dc C:\Users\79222\AppData\Local\Temp\ccpqXFrh.ltrans30.ltrans.o
                0x00000000000ab09a                zps_vSendNextFragment.118074
 .text          0x00000000000ab276       0x3f C:\Users\79222\AppData\Local\Temp\ccpqXFrh.ltrans31.ltrans.o
                0x00000000000ab276                zps_isrMAC
                0x00000000000ab299                AppWarmStart
 .text          0x00000000000ab2b5       0x25 d:/nxp/bstudio_nxp/sdk/tools/ba-elf-ba2-r36379/bin/../lib/gcc/ba-elf/4.7.4/../../../../ba-elf/lib/mcpu_jn51xx_sizeopt\libc.a(lib_a-memcmp.o)
                0x00000000000ab2b5                memcmp
 .text          0x00000000000ab2da       0x19 d:/nxp/bstudio_nxp/sdk/tools/ba-elf-ba2-r36379/bin/../lib/gcc/ba-elf/4.7.4/../../../../ba-elf/lib/mcpu_jn51xx_sizeopt\libc.a(lib_a-memcpy.o)
 .text          0x00000000000ab2f3       0x12 d:/nxp/bstudio_nxp/sdk/tools/ba-elf-ba2-r36379/bin/../lib/gcc/ba-elf/4.7.4/../../../../ba-elf/lib/mcpu_jn51xx_sizeopt\libc.a(lib_a-memset.o)
                0x00000000000ab2f3                memset
 .text          0x00000000000ab305       0x12 d:/nxp/bstudio_nxp/sdk/tools/ba-elf-ba2-r36379/bin/../lib/gcc/ba-elf/4.7.4/../../../../ba-elf/lib/mcpu_jn51xx_sizeopt\libc.a(lib_a-strlen.o)
                0x00000000000ab305                strlen
 .text          0x00000000000ab317       0x2b d:/nxp/bstudio_nxp/sdk/tools/ba-elf-ba2-r36379/bin/../lib/gcc/ba-elf/4.7.4/../../../../ba-elf/lib/mcpu_jn51xx_sizeopt\libc.a(lib_a-strncpy.o)
                0x00000000000ab317                strncpy
 *fill*         0x00000000000ab342        0x2 00
 .text          0x00000000000ab344      0x204 d:/nxp/bstudio_nxp/sdk/tools/ba-elf-ba2-r36379/bin/../lib/gcc/ba-elf/4.7.4/mcpu_jn51xx_sizeopt\libgcc.a(__udivsi3.o)
                0x00000000000ab344                __udivsi3
 .text          0x00000000000ab548       0x30 d:/nxp/bstudio_nxp/sdk/tools/ba-elf-ba2-r36379/bin/../lib/gcc/ba-elf/4.7.4/mcpu_jn51xx_sizeopt\libgcc.a(__divsi3.o)
                0x00000000000ab548                __divsi3
 .text          0x00000000000ab578      0x1b0 d:/nxp/bstudio_nxp/sdk/tools/ba-elf-ba2-r36379/bin/../lib/gcc/ba-elf/4.7.4/mcpu_jn51xx_sizeopt\libgcc.a(__umodsi3.o)
                0x00000000000ab578                __umodsi3
 .text          0x00000000000ab728       0x24 d:/nxp/bstudio_nxp/sdk/tools/ba-elf-ba2-r36379/bin/../lib/gcc/ba-elf/4.7.4/mcpu_jn51xx_sizeopt\libgcc.a(__modsi3.o)
                0x00000000000ab728                __modsi3
 .text          0x00000000000ab74c      0x350 d:/nxp/bstudio_nxp/sdk/tools/ba-elf-ba2-r36379/bin/../lib/gcc/ba-elf/4.7.4/mcpu_jn51xx_sizeopt\libgcc.a(_udivdi3.o)
                0x00000000000ab74c                __udivdi3
 *fill*         0x00000000000aba9c        0x0 00
 .text          0x00000000000aba9c       0x48 d:/NXP/bstudio_nxp/sdk/JN-SW-4170/Components/Library\libPWRM_JN516x.a(pwrm_setjmp_JN516x.o)
                0x00000000000aba9c                setjmp
                0x00000000000abac0                PWRM_longjmp
 .text          0x00000000000abae4       0x27 d:/NXP/bstudio_nxp/sdk/JN-SW-4170/Components/Library\libHardwareApi_JN5169.a(AHI_Interrupt.o)
                0x00000000000abae4                vAHI_InterruptSetPriority
                0x00000000000abb02                vAHI_InterruptSetActivePriorityLevel
 .text.vMicroSyscall
                0x00000000000abb0b       0x17 d:/NXP/bstudio_nxp/sdk/JN-SW-4170/Components/Library\libMicroSpecific_JN516x.a(MicroSyscall_ba.o)
                0x00000000000abb0b                vMicroSyscall
 .text          0x00000000000abb22        0x0 d:/NXP/bstudio_nxp/sdk/JN-SW-4170/Components/Library\libZPSAPL_JN516x.a(zps_apl_version_lc.o)
                0x00000000000abb22                ZPS_APL_Version_3v0
 .text          0x00000000000abb22        0x0 d:/NXP/bstudio_nxp/sdk/JN-SW-4170/Components/Library\libZPSNWK_JN516x.a(zps_nwk_version_lc.o)
                0x00000000000abb22                ZPS_NWK_Version_3v0
                0x00000000000abb22                _flash_end = ABSOLUTE (.)

.rela.dyn       0x00000000000abb24        0x0
 .rela.text     0x0000000000000000        0x0 irq_JN516x.o
 .rela.data     0x0000000000000000        0x0 irq_JN516x.o
 .rela.rodata   0x0000000000000000        0x0 irq_JN516x.o
                0x000000000400004c                . = ORIGIN (ram)

.data           0x000000000400004c      0x644 load address 0x00000000000abb24
                0x000000000400004c                _ram_data_start = ABSOLUTE (.)
 *(.data*)
 .data          0x000000000400004c        0x4 C:\Users\79222\AppData\Local\Temp\ccpqXFrh.ltrans1.ltrans.o
                0x000000000400004c                u32HeapStart
 .data          0x0000000004000050      0x408 C:\Users\79222\AppData\Local\Temp\ccpqXFrh.ltrans3.ltrans.o
                0x0000000004000050                s_keyPairTableStorage.2454
                0x0000000004000098                s_sApl.2402
                0x00000000040001e8                u8AhiBaudRate.200837
                0x00000000040001ec                s_sLedState
                0x00000000040001f8                sZllState
 .data          0x0000000004000458        0x4 C:\Users\79222\AppData\Local\Temp\ccpqXFrh.ltrans4.ltrans.o
                0x0000000004000458                bCanLoopback.118338
 .data          0x000000000400045c        0x1 C:\Users\79222\AppData\Local\Temp\ccpqXFrh.ltrans5.ltrans.o
 *fill*         0x000000000400045d        0x3 00
 .data          0x0000000004000460      0x188 C:\Users\79222\AppData\Local\Temp\ccpqXFrh.ltrans7.ltrans.o
                0x0000000004000460                sCLD_Groups
 .data          0x00000000040005e8        0x6 C:\Users\79222\AppData\Local\Temp\ccpqXFrh.ltrans8.ltrans.o
 .data          0x00000000040005ee        0x1 C:\Users\79222\AppData\Local\Temp\ccpqXFrh.ltrans9.ltrans.o
 *fill*         0x00000000040005ef        0x1 00
 .data          0x00000000040005f0       0x48 C:\Users\79222\AppData\Local\Temp\ccpqXFrh.ltrans11.ltrans.o
                0x00000000040005f0                s_asapduZDPInstances
 .data          0x0000000004000638       0x48 C:\Users\79222\AppData\Local\Temp\ccpqXFrh.ltrans13.ltrans.o
 .data          0x0000000004000680        0x1 C:\Users\79222\AppData\Local\Temp\ccpqXFrh.ltrans20.ltrans.o
                0x0000000004000680                u8MiniMacConfig_MaxConcurrentAssocResponses
 .data          0x0000000004000681        0x1 C:\Users\79222\AppData\Local\Temp\ccpqXFrh.ltrans21.ltrans.o
 .data          0x0000000004000682        0x1 C:\Users\79222\AppData\Local\Temp\ccpqXFrh.ltrans29.ltrans.o
 *fill*         0x0000000004000683        0x1 00
 .data.s_asAPduPool
                0x0000000004000684        0xc pdum_apdu.o
                0x0000000004000684                pdum_apduZDP
                0x0000000004000684                s_asAPduPool
 *(.data.*)
                0x0000000004000690                . = ALIGN (0x4)
                0x0000000004000690                _ram_data_end = ABSOLUTE (.)

.bss            0x0000000004000690     0x4e64 load address 0x00000000000ac168
                0x0000000004000690                _bss_start = ABSOLUTE (.)
 *(.bss*)
 .bss           0x0000000004000690      0x17c C:\Users\79222\AppData\Local\Temp\ccpqXFrh.ltrans0.ltrans.o
                0x0000000004000690                u32BackUpApsChannelMask
                0x0000000004000694                u32ScanChannels
                0x0000000004000698                bDoPrimaryScan
                0x000000000400069c                asTclkStruct
                0x00000000040006ec                pfTKDfunc
                0x00000000040006f0                psZCL_Common
                0x00000000040006f4                bBlackListEnable
                0x00000000040006f5                bResetIssued
                0x00000000040006f6                au8LinkRxBuffer
 .bss           0x000000000400080c       0x10 C:\Users\79222\AppData\Local\Temp\ccpqXFrh.ltrans1.ltrans.o
 .bss           0x000000000400081c       0x50 C:\Users\79222\AppData\Local\Temp\ccpqXFrh.ltrans2.ltrans.o
                0x000000000400081c                sIntStorage.200269
 .bss.initinboot
                0x000000000400086c        0x1 C:\Users\79222\AppData\Local\Temp\ccpqXFrh.ltrans2.ltrans.o
                0x000000000400086c                bMutexTaken.224620
 *fill*         0x000000000400086d        0x3 00
 .bss           0x0000000004000870     0x2d70 C:\Users\79222\AppData\Local\Temp\ccpqXFrh.ltrans3.ltrans.o
                0x0000000004000870                s_sDefaultServerContext.2479
                0x0000000004000878                s_sEndDeviceBindServerContext.2393
                0x00000000040008b8                s_sParentAnnceServerContext.2394
                0x00000000040008c4                s_sMgmtRtgServerContext.2395
                0x00000000040008cc                s_sPermitJoiningServerContext.2396
                0x00000000040008d4                s_sMgmtBindServerContext.2397
                0x00000000040008dc                s_sBindRequestServerContext.2398
                0x000000000400091c                s_sBindUnbindServerContext.2400
                0x000000000400094c                s_sMgmtNWKUpdateServerContext.2401
                0x000000000400098c                s_sMgmtLqiServerContext.2478
                0x0000000004000994                s_sSimpleDescServerContext.2477
                0x000000000400099c                s_sMatchDescServerContext.2476
                0x00000000040009a4                s_sPowerDescServerContext.2475
                0x00000000040009ac                s_sNodeDescServerContext.2474
                0x00000000040009b4                s_sSystemServerDiscoveryServerContext.2473
                0x00000000040009bc                s_sIeeeAddrServerContext.2472
                0x00000000040009c4                s_sNwkAddrServerContext.2471
                0x00000000040009cc                s_sActiveEpServerContext.2470
                0x00000000040009d4                s_sZdoClientContext.2468
                0x00000000040009d4                s_sDeviceAnnceServerContext.2469
                0x00000000040009dc                vFlushFn.200781
                0x00000000040009e0                vPutchFn.200776
                0x00000000040009e4                u8AhiUart.200836
                0x00000000040009e8                prfnbZCLOverrideHandlingEntireProfileCommand.95053
                0x00000000040009ec                APP_msgSerialTx
                0x0000000004000a04                APP_msgAppEvents
                0x0000000004000a1c                APP_msgBdbEvents
                0x0000000004000a38                u64CallbackMacAddress
                0x0000000004000a40                u8HaModeTimer
                0x0000000004000a41                u8TmrToggleLED
                0x0000000004000a42                u8IdTimer
                0x0000000004000a43                bReportSent.16025.3785
                0x0000000004000a44                sMiniMacPib
                0x0000000004000ae0                bCheckChild
                0x0000000004000ae4                uMacDcfmInd
                0x0000000004000b10                sZpsIntStore
                0x0000000004000b14                eFR_State
                0x0000000004000b15                eInitState
                0x0000000004000b16                u8TimerBdbNs
                0x0000000004000b17                eNS_State
                0x0000000004000b18                sStartParams
                0x0000000004000b60                eNF_State
                0x0000000004000b68                sBDB
                0x0000000004000bc0                APP_msgSerialRx
                0x0000000004000bd8                s_u16ActivityCounter
                0x0000000004000bdc                ZTIMER_sCommon.8600
                0x0000000004000be4                bSetPermitJoinForever
                0x0000000004000be5                u8TickTimer
                0x0000000004000be8                sSet
 .bss           0x00000000040035e0       0x88 C:\Users\79222\AppData\Local\Temp\ccpqXFrh.ltrans4.ltrans.o
 .bss           0x0000000004003668       0x14 C:\Users\79222\AppData\Local\Temp\ccpqXFrh.ltrans5.ltrans.o
                0x0000000004003668                bAHI_ExtendedTemperatureOperation
                0x000000000400366c                g_tSpiConfiguration
                0x0000000004003670                sMiniMacIntStore.111461
 .bss           0x000000000400367c        0x3 C:\Users\79222\AppData\Local\Temp\ccpqXFrh.ltrans6.ltrans.o
                0x000000000400367c                u8ApduCount.112671
                0x000000000400367d                u8MaxApdu.112672
                0x000000000400367e                u8JoinedDevice
 .bss           0x000000000400367f       0x1a C:\Users\79222\AppData\Local\Temp\ccpqXFrh.ltrans7.ltrans.o
                0x000000000400367f                au8GroupsAttributeControlBits
                0x0000000004003681                bTimerRegistered.10142.14617
 *fill*         0x0000000004003699        0x3 00
 .bss           0x000000000400369c       0x2c C:\Users\79222\AppData\Local\Temp\ccpqXFrh.ltrans8.ltrans.o
                0x000000000400369c                apvAplPdmRecordsAddress
                0x00000000040036b0                au16AplPdmRecordsSize
                0x00000000040036ba                bIgnoreBroadcast
 .bss           0x00000000040036c8        0x8 C:\Users\79222\AppData\Local\Temp\ccpqXFrh.ltrans9.ltrans.o
                0x00000000040036c8                g_pfTimerExpiryCallback.202732
 .bss           0x00000000040036d0       0x1c C:\Users\79222\AppData\Local\Temp\ccpqXFrh.ltrans10.ltrans.o
                0x00000000040036d0                a16NwkPdmRecordSizes
 .bss           0x00000000040036ec      0x290 C:\Users\79222\AppData\Local\Temp\ccpqXFrh.ltrans11.ltrans.o
 .bss           0x000000000400397c        0x4 C:\Users\79222\AppData\Local\Temp\ccpqXFrh.ltrans12.ltrans.o
                0x000000000400397c                zps_psNwk
 .bss           0x0000000004003980     0x17d8 C:\Users\79222\AppData\Local\Temp\ccpqXFrh.ltrans13.ltrans.o
                0x0000000004003980                gu16NumberOfSegments.224797
                0x0000000004003982                u8MaxNpdu.112574
                0x0000000004003983                u8Count.112573
                0x0000000004003984                s_psNPduPoolEnd.112571
                0x0000000004003988                s_psNPduPoolStart.112570
                0x000000000400398c                s_psFreeListHead.112572
                0x0000000004003990                s_asAPduPool.112670
                0x0000000004003994                psNextWake.112326
                0x0000000004003998                s_bWakeTimerActive.112327
                0x0000000004003999                s_ePowerMode.112328
                0x000000000400399c                pfExtendedStatusCallBack.203236
                0x00000000040039a0                sControlBridge
 .bss           0x0000000004005158        0xc C:\Users\79222\AppData\Local\Temp\ccpqXFrh.ltrans14.ltrans.o
                0x0000000004005158                sMiniMacPhyPib
 .bss           0x0000000004005164       0x10 C:\Users\79222\AppData\Local\Temp\ccpqXFrh.ltrans15.ltrans.o
                0x0000000004005164                psFreeMsgListHead
                0x0000000004005168                pu8ApsSeq
 .bss           0x0000000004005174        0x8 C:\Users\79222\AppData\Local\Temp\ccpqXFrh.ltrans16.ltrans.o
                0x0000000004005174                bDefaultServerIgnoreHandleMgmtUpdate
 .bss           0x000000000400517c        0x1 C:\Users\79222\AppData\Local\Temp\ccpqXFrh.ltrans17.ltrans.o
                0x000000000400517c                u8ScanBeaconsSeen.111521
 *fill*         0x000000000400517d        0x3 00
 .bss           0x0000000004005180       0xd8 C:\Users\79222\AppData\Local\Temp\ccpqXFrh.ltrans18.ltrans.o
                0x0000000004005180                sScanAttemptTimer
                0x000000000400519c                pfnDataReqCallback
                0x00000000040051a0                psTimerServerList
                0x00000000040051a4                gMAC_u8MaxBuffers
                0x00000000040051a8                aprTimerCallback
                0x00000000040051c8                au32TimerCounter
                0x00000000040051e8                sMiniMacInternal
                0x0000000004005214                s_prExpireFn.225024
 .bss           0x0000000004005258       0x48 C:\Users\79222\AppData\Local\Temp\ccpqXFrh.ltrans19.ltrans.o
                0x0000000004005258                psBeaconFilter
                0x000000000400525c                psNwkDescriptors.125572
                0x0000000004005260                g_u8Networks.125573
                0x0000000004005261                bZpsMyLastJoinWasRejoin.125575
                0x0000000004005262                u8TimerBdbRejoin
                0x0000000004005264                sNvmDefsStruct
 .bss           0x00000000040052a0      0x1a4 C:\Users\79222\AppData\Local\Temp\ccpqXFrh.ltrans20.ltrans.o
                0x00000000040052a0                sThisDeviceMacAddr
                0x00000000040052a8                s_u32x.198537
                0x00000000040052ac                psShadowRxBuffer
                0x00000000040052b0                pvRxStore
                0x00000000040052b4                pvTxStore
                0x00000000040052b8                pasTxFrame
                0x00000000040052bc                g_pvAplHandle
                0x00000000040052c0                s_sDcfmIndMgr.111484
                0x00000000040052c8                prAppMlmeGetBuffer
                0x00000000040052cc                prAppMlmeCallback
                0x00000000040052d0                s_pvAplHandle.112233
                0x00000000040052d4                s_prMcpsCallBack.112231
                0x00000000040052d8                s_prMlmeCallBack.112232
                0x00000000040052dc                u8MiniMac_RunTimeOptions
                0x00000000040052e0                s_groupTablePdmStorage.2570
 .bss           0x0000000004005444        0xc C:\Users\79222\AppData\Local\Temp\ccpqXFrh.ltrans21.ltrans.o
                0x0000000004005444                prIntHandler.223353
 .bss.initinboot
                0x0000000004005450        0x1 C:\Users\79222\AppData\Local\Temp\ccpqXFrh.ltrans21.ltrans.o
 *fill*         0x0000000004005451        0x7 00
 .bss           0x0000000004005458       0x10 C:\Users\79222\AppData\Local\Temp\ccpqXFrh.ltrans22.ltrans.o